Archive member included because of file (symbol)

../../../../sdk/JN-SW-4170/Components/Library\libZPSMAC_Mini_SOC_JN516x.a(zps_mac_shim.o)
                              zps_gen.o (symbol from plugin) (APP_bMultimaskJoinCallBack)
../../../../sdk/JN-SW-4170/Components/Library\libZPSMAC_Mini_SOC_JN516x.a(zps_miniMac.o)
                              zps_mac_shim.o (symbol from plugin) (zps_eSocMacSetTxBuffers)
../../../../sdk/JN-SW-4170/Components/Library\libZPSMAC_Mini_SOC_JN516x.a(zps_mac_common.o)
                              zps_mac_shim.o (symbol from plugin) (g_u8LegacyBeaconPayloadLen)
../../../../sdk/JN-SW-4170/Components/Library\libZPSMAC_Mini_SOC_JN516x.a(zps_mac_ie.o)
                              zps_mac_common.o (symbol from plugin) (zps_u8MacIECopyZigbeePayloadSubIE)
../../../../sdk/JN-SW-4170/Components/Library\libPWRM_JN516x.a(pwrm.o)
                              app_start.o (symbol from plugin) (PWRM_vInit)
../../../../sdk/JN-SW-4170/Components/Library\libPWRM_JN516x.a(pwrm_setjmp_JN516x.o)
                              pwrm.o (symbol from plugin) (setjmp)
../../../../sdk/JN-SW-4170/Components/Library\libPWRM_JN516x.a(pwrm_cold_start.o)
                              (AppColdStart)
../../../../sdk/JN-SW-4170/Components/Library\libPWRM_JN516x.a(pwrm_warm_start.o)
                              (AppWarmStart)
../../../../sdk/JN-SW-4170/Components/Library\libPDUM_JN516x.a(pdum_nwk.o)
                              zps_miniMac.o (symbol from plugin) (PDUM_eNPduAllocate)
../../../../sdk/JN-SW-4170/Components/Library\libPDUM_JN516x.a(pdum_apl.o)
                              appZdpExtraction.o (symbol from plugin) (PDUM_u16APduInstanceReadNBO)
../../../../sdk/JN-SW-4170/Components/Library\libPDUM_JN516x.a(pdum.o)
                              pdum_nwk.o (symbol from plugin) (PDUM_u16SizeNBO)
../../../../sdk/JN-SW-4170/Components/Library\libZPSAPL_JN516x.a(zps_apl_inl.o)
                              zps_mac_ie.o (symbol from plugin) (ZPS_pu8AplZdoGetVsOUI)
../../../../sdk/JN-SW-4170/Components/Library\libZPSAPL_JN516x.a(zps_apl_af.o)
                              app_router.o (symbol from plugin) (ZPS_eAplAfInit)
../../../../sdk/JN-SW-4170/Components/Library\libZPSAPL_JN516x.a(zps_apl_af_apsde.o)
                              zps_gen.o (symbol from plugin) (zps_vHandleApsdeDataFragIndNotSupported)
../../../../sdk/JN-SW-4170/Components/Library\libZPSAPL_JN516x.a(zps_apl_task.o)
                              zps_apl_af_apsde.o (symbol from plugin) (zps_vAplAfPostEvent)
../../../../sdk/JN-SW-4170/Components/Library\libZPSAPL_JN516x.a(zps_apl_apsde.o)
                              zps_apl_task.o (symbol from plugin) (ZPS_vAplRegisterApsdeDcfmIndCallbacks)
../../../../sdk/JN-SW-4170/Components/Library\libZPSAPL_JN516x.a(zps_apl_apsme.o)
                              zps_apl_task.o (symbol from plugin) (ZPS_vAplRegisterApsmeDcfmIndCallbacks)
../../../../sdk/JN-SW-4170/Components/Library\libZPSAPL_JN516x.a(zps_apl_aps_nlde.o)
                              zps_apl_task.o (symbol from plugin) (zps_vAplApsHandleNldeDcfmInd)
../../../../sdk/JN-SW-4170/Components/Library\libZPSAPL_JN516x.a(zps_apl_sec.o)
                              zps_apl_apsme.o (symbol from plugin) (zps_vGenerateHashForVerifiedKey)
../../../../sdk/JN-SW-4170/Components/Library\libZPSAPL_JN516x.a(zps_apl_aib.o)
                              app_router.o (symbol from plugin) (zps_psAplAibGetAib)
../../../../sdk/JN-SW-4170/Components/Library\libZPSAPL_JN516x.a(zps_apl_zdo_nwkmanager.o)
                              zps_apl_apsme.o (symbol from plugin) (zps_vAplSaveRecord)
../../../../sdk/JN-SW-4170/Components/Library\libZPSAPL_JN516x.a(zps_apl_zdo_handle_zdp_event.o)
                              zps_apl_task.o (symbol from plugin) (zps_bAplZdoHandleZdpEvent)
../../../../sdk/JN-SW-4170/Components/Library\libZPSAPL_JN516x.a(zps_apl_zdo_trust_center.o)
                              zps_apl_inl.o (symbol from plugin) (zps_eAplTrustCenterFindDevice)
../../../../sdk/JN-SW-4170/Components/Library\libZPSAPL_JN516x.a(zps_apl_zdo_common.o)
                              zps_apl_zdo_nwkmanager.o (symbol from plugin) (zps_eAplZdoNlmeleaveWrapper)
../../../../sdk/JN-SW-4170/Components/Library\libZPSAPL_JN516x.a(zps_apl_zdo_group.o)
                              zps_apl_inl.o (symbol from plugin) (zps_eAplZdoGroupEndpointAdd)
../../../../sdk/JN-SW-4170/Components/Library\libZPSAPL_JN516x.a(zps_apl_zdo_default_server.o)
                              zps_gen.o (symbol from plugin) (zps_vAplZdoDefaultServerInit)
../../../../sdk/JN-SW-4170/Components/Library\libZPSAPL_JN516x.a(zps_apl_zdo_bind_manager.o)
                              zps_apl_inl.o (symbol from plugin) (zps_eAplZdoBind)
../../../../sdk/JN-SW-4170/Components/Library\libZPSAPL_JN516x.a(zps_apl_mac_isr.o)
                              zps_apl_zdo_nwkmanager.o (symbol from plugin) (zps_vAplAfIsrInit)
../../../../sdk/JN-SW-4170/Components/Library\libZPSAPL_JN516x.a(zps_apl_zdo_nwk_addr_server.o)
[...]
Memory Configuration

Name             Origin             Length             Attributes
flash            0x0000000000080000 0x0000000000080000
ram              0x000000000400004c 0x0000000000007fb4
*default*        0x0000000000000000 0xffffffffffffffff

Linker script and memory map

                0x0000000000001388                __stack_size = 0x1388
                0x00000000000007d0                __minimum_heap_size = 0x7d0
START GROUP
LOAD irq_JN516x.o
LOAD portasm_JN516x.o
LOAD port_JN516x.o
LOAD C:\Users\okaya\AppData\Local\Temp\cc0i0mPL.ltrans0.ltrans.o
LOAD C:\Users\okaya\AppData\Local\Temp\cc0i0mPL.ltrans1.ltrans.o
LOAD C:\Users\okaya\AppData\Local\Temp\cc0i0mPL.ltrans2.ltrans.o
LOAD C:\Users\okaya\AppData\Local\Temp\cc0i0mPL.ltrans3.ltrans.o
LOAD C:\Users\okaya\AppData\Local\Temp\cc0i0mPL.ltrans4.ltrans.o
LOAD C:\Users\okaya\AppData\Local\Temp\cc0i0mPL.ltrans5.ltrans.o
LOAD C:\Users\okaya\AppData\Local\Temp\cc0i0mPL.ltrans6.ltrans.o
LOAD C:\Users\okaya\AppData\Local\Temp\cc0i0mPL.ltrans7.ltrans.o
LOAD C:\Users\okaya\AppData\Local\Temp\cc0i0mPL.ltrans8.ltrans.o
LOAD C:\Users\okaya\AppData\Local\Temp\cc0i0mPL.ltrans9.ltrans.o
LOAD C:\Users\okaya\AppData\Local\Temp\cc0i0mPL.ltrans10.ltrans.o
LOAD C:\Users\okaya\AppData\Local\Temp\cc0i0mPL.ltrans11.ltrans.o
LOAD C:\Users\okaya\AppData\Local\Temp\cc0i0mPL.ltrans12.ltrans.o
LOAD C:\Users\okaya\AppData\Local\Temp\cc0i0mPL.ltrans13.ltrans.o
LOAD C:\Users\okaya\AppData\Local\Temp\cc0i0mPL.ltrans14.ltrans.o
LOAD C:\Users\okaya\AppData\Local\Temp\cc0i0mPL.ltrans15.ltrans.o
LOAD C:\Users\okaya\AppData\Local\Temp\cc0i0mPL.ltrans16.ltrans.o
LOAD C:\Users\okaya\AppData\Local\Temp\cc0i0mPL.ltrans17.ltrans.o
LOAD C:\Users\okaya\AppData\Local\Temp\cc0i0mPL.ltrans18.ltrans.o
LOAD C:\Users\okaya\AppData\Local\Temp\cc0i0mPL.ltrans19.ltrans.o
LOAD C:\Users\okaya\AppData\Local\Temp\cc0i0mPL.ltrans20.ltrans.o
LOAD C:\Users\okaya\AppData\Local\Temp\cc0i0mPL.ltrans21.ltrans.o
LOAD C:\Users\okaya\AppData\Local\Temp\cc0i0mPL.ltrans22.ltrans.o
LOAD C:\Users\okaya\AppData\Local\Temp\cc0i0mPL.ltrans23.ltrans.o
LOAD C:\Users\okaya\AppData\Local\Temp\cc0i0mPL.ltrans24.ltrans.o
LOAD C:\Users\okaya\AppData\Local\Temp\cc0i0mPL.ltrans25.ltrans.o
LOAD C:\Users\okaya\AppData\Local\Temp\cc0i0mPL.ltrans26.ltrans.o
LOAD C:\Users\okaya\AppData\Local\Temp\cc0i0mPL.ltrans27.ltrans.o
LOAD C:\Users\okaya\AppData\Local\Temp\cc0i0mPL.ltrans28.ltrans.o
LOAD C:\Users\okaya\AppData\Local\Temp\cc0i0mPL.ltrans29.ltrans.o
LOAD C:\Users\okaya\AppData\Local\Temp\cc0i0mPL.ltrans30.ltrans.o
LOAD C:\Users\okaya\AppData\Local\Temp\cc0i0mPL.ltrans31.ltrans.o
LOAD c:/nxp/bstudio_nxp/sdk/tools/ba-elf-ba2-r36379/bin/../lib/gcc/ba-elf/4.7.4/../../../../ba-elf/lib/mcpu_jn51xx_sizeopt\libc.a
LOAD c:/nxp/bstudio_nxp/sdk/tools/ba-elf-ba2-r36379/bin/../lib/gcc/ba-elf/4.7.4/mcpu_jn51xx_sizeopt\libgcc.a
LOAD c:/nxp/bstudio_nxp/sdk/tools/ba-elf-ba2-r36379/bin/../lib/gcc/ba-elf/4.7.4/../../../../ba-elf/lib/mcpu_jn51xx_sizeopt\libc.a
LOAD pdum_gen.o
LOAD pdum_apdu.o
LOAD zps_gen.o
LOAD app_start.o
LOAD app_router.o
LOAD app_endpoint.o
LOAD appZdpExtraction.o
LOAD appZpsBeaconHandler.o
LOAD app_pdm.o
LOAD Utils.o
LOAD ZQueue.o
LOAD ZTimer.o
LOAD app_zps_link_keys.o
LOAD ../../../../sdk/JN-SW-4170/Components/Library\libJPT_JN5169.a
LOAD ../../../../sdk/JN-SW-4170/Components/Library\libZPSMAC_Mini_SOC_JN516x.a
LOAD ../../../../sdk/JN-SW-4170/Components/Library\libPWRM_JN516x.a
LOAD ../../../../sdk/JN-SW-4170/Components/Library\libZPSTSV_JN516x.a
LOAD ../../../../sdk/JN-SW-4170/Components/Library\libAES_SW_JN516x.a
LOAD ../../../../sdk/JN-SW-4170/Components/Library\libPDUM_JN516x.a
LOAD ../../../../sdk/JN-SW-4170/Components/Library\libZPSAPL_JN516x.a
LOAD ../../../../sdk/JN-SW-4170/Components/Library\libRandom_JN516x.a
LOAD ../../../../sdk/JN-SW-4170/Components/Library\libPDM_EEPROM_NO_RTOS_JN516x.a
LOAD ../../../../sdk/JN-SW-4170/Components/Library\libDBG_JN516x.a
LOAD ../../../../sdk/JN-SW-4170/Components/Library\libZPSNWK_JN516x.a
LOAD ../../../../sdk/JN-SW-4170/Components/Library\libMiniMac_JN5169.a
LOAD ../../../../sdk/JN-SW-4170/Components/Library\libMiniMacShim_JN516x.a
LOAD ../../../../sdk/JN-SW-4170/Components/Library\libMMAC_JN5169.a
LOAD ../../../../sdk/JN-SW-4170/Components/Library\libJPT_JN5169.a
LOAD ../../../../sdk/JN-SW-4170/Components/Library\libAes_JN516x.a
LOAD ../../../../sdk/JN-SW-4170/Components/Library\libHardwareApi_JN5169.a
LOAD ../../../../sdk/JN-SW-4170/Components/Library\libMicroSpecific_JN516x.a
LOAD ../../../../sdk/JN-SW-4170/Components/Library\libBoot_JN516x.a
LOAD ../../../../sdk/JN-SW-4170/Platform/DK4/Library\libBoardLib_JN516x.a
END GROUP
LOAD c:/nxp/bstudio_nxp/sdk/tools/ba-elf-ba2-r36379/bin/../lib/gcc/ba-elf/4.7.4/../../../../ba-elf/lib/mcpu_jn51xx_sizeopt\libc.a
LOAD c:/nxp/bstudio_nxp/sdk/tools/ba-elf-ba2-r36379/bin/../lib/gcc/ba-elf/4.7.4/mcpu_jn51xx_sizeopt\libgcc.a
LOAD c:/nxp/bstudio_nxp/sdk/tools/ba-elf-ba2-r36379/bin/../lib/gcc/ba-elf/4.7.4/../../../../ba-elf/lib/mcpu_jn51xx_sizeopt\libc.a
                0x0000000000080038                exception_vsr_table = 0x80038
                0x0000000004000000                pSPIflashFncTable = 0x4000000
                0x0000000000000044                restore_state = 0x44
                0x000000000000004a                bZSPIWaitWIPClear = 0x4a
                0x0000000000000050                u16ZSPIflashRDID = 0x50
                0x0000000000000056                u8SelectFlashChipType = 0x56
                0x000000000000005c                memcpy = 0x5c
                0x0000000000000066                vBootFlashProg = 0x66
                [0x00000000000007d0]                __minimum_heap_size = DEFINED (__minimum_heap_size)?__minimum_heap_size:0xd16
                [0x0000000000001388]                __stack_size = DEFINED (__stack_size)?__stack_size:0x800
                0x0000000000000000                _SwConfig = (DEFINED (g_bSWConf_Debug) | (DEFINED (g_bSWConf_AltDebugPort) << 0x1))

.version        0x000000000007fffc        0x4
                0x000000000007fffc        0x4 LONG 0xf03000b

.bir            0x0000000000080000       0x10
                0x0000000000080000                _flash_start = ABSOLUTE (.)
                0x0000000000080000                _flash_beg = ABSOLUTE (.)
                0x0000000000080000        0x4 LONG 0x12345678
                0x0000000000080004        0x4 LONG 0x11223344
                0x0000000000080008        0x4 LONG 0x55667788
                0x000000000008000c        0x1 BYTE 0x8
                0x000000000008000d        0x1 BYTE 0x1
                0x000000000008000e        0x2 SHORT 0x0

.flashheader    0x0000000000080010       0x28
                0x0000000000080010        0x4 LONG 0x0
                0x0000000000080014        0x4 LONG 0x0
                0x0000000000080018        0x4 LONG 0x0
                0x000000000008001c        0x2 SHORT 0x0
                0x000000000008001e        0x2 SHORT 0x0 ABSOLUTE (_SwConfig)
                0x0000000000080020                _enc_start = ABSOLUTE (.)
                0x0000000000080020        0x4 LONG 0x1b574 ABSOLUTE (_image_len)
                0x0000000000080024        0x4 LONG 0x9b0dc ABSOLUTE (_flash_data_start)
                0x0000000000080028        0x2 SHORT 0x13 ((ABSOLUTE (_ram_data_start) / 0x4) & 0xffff)
                0x000000000008002a        0x2 SHORT 0x126 ((ABSOLUTE (_ram_data_len) / 0x4) & 0xffff)
                0x000000000008002c        0x2 SHORT 0x139 ((ABSOLUTE (_bss_start) / 0x4) & 0xffff)
                0x000000000008002e        0x2 SHORT 0xb2b ((ABSOLUTE (_bss_len) / 0x4) & 0xffff)
                0x0000000000080030        0x4 LONG 0x9ac2a ABSOLUTE (AppWarmStart)
                0x0000000000080034        0x4 LONG 0x8132c ABSOLUTE (AppColdStart)
                0x0000000000000000                _enc_offset = (_enc_start & 0xf)

.ro_mac_address
                0x0000000000080040        0x0
                0x0000000000080040                _FlsMACAddress = ABSOLUTE (.)
 *(.ro_mac_address)
                0x0000000000080040                . = ALIGN (0x10)

.ro_ota_header  0x0000000000080040        0x0
                0x0000000000080040                _FlsOtaHeader = ABSOLUTE (.)
 *(.ro_ota_header)
                0x0000000000080040                . = ALIGN (0x10)

.ro_se_lnkKey   0x0000000000080040        0x0
                0x0000000000080040                _FlsLinkKey = ABSOLUTE (.)
 *(.ro_se_lnkKey)
                0x0000000000080040                . = ALIGN (0x10)

.rodata         0x0000000000080038     0x11d1
 *(.rodata*)
 .rodata.str1.1
                0x0000000000080038       0xa5 C:\Users\okaya\AppData\Local\Temp\cc0i0mPL.ltrans0.ltrans.o
 *fill*         0x00000000000800dd        0x3 00
 .rodata        0x00000000000800e0      0x3e8 C:\Users\okaya\AppData\Local\Temp\cc0i0mPL.ltrans0.ltrans.o
                0x0000000000080100                psAplDefaultDistributedAPSLinkKey
                0x0000000000080104                au32UartAddrOffset
                0x000000000008010c                g_u32ApsFcSaveCountBitShift
                0x0000000000080110                u8MaxZpsConfigEp
                0x0000000000080111                au8EpMapPresent
                0x0000000000080114                s_groupPdmTable
                0x000000000008011c                zps_g_pvApl
                0x0000000000080120                pwrm_psWakeupCallbacks
 .rodata.str1.1
                0x00000000000804c8      0x614 C:\Users\okaya\AppData\Local\Temp\cc0i0mPL.ltrans1.ltrans.o
                                        0x627 (size before relaxing)
 .rodata        0x0000000000080adc      0x1cc C:\Users\okaya\AppData\Local\Temp\cc0i0mPL.ltrans1.ltrans.o
                0x0000000000080adc                zps_pacNwkFrmStdByteFmt
                0x0000000000080ae0                zps_pacNwkFrmStdLongFmt
                0x0000000000080ae4                zps_pacNwkFrmStdHalfFmt
 .rodata.str1.1
                0x0000000000080ca8       0x1c C:\Users\okaya\AppData\Local\Temp\cc0i0mPL.ltrans2.ltrans.o
                                         0x34 (size before relaxing)
 .rodata        0x0000000000080cc4       0x30 C:\Users\okaya\AppData\Local\Temp\cc0i0mPL.ltrans3.ltrans.o
 .rodata.str1.1
                0x0000000000000000        0x8 C:\Users\okaya\AppData\Local\Temp\cc0i0mPL.ltrans3.ltrans.o
 .rodata        0x0000000000080cf4       0x10 C:\Users\okaya\AppData\Local\Temp\cc0i0mPL.ltrans5.ltrans.o
                0x0000000000080cf4                au8FlashWaitStatesHSRCO.154334
                0x0000000000080cfc                au8FlashWaitStates32MXO.154333
 .rodata.str1.1
                0x0000000000000000       0x1c C:\Users\okaya\AppData\Local\Temp\cc0i0mPL.ltrans6.ltrans.o
                                          0x3 (size before relaxing)
 .rodata        0x0000000000080d04       0x6b C:\Users\okaya\AppData\Local\Temp\cc0i0mPL.ltrans6.ltrans.o
 .rodata.str1.1
                0x0000000000080d6f      0x133 C:\Users\okaya\AppData\Local\Temp\cc0i0mPL.ltrans7.ltrans.o
                                        0x137 (size before relaxing)
 .rodata.str1.1
                0x0000000000000000        0xb C:\Users\okaya\AppData\Local\Temp\cc0i0mPL.ltrans8.ltrans.o
 .rodata.str1.1
                0x0000000000080ea2        0x6 C:\Users\okaya\AppData\Local\Temp\cc0i0mPL.ltrans9.ltrans.o
                                         0x15 (size before relaxing)
 .rodata        0x0000000000080ea8       0x10 C:\Users\okaya\AppData\Local\Temp\cc0i0mPL.ltrans10.ltrans.o
 .rodata.str1.1
                0x0000000000080eb8        0x3 C:\Users\okaya\AppData\Local\Temp\cc0i0mPL.ltrans11.ltrans.o
                                          0x7 (size before relaxing)
 .rodata        0x0000000000080ebb        0x6 C:\Users\okaya\AppData\Local\Temp\cc0i0mPL.ltrans11.ltrans.o
 .rodata.str1.1
                0x0000000000080ec1        0xb C:\Users\okaya\AppData\Local\Temp\cc0i0mPL.ltrans13.ltrans.o
                                         0x17 (size before relaxing)
 .rodata.str1.1
                0x0000000000000000        0xb C:\Users\okaya\AppData\Local\Temp\cc0i0mPL.ltrans16.ltrans.o
                                          0x4 (size before relaxing)
 .rodata        0x0000000000080ecc       0xa4 C:\Users\okaya\AppData\Local\Temp\cc0i0mPL.ltrans18.ltrans.o
                0x0000000000080ecc                s_aprActvStHandleCme.141208
                0x0000000000080ef8                s_aprIdleStHandleCme.145306
                0x0000000000080f0c                CSWTCH.16.7391.7391
                0x0000000000080f2c                g_bExternalPermitJoinControl
                0x0000000000080f2d                CSWTCH.19.7392.7392
                0x0000000000080f4d                CSWTCH.22.7393.7393
 .rodata.str1.1
                0x0000000000000000        0xb C:\Users\okaya\AppData\Local\Temp\cc0i0mPL.ltrans19.ltrans.o
 .rodata.str1.1
                0x0000000000000000        0x3 C:\Users\okaya\AppData\Local\Temp\cc0i0mPL.ltrans20.ltrans.o
 .rodata        0x0000000000080f70       0x8c C:\Users\okaya\AppData\Local\Temp\cc0i0mPL.ltrans20.ltrans.o
                0x0000000000080f70                ZPS_g_u32MacVersion
                0x0000000000080f74                PDUM_g_u32Version
                0x0000000000080f78                ZPS_g_u32TsvVersion
 .rodata.str1.1
                0x0000000000080ffc       0x5e C:\Users\okaya\AppData\Local\Temp\cc0i0mPL.ltrans21.ltrans.o
                                         0x7a (size before relaxing)
 .rodata.str1.1
                0x0000000000000000        0x3 C:\Users\okaya\AppData\Local\Temp\cc0i0mPL.ltrans22.ltrans.o
 *fill*         0x000000000008105a        0x2 00
 .rodata        0x000000000008105c       0x5c C:\Users\okaya\AppData\Local\Temp\cc0i0mPL.ltrans22.ltrans.o
                0x000000000008105c                g_u32NwkFcSaveCountBitShift
 .rodata.str1.1
                0x0000000000000000       0x5e C:\Users\okaya\AppData\Local\Temp\cc0i0mPL.ltrans23.ltrans.o
                                          0x4 (size before relaxing)
 .rodata.str1.1
                0x00000000000810b8        0x5 C:\Users\okaya\AppData\Local\Temp\cc0i0mPL.ltrans24.ltrans.o
                                          0xa (size before relaxing)
 *fill*         0x00000000000810bd        0x3 00
 .rodata        0x00000000000810c0       0x3c C:\Users\okaya\AppData\Local\Temp\cc0i0mPL.ltrans24.ltrans.o
                0x00000000000810c0                au32EndDeviceTimeoutConstants
 .rodata.str1.1
                0x00000000000810fc        0x6 C:\Users\okaya\AppData\Local\Temp\cc0i0mPL.ltrans25.ltrans.o
 *fill*         0x0000000000081102        0x2 00
 .rodata        0x0000000000081104       0x18 C:\Users\okaya\AppData\Local\Temp\cc0i0mPL.ltrans25.ltrans.o
                0x0000000000081104                au32NwkPdmRecordOffsets
 .rodata.str1.1
                0x000000000008111c        0x7 C:\Users\okaya\AppData\Local\Temp\cc0i0mPL.ltrans26.ltrans.o
                                         0x11 (size before relaxing)
 .rodata.str1.1
                0x0000000000081123       0x32 C:\Users\okaya\AppData\Local\Temp\cc0i0mPL.ltrans27.ltrans.o
                                         0x60 (size before relaxing)
 .rodata.str1.1
                0x0000000000000000        0x6 C:\Users\okaya\AppData\Local\Temp\cc0i0mPL.ltrans29.ltrans.o
 .rodata.str1.1
                0x0000000000081155       0xb4 C:\Users\okaya\AppData\Local\Temp\cc0i0mPL.ltrans30.ltrans.o

.text           0x000000000008120c    0x19ecf
 *(.text*)
 .text          0x000000000008120c       0x50 irq_JN516x.o
                0x000000000008120c                PIC_ChannelPriorities
                0x000000000008121c                PIC_SwVectTable
 .text          0x000000000008125c       0xd0 portasm_JN516x.o
                0x000000000008125c                OSMIUM_HwVectTable
                0x0000000000081298                vExternalException
 .text          0x000000000008132c     0x19b8 C:\Users\okaya\AppData\Local\Temp\cc0i0mPL.ltrans0.ltrans.o
                0x000000000008132c                AppColdStart
 .text          0x0000000000082ce4     0x1884 C:\Users\okaya\AppData\Local\Temp\cc0i0mPL.ltrans1.ltrans.o
                0x0000000000082ce4                app_vMainloop
 .text          0x0000000000084568     0x11dc C:\Users\okaya\AppData\Local\Temp\cc0i0mPL.ltrans2.ltrans.o
                0x0000000000084568                vPostNldeDcfmInd.12521
 .text          0x0000000000085744     0x11d1 C:\Users\okaya\AppData\Local\Temp\cc0i0mPL.ltrans3.ltrans.o
                0x0000000000085782                vMMAC_IntHandlerBbc
                0x000000000008579c                eBasicTxCompleteHandler
                0x00000000000857a1                vTxRxTimeout.152633
                0x00000000000857fe                vMacMlmeCallBackHandler.5423
                0x0000000000085ad4                zps_eNwkHandleSmePollDcfm
                0x0000000000085afe                bAHI_FullFlashRead.constprop.106
                0x0000000000085bb9                zps_bAreCredPresent
                0x0000000000085c99                ZTIMER_eStart.part.3.5340.constprop.100
                0x0000000000085cec                vMiniMac_MLME_SetReq_PanId
                0x0000000000085d29                vMiniMac_MLME_SetReq_ShortAddr
                0x0000000000085d37                ZPS_u8MacPibGetBeaconPayload.constprop.75
                0x0000000000085d53                ZPS_vGetDeviceCurrentData.constprop.74
                0x0000000000085dd2                pvHeap_Alloc.constprop.43
                0x0000000000085dd7                zps_bAplZdoServerHandleConfirmAcks.constprop.8
                0x0000000000085e21                ZPS_eTsvStop
                0x0000000000085e60                zps_vAplApsStopPollTimer.part.2.15007
                0x0000000000085ee7                ZPS_vDefaultApsdeResources
                0x0000000000085f55                ZPS_vResetBoundServerContext
                0x0000000000085f58                eEdTimeoutRequestDataDcfm.132338
                0x0000000000085f79                ZPS_u8GetChannelOffset
                0x0000000000085fab                vMicroIntRestoreState
                0x0000000000085fb7                PDM_vExitCriticalSection
                0x0000000000085fda                bAHI_WriteEEPROMfixSegmentData
                0x0000000000086038                bAHI_InitialiseEEPROM
                0x0000000000086080                vAHI_ReadDataFromEEPROMregister
                0x00000000000860ad                vAHI_WriteDataIntoEEPROMregister
                0x00000000000860dd                iPDM_WriteSegmentHeaderDataIntoEEPROMsegment
                0x000000000008610c                u8AHI_WakeTimerFiredStatus
                0x0000000000086120                vAHI_WakeTimerStop.part.3.154828
                0x0000000000086140                vAHI_OptimiseWaitStates
                0x000000000008618c                bAHI_GetClkSource
                0x0000000000086199                vEcbEncodeStripe.154082
                0x00000000000861f0                bIssueACIcommand
                0x0000000000086286                AESSW_vMMOBlockUpdate
                0x00000000000862f8                AESSW_vMMOFinalUpdate
                0x00000000000863ba                zps_pvAesGetKeyFromInstallCode
                0x0000000000086440                zps_vAplSecSetInitialSecurityState.constprop.53
                0x0000000000086565                i16JPT_ConvertEnergyTodBm
                0x0000000000086577                MAC_u64GetExtAddr
                0x0000000000086592                ZPS_u64NwkNibFindExtAddr
                0x0000000000086638                psSearchForFrameToSend
                0x000000000008668f                eMiniMac_FrameInProgress
                0x00000000000866ba                vRemoveFromTxQueue
                0x00000000000866f6                vAddToTxQueue
                0x000000000008672c                u8GetHeaderSize
                0x0000000000086754                vMiniMac_PLME_SetReq_CcaMode
                0x0000000000086768                vMiniMac_MLME_SetReq_MaxCsmaBackoffs
                0x0000000000086788                vMiniMac_MLME_SetReq_MaxBe
                0x00000000000867ab                vMiniMac_MLME_SetReq_MinBe
                0x00000000000867ce                zps_vSendJoinInd
                0x000000000008683d                zps_psFormatCmdFrameGeneral
                0x00000000000868e9                zps_eNwkFormStInit
 .text          0x0000000000086915     0x16bd C:\Users\okaya\AppData\Local\Temp\cc0i0mPL.ltrans4.ltrans.o
                0x0000000000086915                eSmeUDNTScanDcfm.142544
                0x0000000000086931                vNwkMcpsTimerCallback
                0x000000000008694b                zps_eSceGenlIllegal
                0x0000000000086952                zps_eSmeGenlIllegal
                0x0000000000086959                vPostMcpsDcfmInd.31363
                0x000000000008695c                psGetVsMcpsBuf.31367
                0x0000000000086965                psGetMlmeBuf.31353
                0x000000000008696e                psGetMcpsBuf.31360
                0x0000000000086977                zps_vExpireRequestKeyReq.22214
                0x00000000000869b3                bCheckMatchingEntry.143296
                0x00000000000869d9                zps_psNwkSlistRemoveFromHead
                0x00000000000869f0                zps_psNwkSlistRemove
                0x0000000000086a28                zps_bNwkMcpsMgrRemoveDescrFromLists
                0x0000000000086a66                zps_vNwkSlistAddToTail
                0x0000000000086a80                zps_vNwkMcpsMgrFreeReqDescr
                0x0000000000086ab5                zps_vNwkRemoveConflictedBroadcast
                0x0000000000086b0a                ZPS_bNwkSecHaveNetworkKey
                0x0000000000086b3e                ZPS_bNwkSecFindMatSet
                0x0000000000086b7a                zps_eNwkRctMatchNwkAddr
                0x0000000000086be4                ZPS_u8NwkCalcNldeReqOverhead
                0x0000000000086c1f                zps_vRemoveNextHop
                0x0000000000086cd4                zps_vRemoveRoute
                0x0000000000086d6b                zps_psNwkRtMatchNwkAddr
                0x0000000000086de1                zps_vNwkFreeMcpsHandle
                0x0000000000086e0b                zps_u8NwkAllocateMcpsHandle
                0x0000000000086e5c                zps_psNwkMcpsMgrFindPendingByNwkDstAddr
                0x0000000000086e72                ZPS_u64NwkNibGetMappedIeeeAddr
                0x0000000000086ea2                ZPS_vNwkSecResetDevice
                0x0000000000086eea                ZPS_bNwkNibNtActvMatch
                0x0000000000086f9c                bCheckNwkAddr
                0x0000000000086fe5                zps_eAplTrustCenterFindDevice
                0x0000000000087029                ZPS_vSetExtendedStatus
                0x000000000008703b                zps_eNwkRtMatch
                0x0000000000087148                eAllocateNPDU.7654
                0x00000000000871ab                PDUM_eNPduClone
                0x00000000000871f7                PDUM_hAPduAllocateAPduInstance
                0x0000000000087251                zps_eAplZdoSendZdpResponse
                0x000000000008729a                zps_bAplZdoMgmtLqiServer
                0x00000000000874cf                zps_bAplZdoMgmtRtgServer
                0x000000000008760f                bSendResponse.50746
                0x0000000000087652                zps_psApsApsAllocateDcfmRecord
                0x00000000000876c0                zps_u8CalcLinkCost
                0x00000000000876fc                ZPS_u8NwkNibNtDiscMatch
                0x00000000000877e0                zps_u8NwkLibChannelLow
                0x00000000000877ef                zps_u64NwkLibFromPayload
                0x000000000008782e                psAddToDiscNt.143092
                0x00000000000879ca                eSmeUDNTBeaconInd.143099
                0x00000000000879ef                zps_vNwkLibU64ToPayload
                0x0000000000087a1c                zps_eNwkDcfmIndPost
                0x0000000000087a3e                zps_psNwkDcfmIndGetBuf
                0x0000000000087a60                vSendDcfm.143847
                0x0000000000087a84                eSmeEdScScanDcfm.143103
                0x0000000000087acd                eSmeGenlScanDcfm.143107
                0x0000000000087b2b                zps_eNwkHandleSmeDutyCycleInd
                0x0000000000087b53                eRouteRequestDataDcfm.138163
                0x0000000000087ba7                eNldeDataDcfm.135881
                0x0000000000087bd7                zps_vSendNwkStatusInd
                0x0000000000087c07                eLeaveDataDcfmRemoteLeave.129389
                0x0000000000087c62                psSLISTsearch
                0x0000000000087ca2                psSLISTremove
                0x0000000000087d20                psSLISTgetNext
                0x0000000000087d44                iSLISTnumberOfNodes
                0x0000000000087d5b                u8PDM_CalculateFileSystemCapacity
                0x0000000000087d70                u8PDM_ReadSequenceNumber
                0x0000000000087d93                boSegmentNumberDeleteSearchMatch.127622
                0x0000000000087dae                u8PDM_ReadSegmentDataSize
                0x0000000000087dc2                u32PDM_ReadFileSystemHeaderWearCount
                0x0000000000087dd8                boSearchForWearCountSubstitute.127942
                0x0000000000087dfe                boSearchForWearCountInsertPoint.127171
                0x0000000000087e1c                vPDM_WriteFileSystemHeaderWearCount
                0x0000000000087e2e                vPDM_ReadBitmapHeader.126082
                0x0000000000087e4d                RND_u32GetRand256
                0x0000000000087e6a                RND_u32GetRand
                0x0000000000087e91                u16CalculateFailedTxCount
                0x0000000000087ec1                vZdoIeeeAddrServerSendExtendResponse.part.0.35454
                0x0000000000087f25                vZdoNwkAddrServerSendExtendResponse.part.0.34188
                0x0000000000087f89                zps_bPerformLeaveActionDecider
                0x0000000000087f8e                vHandleUpdateDeviceIndication.22246
                0x0000000000087fb8                zps_vByteCopy
 .text          0x0000000000087fd2      0xec4 C:\Users\okaya\AppData\Local\Temp\cc0i0mPL.ltrans5.ltrans.o
                0x0000000000087fd2                vPostVsMcpsDcfmInd.31370
                0x0000000000088025                vPostMlmeDcfmInd.31356
                0x00000000000880d4                vZdoServersInit.2361
                0x0000000000088172                ZPS_bIsMacAddressUsedInApsTable
                0x0000000000088243                u8PDM_CalculateLargestDataRecordStored
                0x0000000000088274                iPDM_FilterDuplicateAppendedSegmentsOnList.128241
                0x00000000000882bb                ZPS_u8MacIFTGetChannelMaskCount
                0x00000000000882fb                ZPS_u8MacIFTGetIntfState
                0x0000000000088318                zps_vNwkHandleCmeGetInterface
                0x0000000000088464                u32GetScanChannels.isra.3.22291
                0x0000000000088499                ZPS_vMacIFTGetChannelMaskFromMacId
                0x000000000008851b                ZPS_eTsvOpen
                0x0000000000088538                zps_vNwkBttMgrInit
                0x0000000000088566                ZPS_vNwkNibClearTables
                0x000000000008868d                ZPS_u8GrabMutexLock.constprop.167
                0x00000000000886d0                ZPS_u8ReleaseMutexLock.constprop.166
                0x00000000000886fb                PDUM_vInit
                0x00000000000887a4                vMicroIntEnableOnly.constprop.129
                0x00000000000887d0                TSV_eStart
                0x0000000000088820                ZPS_eTsvStart
                0x000000000008885d                zps_eNwkHandleSceNwkUpdate
                0x0000000000088881                vNwkMcpsSendTimedDfcm
                0x00000000000888c5                vProcessTimedList.133405
                0x000000000008890b                zps_vNwkMcpsMgrPostTimed
                0x000000000008891e                zps_vAplAfPostTimerEvent
                0x00000000000889bd                zps_vExpireOldRoutes
                0x0000000000088a46                zps_eNwkBtrMatch
                0x0000000000088b43                PDM_vEnterCriticalSection
                0x0000000000088b72                iAHI_WriteDataIntoEEPROMsegment.constprop.124
                0x0000000000088bc0                vACI_OptimisedCcmStar.constprop.122
                0x0000000000088dab                zps_eNwkRtDiscMatch.constprop.119
                0x0000000000088dfe                AESSW_vHMAC_MMO.constprop.112
 .text.unlikely
                0x0000000000088e96       0xc8 C:\Users\okaya\AppData\Local\Temp\cc0i0mPL.ltrans5.ltrans.o
                0x0000000000088eab                vAHI_MemoryHold.154260
 .text          0x0000000000088f5e      0xfb7 C:\Users\okaya\AppData\Local\Temp\cc0i0mPL.ltrans6.ltrans.o
                0x0000000000088fc2                vPermitJoinHandleExpiry.136941
                0x000000000008906e                zps_vNwkHandleCmePermitJoinReq
                0x00000000000890d6                boIdValueSearchMatch.127175
                0x0000000000089130                zps_bAplZdoNodeDescServer
                0x00000000000892a2                zps_bAplZdoPowerDescServer
                0x00000000000893c6                zps_bAplZdoActiveEpServer
                0x00000000000894af                zps_bAplZdoSystemServerDiscoveryServer
                0x000000000008953b                zps_bAplZdoSimpleDescServer
                0x0000000000089789                psGetTxFrameBuffer
                0x00000000000897c5                psGetAndBuildCoordRealignment
                0x000000000008981d                vMMAC_RadioToOffAndWait
                0x000000000008983a                vStartReceive
                0x0000000000089856                vSetChannelAndPower
                0x00000000000899df                vStartTransmit.152686
                0x0000000000089b39                vMiniMac_PLME_SetReq_Power
                0x0000000000089b4e                vMiniMac_PLME_SetReq_Channel
                0x0000000000089b57                iPDM_ReadSegmentHeaderDataFromEEPROMsegment
                0x0000000000089bb0                iPDM_ReadUserDataFromEEPROMsegment
                0x0000000000089c2a                iPDM_ReCalculateWearCountAndChecksumAndWriteFileSystemHeader
                0x0000000000089c74                vPDM_SetEEPROMandFileSystemValidState
                0x0000000000089c9b                iPDM_ReadUserDataFromFileSystemRecord
                0x0000000000089cbb                iPDM_CompareDataInFileRecords.127435
                0x0000000000089cf6                vMiniMac_ReturnTxBufferCallback
                0x0000000000089d22                PWRM_vWakeInterruptCallback
                0x0000000000089da9                vPDM_WriteFileSystemRecordAndSegmentDataIntoEEPROMsegment
                0x0000000000089de4                ZPS_vMacPibSetBeaconPayload.constprop.82
                0x0000000000089e19                zps_vInitBeaconPayload
                0x0000000000089e74                ZPS_u16NwkNibFindNwkAddr
 *fill*         0x0000000000089f15        0x3 00
 .text          0x0000000000089f18      0xc20 C:\Users\okaya\AppData\Local\Temp\cc0i0mPL.ltrans7.ltrans.o
                0x0000000000089f18                zps_bAplZdoNwkAddrServer
                0x000000000008a0ab                zps_bAplZdoIeeeAddrServer
                0x000000000008a207                vPdmEventHandlerCallback
                0x000000000008a37c                eBeaconReqSent.152280
                0x000000000008a3a3                vPDM_AddFileSystemElementToListInAscendingWearCountOrder
                0x000000000008a4cb                iPDM_GetWearLevelledBuffer
                0x000000000008a59e                iPDM_WriteSegmentHeaderAndData
                0x000000000008a6ec                PWRM_vManagePower
                0x000000000008a836                zps_u8AplApsConstructAndPostLoopBackDataInd.15121
                0x000000000008a96f                u8PostUnicastMsgToNHLE.15129
                0x000000000008a9a8                boPDM_IsBitmapSaturated.126117
                0x000000000008a9f1                vFreePendingReqDescr
                0x000000000008aa5b                vHandleRouteDiscoveryExpiry.137702
                0x000000000008aab9                zps_vSendJoinDcfm
                0x000000000008aaff                vGiveUp.146635
 .text          0x000000000008ab38      0xff4 C:\Users\okaya\AppData\Local\Temp\cc0i0mPL.ltrans8.ltrans.o
                0x000000000008ab38                ZPS_vNwkMacDataPollRequest
                0x000000000008accf                vMiniMac_MlmeCallback
                0x000000000008aee6                eAssocReqSent.151501
                0x000000000008b0be                ePollReqSent.151833
                0x000000000008b246                vScanBeaconReceived
                0x000000000008b285                vRunningRxCallback
                0x000000000008b587                vPostDcfm.152297
                0x000000000008b5f6                vScanNextChannel.152284
                0x000000000008b7a6                ZPS_vNwkSaveAllRecords
                0x000000000008b7d0                zps_vSaveAllZpsRecords
                0x000000000008b7ef                ZPS_vSetDevicePreviousData.constprop.16
                0x000000000008b96c                ZPS_vNMPurgeEntry
 .text          0x000000000008bb2c      0xea2 C:\Users\okaya\AppData\Local\Temp\cc0i0mPL.ltrans9.ltrans.o
                0x000000000008bd1c                zps_vNwkHandleCmeRouteDiscoveryReq
                0x000000000008beea                zps_eNwkHandleSceRouteRecord
                0x000000000008bfe1                zps_eDefaultDataDcfm
                0x000000000008c0d3                zps_psSendFrm
                0x000000000008c431                zps_psSendBroadcastFrm.part.0.144536
                0x000000000008c499                zps_psNwkSendLeaveCmd
                0x000000000008c501                zps_vNwkSecondTickHandleExpiry
                0x000000000008c714                zps_vNwkHandleCmeLeaveReq
                0x000000000008c832                zps_eNwkHandleSceLeave
 .text          0x000000000008c9ce      0xe65 C:\Users\okaya\AppData\Local\Temp\cc0i0mPL.ltrans10.ltrans.o
                0x000000000008c9ce                eSmeASFlBeaconInd.143115
                0x000000000008c9f0                eSmeAcScBeaconInd.143123
                0x000000000008cb00                vMiniMac_NextTransaction
                0x000000000008cb6a                zps_vDefaultNwkLayer
                0x000000000008cd9f                ZPS_vMacPibSetRxOnWhenIdle
                0x000000000008cda8                iPDM_SearchForBufferIdInList
                0x000000000008cddd                iPDM_ReadUserDataFromSegmentOnListWithId
                0x000000000008ce1b                iPDM_SearchForBufferIdInFileSystem
                0x000000000008ce2e                iPDM_ReadUserDataFromSegmentWithId
                0x000000000008ce63                PDM_eReadDataFromRecord.part.0.126432
                0x000000000008ceea                vLoadAplRecord.22275
                0x000000000008cf1e                iPDM_SearchForSpecificSegmentInList
                0x000000000008cf50                bPDM_FindLastMarkerSegment.127464
                0x000000000008cf9d                eTransmit
                0x000000000008d06b                eBuildAndSend.152286
                0x000000000008d0e0                zps_vSocMacHandleMcpsVsReqRsp.constprop.127
                0x000000000008d26f                vPostTxActions.152679
                0x000000000008d2ac                vMiniMac_TxComplete
                0x000000000008d39d                vTimerFired
                0x000000000008d472                vMiniMac_Init
 .text          0x000000000008d833      0xd55 C:\Users\okaya\AppData\Local\Temp\cc0i0mPL.ltrans11.ltrans.o
                0x000000000008db90                zps_bAplZdoMatchDescServer
                0x000000000008dba4                eOrphanNotificationSent.152276
                0x000000000008dbed                vMiniMac_McpsCallback
                0x000000000008de9f                ZPS_bSecDecrypt
                0x000000000008dfac                ZPS_u8MacIFTAddUpdateChannelMask.part.3.155718
                0x000000000008e03a                ZPS_u16MacIFTGetIDByChannelMask
                0x000000000008e07f                zps_psAllocateAndFormatMacHdr
                0x000000000008e3e2                zps_psNwkInitCmdFrame
                0x000000000008e461                eSendLinkStatusDataDcfm.part.1.131080
 .text          0x000000000008e588      0xc02 C:\Users\okaya\AppData\Local\Temp\cc0i0mPL.ltrans12.ltrans.o
                0x000000000008e6c8                vPDM_MoveAllDataFromListToList
                0x000000000008e706                vPDM_MoveAllDataToDeAllocList.constprop.118
                0x000000000008e731                iPDM_ReplaceChangedSegmentInSequence
                0x000000000008e834                vPDM_MoveAllDataWithBufferIdAndStateFromListToList
                0x000000000008e8bf                vPDM_MoveAllDataWithBufferIdFromListToList
                0x000000000008e944                vPDM_DeleteAllSegmentsWithIdFromFileSystemList.126519.constprop.15
                0x000000000008e986                vPDM_MoveFileRecordFromListToList
                0x000000000008ea95                iPDM_VerifyDataSequenceWithBufferId
                0x000000000008eb31                iPDM_CreateCandidateBufferList
                0x000000000008ec35                vPDM_MoveRecordToDeAllocList
                0x000000000008ec55                vPDM_DeleteAppendedSequence
                0x000000000008ecf7                PDM_eSaveRecordData
                0x000000000008f093                iPDM_ReconstructReplacedDataTable
 .text          0x000000000008f18a      0xe3b C:\Users\okaya\AppData\Local\Temp\cc0i0mPL.ltrans13.ltrans.o
                0x000000000008f29c                vSendNetworkReport.132196
                0x000000000008f37a                zps_eNwkHandleSceNwkEdTimeoutReq
                0x000000000008f475                zps_eNwkHandleSceRouteRequest
                0x000000000008f949                zps_eNwkHandleSceRouteReply
                0x000000000008fc1c                zps_psSendNetworkStatusCmd
                0x000000000008fc89                zps_psSendNetworkLinkPowerDelta.139571
                0x000000000008fd1b                zps_eNwkHandleSceNwkLinkPowerDelta
                0x000000000008fd35                zps_psNwkSendRejoinReqCmd
                0x000000000008fdb3                zps_u8NwkHandleRejoinReq
                0x000000000008fe73                zps_vProcessLocalAddrConflict
                0x000000000008ff1e                vContinueRejoin.145801
 .text          0x000000000008ffc5      0xd5b C:\Users\okaya\AppData\Local\Temp\cc0i0mPL.ltrans14.ltrans.o
                0x000000000008ffc5                zps_eNwkHandleSceLinkStatus
                0x00000000000900f9                zps_vNwkHandleCmeDirectJoinReq
                0x00000000000901a2                vIncrementFrameCounterInPdm.isra.0.134833
                0x0000000000090381                zps_eNwkSecEncryptPacket
                0x0000000000090497                vProcessListsForSubmission.133501
                0x00000000000906e1                zps_vNwkMcpsMgrPost
                0x0000000000090705                zps_psFindKeyDescr
                0x0000000000090826                vInitUnknownNeighbor.133412.constprop.66
                0x000000000009087f                zps_eAplZdoAddReplaceLinkKey_W
                0x0000000000090943                ZPS_bNwkNibAddrMapAddEntry
                0x0000000000090af8                zps_vAgeRouter
                0x0000000000090b31                zps_eNwkHandleSdeActvDcfmData
                0x0000000000090cb6                vMcpsMgrTimeoutExpiry
 .text          0x0000000000090d20      0xb10 C:\Users\okaya\AppData\Local\Temp\cc0i0mPL.ltrans15.ltrans.o
                0x0000000000090d5f                vSendMlmeCommStatusFromTxFrame
                0x0000000000090db5                zps_vSocMacHandleMlmeVsReqRsp.constprop.90
                0x00000000000912ea                zps_sNwkStart
                0x000000000009138c                ZPS_pvNwkCtor.constprop.80
                0x0000000000091789                zps_vNwkHandleCmeActvStartRouterReq
 .text          0x0000000000091830      0xd93 C:\Users\okaya\AppData\Local\Temp\cc0i0mPL.ltrans16.ltrans.o
                0x0000000000091830                zps_vNwkHandleCmeSyncReq
                0x0000000000091a9f                zps_eRejoinDataDcfm
                0x0000000000091b5b                eSmeAsocAssocDcfm.147261
                0x0000000000091bdf                eSmeRjPCPollDcfm.147257
                0x0000000000091c20                eSceRjRsRejoinRsp.147224
                0x0000000000091cf8                zps_sNwkLibSubmitScan
                0x0000000000091d31                eSmeAcScScanDcfm.143858
                0x00000000000920a7                zps_vNwkHandleCmeEdScanReq
                0x00000000000920e6                zps_eProcessAddrConflict
                0x000000000009228f                ZPS_vNwkNibCheckAndUpdateAddresses
                0x0000000000092330                zps_bAplZdoDeviceAnnceServer
 .text          0x00000000000925c3      0xd92 C:\Users\okaya\AppData\Local\Temp\cc0i0mPL.ltrans17.ltrans.o
                0x000000000009260c                zps_vAplSaveRecord
                0x0000000000092787                zps_bNwkFindAddIeeeAddr
                0x000000000009290f                zps_vJoinInitNtParent
                0x0000000000092af3                eCheckAddrConflict.isra.7.132467
                0x0000000000092b8e                vAplSecRemoveLinkKey.22331
                0x0000000000092c5e                zps_vBuildSortedActvNTList
                0x0000000000092d2a                zps_sNwkNibNtCheckJoin.part.8.135127
                0x0000000000092fe3                zps_vCheckActvNtForDuplicate
                0x0000000000093083                zps_vCleanUnAuthenHandleExpiry
                0x00000000000931b0                eUnsolicitedRejoinRspDataDcfm.132212
                0x00000000000931db                eRejoinRspDataDcfm.145805
                0x0000000000093287                vFinish.147093
                0x00000000000932dd                eSmeOrphScanDcfm.147106
 *fill*         0x0000000000093355        0x3 00
 .text          0x0000000000093358      0xa4c C:\Users\okaya\AppData\Local\Temp\cc0i0mPL.ltrans18.ltrans.o
                0x0000000000093358                vBbcIntHandler.151172
                0x000000000009364f                eAssocRespSent.151489
                0x000000000009366e                zps_vNwkHandleCmeIdleNwkFormReq
                0x0000000000093721                zps_vNwkHandleCmeNwkDiscReq
                0x000000000009389d                zps_eNwkHandleSmeBeaconNotifyInd
                0x000000000009392b                zps_eNwkHandleSceNwkReport
                0x00000000000939b1                zps_vNwkHandleCmeNwkJoinReq
                0x0000000000093ce7                zps_vNwkHandleCmeNwkActvJoinReq
                0x0000000000093cf3                eSmeEdScScanDcfm.143851
 .text          0x0000000000093da4      0xaa8 C:\Users\okaya\AppData\Local\Temp\cc0i0mPL.ltrans19.ltrans.o
                0x0000000000093da4                vApsmeResendTimeOutHandler
                0x0000000000093dd3                vPostNlmeDcfmInd.12500
                0x0000000000094656                zps_bAplZdoMgmtLeaveServer
 .text          0x000000000009484c      0xee4 C:\Users\okaya\AppData\Local\Temp\cc0i0mPL.ltrans20.ltrans.o
                0x000000000009488a                psGetNlmeBuf.12497
                0x0000000000094893                psGetNldeBuf.12518
                0x000000000009489c                psGetApsmeBuf.12504
                0x00000000000948a2                psGetApsdeBuf.12511
                0x00000000000949bb                APP_bMultimaskJoinCallBack
                0x00000000000949c7                vMacMcpsCallBackHandler.5427
                0x00000000000949d8                zps_vGetZpsMutex
                0x00000000000949e1                vLoopbackTimerCallback
                0x0000000000094a10                zps_vByteCopy.part.2.18386
                0x0000000000094a2c                bDuplicateCheck.18194
                0x0000000000094b39                zps_vAplApsInitDuplicateTable
                0x0000000000094b5c                zps_vAplApsInitFragTransmitPool
                0x0000000000094b7d                zps_vAplApsFillAndPostApsAck
                0x0000000000094be7                zps_u8AplApsFreeMsgHandle
                0x0000000000094c51                zps_vAplApsInitSyncMsgPool
                0x0000000000094c89                zps_vAplApsInitFragReceivePool
                0x0000000000094cac                vFillDataIndStruct.12175
                0x0000000000094d0a                vFillApduErrorEvent.12168
                0x0000000000094d4d                bCheckProfile.12163
                0x0000000000094d8b                ZPS_bIsGroupPresent
                0x0000000000094dc3                pdum_u16ReadNBO
                0x0000000000094f24                PDUM_u16SizeNBO
                0x0000000000094f82                PDUM_u16APduInstanceWriteStrNBO
                0x0000000000095101                PDUM_u16APduInstanceReadNBO
                0x000000000009514c                PDUM_u16APduInstanceWriteNBO
                0x00000000000951b6                PDUM_eAPduFreeAPduInstance
                0x000000000009521c                PDUM_eAPduInstanceSetPayloadSize
                0x0000000000095244                PDUM_eNPduWriteDataFromBuffer
                0x000000000009529e                PDUM_eNPduWriteDataToBuffer
                0x00000000000952fc                PDUM_eNPduWriteFromBuffer
                0x0000000000095325                PDUM_eNPduDescend
                0x000000000009534b                PDUM_eNPduAscend
                0x0000000000095371                PDUM_eNPduClaimData
                0x00000000000953de                PDUM_eNPduAppendDataNBO
                0x000000000009543b                PDUM_eNPduClaimHeader
                0x000000000009545e                PDUM_eNPduReadHeaderNBO
                0x00000000000954b1                PDUM_eNPduPrependHeaderNBO
                0x000000000009550c                PDUM_eNPduFree
                0x000000000009556a                PDUM_eNPduInitDescending
                0x0000000000095585                zps_vInitAPSMECmdHdr
                0x00000000000955bc                ZPS_u8MacGetChannelOffsetFromMask
                0x00000000000955cb                ZPS_eMacValidateChannelMask
                0x00000000000955fa                ZQ_bQueueReceive
                0x000000000009566b                ZQ_bQueueSend
                0x00000000000956e1                APP_vGenCallback
                0x00000000000956f4                vResetCommandBuffer.5246
                0x0000000000095714                ZPS_psMacIFTGetInterface
 .text          0x0000000000095730      0xc1e C:\Users\okaya\AppData\Local\Temp\cc0i0mPL.ltrans21.ltrans.o
                0x0000000000095730                zps_eZdpNodeDescResponse
                0x00000000000957d8                zps_eZdpSimpleDescResponse
                0x00000000000958e5                zps_bAplZdoMgmtNWKUpdateServer
                0x0000000000095df6                zps_eZdpNwkAddrResponse
                0x0000000000095ede                zps_eZdpIeeeAddrResponse
                0x0000000000095fc6                zps_eZdpPowerDescResponse
                0x0000000000096063                zps_eZdpActiveEpResponse
                0x00000000000960f9                zps_eZdpMatchDescResponse
                0x000000000009618f                zps_eZdpSystemServerDiscoveryResponse
                0x00000000000961fe                vForwardPayload.3823.constprop.101
 .text          0x000000000009634e      0x9bd C:\Users\okaya\AppData\Local\Temp\cc0i0mPL.ltrans22.ltrans.o
                0x0000000000096533                vHandleEdTimeoutReqExpiry.132204
                0x00000000000965dc                vHandleNwkLocalUpdateAfterBcast.132217
                0x0000000000096630                vHandleNwkRemoteUpdateAfterBcast.132208
                0x0000000000096683                ZPS_vNwkHandleNlmeReqRsp
                0x0000000000096700                zps_vAplAfPostEvent
                0x00000000000968bf                vPostToEndpoint.part.1.12215
                0x0000000000096a2b                zps_vHandleApsdeDataFragIndNotSupported
                0x0000000000096a81                zps_eAplZdoNlmePermitJoiningWrapper
                0x0000000000096aa9                zps_bAplZdoPermitJoiningServer
                0x0000000000096b73                vStartScanTimerExpiry.52009
                0x0000000000096baf                vChangeChannelTimerExpiry.52013
                0x0000000000096c26                eLeaveReset.129394
                0x0000000000096c91                eLeaveDataDcfmLocalLeave.129399
 *fill*         0x0000000000096d0b        0x1 00
 .text          0x0000000000096d0c      0xc50 C:\Users\okaya\AppData\Local\Temp\cc0i0mPL.ltrans23.ltrans.o
                0x0000000000096dda                zps_eNwkHandleSmeOrphanInd
                0x0000000000096dea                zps_vAplApsPollTimer
                0x0000000000096e4c                vAplSecAuthPollTimerExpiry.22222
                0x0000000000096f56                vAplSecAuthTimerExpiry.22218
                0x0000000000096fd1                vPostApsdeDcfmInd.12514
                0x00000000000971c3                zps_eNwkSendJoinResponse
                0x00000000000973a9                zps_vProcessChildAddrConflict
                0x000000000009746f                zps_eNwkHandleSceNwkStatus
                0x0000000000097602                eRejoinNetwork.22293.constprop.77
                0x00000000000976b0                eStartNetworkDiscovery.22305
                0x0000000000097718                zps_eAplZdoStartStack
                0x00000000000977f9                zps_eAplZdoDiscoverNetworks
                0x000000000009786a                eStartRouter
 .text          0x000000000009795c      0xc69 C:\Users\okaya\AppData\Local\Temp\cc0i0mPL.ltrans24.ltrans.o
                0x0000000000097c94                zps_eNwkHandleSmeAssocInd
                0x0000000000097cc2                zps_eNwkHandleSceRejnRequest
                0x0000000000097d4f                vMcpsMgrExpiry.133328
                0x0000000000097dae                vTransformKey.isra.0.18381
                0x0000000000097e0f                zps_eAplSecEncryptPacket
                0x0000000000097f04                ZPS_vNwkHandleNldeReqRsp
                0x0000000000098210                zps_eAplSendApsmeCmdFrame
                0x0000000000098384                zps_eAplApsmeUpdateDeviceReqRsp.part.4.16811
                0x00000000000984d2                zps_eAplZdoNlmeleaveWrapper
                0x0000000000098599                zps_vAplApsmeCmdMgrRetryTimeout.16638
 .text          0x00000000000985c5      0x788 C:\Users\okaya\AppData\Local\Temp\cc0i0mPL.ltrans25.ltrans.o
                0x00000000000985c5                ZPS_vNwkSaveRecord
                0x00000000000985f2                ZPS_vNwkNibSetNwkAddr
                0x000000000009861b                zps_eNwkHandleSceRejnResponse
                0x0000000000098678                ZPS_vNwkNibSetExtPanId
                0x00000000000986a9                ZPS_vNwkNibSetDepth
                0x00000000000986df                ZPS_vNwkNibSetUpdateId
                0x0000000000098709                vSendNetworkUpdate.132200
                0x000000000009883e                ZPS_vNwkNibSetPanId
                0x000000000009885c                ZPS_vNwkNibSetCapabilityInfo
                0x0000000000098889                ZPS_vNwkNibSetChannel
                0x00000000000988a7                ZPS_vNwkNibSetAuxChannel
                0x00000000000988c0                zps_vNwkHandleCmeSetInterface
                0x0000000000098a78                ZPS_vNwkSaveNt
                0x0000000000098ab4                ZPS_vNwkPurgeMacAddressAndRelatedEntries.part.5.134994
                0x0000000000098bc5                ZPS_vNtSetUsedStatus
                0x0000000000098c93                zps_eNwkHandleSmeCommStatusInd
 .text          0x0000000000098d4d      0x8b0 C:\Users\okaya\AppData\Local\Temp\cc0i0mPL.ltrans26.ltrans.o
                0x000000000009911a                ZPS_vAplHandleApsdeReqRsp
                0x0000000000099533                zps_eAplZdpApsdeReqInternal
                0x00000000000995a2                zps_eAplZdpGenStatusOnlyResponse
 .text          0x00000000000995fd      0x950 C:\Users\okaya\AppData\Local\Temp\cc0i0mPL.ltrans27.ltrans.o
                0x00000000000995fd                zps_eAplZdpMgmtLqiResponse
                0x000000000009970d                zps_eAplZdpMgmtRtgResponse
                0x00000000000997d4                zps_eZdpMgmtNwkUpdateNotifyResponse
                0x000000000009989c                ZPS_vSecondTimerCallback
                0x00000000000999fd                zps_bAplZdoDefaultServer
                0x0000000000099d5e                zps_bAplZdoZdoClient
                0x0000000000099f0b                zps_eZdpMgmtLeaveResponse
                0x0000000000099f2c                zps_eZdpMgmtPermitJoiningResponse
 .text          0x0000000000099f4d      0x53a C:\Users\okaya\AppData\Local\Temp\cc0i0mPL.ltrans28.ltrans.o
                0x0000000000099f4d                eSmeAcScBeaconInd.143301
                0x000000000009a010                vRetryCcaFailure
                0x000000000009a05d                eMcpsTxCompleteHandler.151601
                0x000000000009a08b                ZPS_bSecEncrypt
                0x000000000009a246                zps_vNwkMcpsMgrTidyBtrReqDescr
                0x000000000009a28b                vNwkBttTimerExpiry.141256
                0x000000000009a3ad                vLoadNwkRecord.134381
                0x000000000009a3eb                dbg_vPrintfImplNoneVerbose
                0x000000000009a3fa                vShowException
                0x000000000009a484                vfExtendedStatusCallBack.3081
 *fill*         0x000000000009a487        0x1 00
 .text          0x000000000009a488      0x644 C:\Users\okaya\AppData\Local\Temp\cc0i0mPL.ltrans29.ltrans.o
                0x000000000009a488                vPostApsmeDcfmInd.12507
 .text          0x000000000009aacc      0x13b C:\Users\okaya\AppData\Local\Temp\cc0i0mPL.ltrans30.ltrans.o
                0x000000000009aacc                ISR_vTickTimer
                0x000000000009ab04                vReadCharInterrupt
                0x000000000009ab89                vUnclaimedInterrupt
                0x000000000009ab9e                vBusErrorHandler
                0x000000000009abad                vAlignmentErrorHandler
                0x000000000009abbc                vIllegalInstructionHandler
                0x000000000009abcb                vTrapHandler
                0x000000000009abda                vGenericHandler
                0x000000000009abe9                vUnclaimedException
                0x000000000009abf8                vStackOverflowHandler
 .text          0x000000000009ac07       0x3d C:\Users\okaya\AppData\Local\Temp\cc0i0mPL.ltrans31.ltrans.o
                0x000000000009ac07                zps_isrMAC
                0x000000000009ac2a                AppWarmStart
 .text          0x000000000009ac44       0x25 c:/nxp/bstudio_nxp/sdk/tools/ba-elf-ba2-r36379/bin/../lib/gcc/ba-elf/4.7.4/../../../../ba-elf/lib/mcpu_jn51xx_sizeopt\libc.a(lib_a-memcmp.o)
                0x000000000009ac44                memcmp
 .text          0x000000000009ac69       0x19 c:/nxp/bstudio_nxp/sdk/tools/ba-elf-ba2-r36379/bin/../lib/gcc/ba-elf/4.7.4/../../../../ba-elf/lib/mcpu_jn51xx_sizeopt\libc.a(lib_a-memcpy.o)
 .text          0x000000000009ac82       0x12 c:/nxp/bstudio_nxp/sdk/tools/ba-elf-ba2-r36379/bin/../lib/gcc/ba-elf/4.7.4/../../../../ba-elf/lib/mcpu_jn51xx_sizeopt\libc.a(lib_a-memset.o)
                0x000000000009ac82                memset
 *fill*         0x000000000009ac94        0x0 00
 .text          0x000000000009ac94      0x204 c:/nxp/bstudio_nxp/sdk/tools/ba-elf-ba2-r36379/bin/../lib/gcc/ba-elf/4.7.4/mcpu_jn51xx_sizeopt\libgcc.a(__udivsi3.o)
                0x000000000009ac94                __udivsi3
 .text          0x000000000009ae98      0x1b0 c:/nxp/bstudio_nxp/sdk/tools/ba-elf-ba2-r36379/bin/../lib/gcc/ba-elf/4.7.4/mcpu_jn51xx_sizeopt\libgcc.a(__umodsi3.o)
                0x000000000009ae98                __umodsi3
 .text          0x000000000009b048       0x24 c:/nxp/bstudio_nxp/sdk/tools/ba-elf-ba2-r36379/bin/../lib/gcc/ba-elf/4.7.4/mcpu_jn51xx_sizeopt\libgcc.a(__modsi3.o)
                0x000000000009b048                __modsi3
 .text          0x000000000009b06c       0x48 ../../../../sdk/JN-SW-4170/Components/Library\libPWRM_JN516x.a(pwrm_setjmp_JN516x.o)
                0x000000000009b06c                setjmp
                0x000000000009b090                PWRM_longjmp
 .text          0x000000000009b0b4       0x27 ../../../../sdk/JN-SW-4170/Components/Library\libHardwareApi_JN5169.a(AHI_Interrupt.o)
                0x000000000009b0b4                vAHI_InterruptSetPriority
                0x000000000009b0d2                vAHI_InterruptSetActivePriorityLevel
 .text          0x000000000009b0db        0x0 ../../../../sdk/JN-SW-4170/Components/Library\libZPSAPL_JN516x.a(zps_apl_version_lc.o)
                0x000000000009b0db                ZPS_APL_Version_3v0
 .text          0x000000000009b0db        0x0 ../../../../sdk/JN-SW-4170/Components/Library\libZPSNWK_JN516x.a(zps_nwk_version_lc.o)
                0x000000000009b0db                ZPS_NWK_Version_3v0
                0x000000000009b0db                _flash_end = ABSOLUTE (.)

.rela.dyn       0x000000000009b0dc        0x0
 .rela.text     0x0000000000000000        0x0 irq_JN516x.o
 .rela.data     0x0000000000000000        0x0 irq_JN516x.o
 .rela.rodata   0x0000000000000000        0x0 irq_JN516x.o
                0x000000000400004c                . = ORIGIN (ram)

.data           0x000000000400004c      0x498 load address 0x000000000009b0dc
                0x000000000400004c                _ram_data_start = ABSOLUTE (.)
 *(.data*)
 *fill*         0x000000000400004c        0x4 00
 .data          0x0000000004000050      0x430 C:\Users\okaya\AppData\Local\Temp\cc0i0mPL.ltrans0.ltrans.o
                0x0000000004000050                g_asMacInterfaceTable.2542
                0x000000000400007c                psAplDefaultGlobalAPSLinkKey
                0x0000000004000080                s_sApl.2440
                0x00000000040001e0                u8MiniMacConfig_MaxConcurrentAssocResponses
                0x00000000040001e4                psShadowRxBuffer
                0x00000000040001e8                gMAC_u8MaxBuffers
                0x0000000004000224                s_keyPairTableStorage.2488
 .data          0x0000000004000480        0x6 C:\Users\okaya\AppData\Local\Temp\cc0i0mPL.ltrans1.ltrans.o
                0x0000000004000480                g_u16zpsCurrentAddress
 *fill*         0x0000000004000486        0x2 00
 .data          0x0000000004000488        0x4 C:\Users\okaya\AppData\Local\Temp\cc0i0mPL.ltrans3.ltrans.o
                0x0000000004000488                u32HeapStart
 .data          0x000000000400048c        0x4 C:\Users\okaya\AppData\Local\Temp\cc0i0mPL.ltrans7.ltrans.o
                0x000000000400048c                bCanLoopback.15404
 .data          0x0000000004000490        0x4 C:\Users\okaya\AppData\Local\Temp\cc0i0mPL.ltrans9.ltrans.o
 .data          0x0000000004000494        0x1 C:\Users\okaya\AppData\Local\Temp\cc0i0mPL.ltrans10.ltrans.o
 *fill*         0x0000000004000495        0x1 00
 .data          0x0000000004000496        0x4 C:\Users\okaya\AppData\Local\Temp\cc0i0mPL.ltrans11.ltrans.o
 *fill*         0x000000000400049a        0x2 00
 .data          0x000000000400049c       0x30 C:\Users\okaya\AppData\Local\Temp\cc0i0mPL.ltrans20.ltrans.o
                0x000000000400049c                s_asapduMyDataInstances
                0x00000000040004a8                s_asapduZDPInstances
 .data.s_asAPduPool
                0x00000000040004cc       0x18 pdum_apdu.o
                0x00000000040004cc                pdum_apduZDP
                0x00000000040004cc                s_asAPduPool
                0x00000000040004d8                pdum_apduMyData
 *(.data.*)
                0x00000000040004e4                . = ALIGN (0x4)
                0x00000000040004e4                _ram_data_end = ABSOLUTE (.)

.bss            0x00000000040004e4     0x2cac load address 0x000000000009b574
                0x00000000040004e4                _bss_start = ABSOLUTE (.)
 *(.bss*)
 *fill*         0x00000000040004e4        0xc 00
 .bss           0x00000000040004f0     0x2020 C:\Users\okaya\AppData\Local\Temp\cc0i0mPL.ltrans0.ltrans.o
                0x00000000040004f0                s_sDefaultServerContext.2516
                0x00000000040004f4                s_sMgmtRtgServerContext.2437
                0x00000000040004f8                s_sPermitJoiningServerContext.2438
                0x00000000040004fc                s_sMgmtNWKUpdateServerContext.2439
                0x0000000004000554                s_sMgmtLeaveServerContext.2515
                0x000000000400057c                s_sMgmtLqiServerContext.2514
                0x0000000004000580                s_sSimpleDescServerContext.2513
                0x0000000004000584                s_sMatchDescServerContext.2512
                0x0000000004000588                s_sPowerDescServerContext.2511
                0x000000000400058c                s_sNodeDescServerContext.2510
                0x0000000004000590                s_sSystemServerDiscoveryServerContext.2509
                0x0000000004000594                s_sIeeeAddrServerContext.2508
                0x0000000004000598                s_sNwkAddrServerContext.2507
                0x000000000400059c                s_sActiveEpServerContext.2506
                0x00000000040005a0                s_sZdoClientContext.2504
                0x00000000040005a0                s_sDeviceAnnceServerContext.2505
                0x00000000040005a8                psNextWake.7581
                0x00000000040005ac                s_bWakeTimerActive.7582
                0x00000000040005ad                s_ePowerMode.7583
                0x00000000040005ae                gu16NumberOfSegments.155407
                0x00000000040005b0                pfExtendedStatusCallBack.131684
                0x00000000040005b4                ZTIMER_sCommon.5385
                0x00000000040005bc                APP_msgMyEndPointEvents
                0x00000000040005d4                APP_msgZpsEvents
                0x00000000040005ec                u8App_tmr1sec
                0x00000000040005f0                psPDM_Common
                0x00000000040005f4                s_u32x.126053
                0x00000000040005f8                s_prExpireFn.155837
                0x00000000040005fc                pvRxStore
                0x0000000004000600                pvTxStore
                0x0000000004000604                g_pvAplHandle
                0x0000000004000608                s_sDcfmIndMgr.6891
                0x0000000004000610                prAppMlmeGetBuffer
                0x0000000004000614                prAppMlmeCallback
                0x0000000004000618                s_pvAplHandle.6143
                0x000000000400061c                s_prMcpsCallBack.6141
                0x0000000004000620                s_prMlmeCallBack.6142
                0x0000000004000624                sMiniMacPib
                0x00000000040006c0                u8MiniMac_RunTimeOptions
                0x00000000040006c4                sZpsIntStore
                0x00000000040006c8                s_eDeviceState.3780
 .bss           0x0000000004002510       0x54 C:\Users\okaya\AppData\Local\Temp\cc0i0mPL.ltrans1.ltrans.o
                0x0000000004002510                bCheckChild
                0x0000000004002514                uMacDcfmInd
 .bss           0x0000000004002564       0x10 C:\Users\okaya\AppData\Local\Temp\cc0i0mPL.ltrans2.ltrans.o
                0x0000000004002564                psActiveMsgListHead
                0x0000000004002568                sAfFlashInfoSetLocal
                0x0000000004002570                s_u16ActivityCounter
 .bss           0x0000000004002574       0x14 C:\Users\okaya\AppData\Local\Temp\cc0i0mPL.ltrans3.ltrans.o
 .bss           0x0000000004002588        0x3 C:\Users\okaya\AppData\Local\Temp\cc0i0mPL.ltrans4.ltrans.o
                0x0000000004002588                u8ApduCount.7894
 *fill*         0x000000000400258b        0x1 00
 .bss           0x000000000400258c      0x79c C:\Users\okaya\AppData\Local\Temp\cc0i0mPL.ltrans5.ltrans.o
                0x000000000400258c                sIntStorage.128043
                0x0000000004002590                u8MaxNpdu.7797
                0x0000000004002591                u8Count.7796
                0x0000000004002594                s_psNPduPoolEnd.7794
                0x0000000004002598                s_psNPduPoolStart.7793
                0x000000000400259c                s_psFreeListHead.7795
                0x00000000040025a0                s_asAPduPool.7893
 .bss.initinboot
                0x0000000004002d28        0x1 C:\Users\okaya\AppData\Local\Temp\cc0i0mPL.ltrans5.ltrans.o
                0x0000000004002d28                bMutexTaken.155115
 *fill*         0x0000000004002d29        0x3 00
 .bss           0x0000000004002d2c       0x24 C:\Users\okaya\AppData\Local\Temp\cc0i0mPL.ltrans6.ltrans.o
                0x0000000004002d2c                g_au8LegacyBeaconPayload
 .bss           0x0000000004002d50       0x38 C:\Users\okaya\AppData\Local\Temp\cc0i0mPL.ltrans7.ltrans.o
 .bss           0x0000000004002d88        0x1 C:\Users\okaya\AppData\Local\Temp\cc0i0mPL.ltrans8.ltrans.o
                0x0000000004002d88                bResetScanTimer.152533
 *fill*         0x0000000004002d89        0x7 00
 .bss           0x0000000004002d90       0x18 C:\Users\okaya\AppData\Local\Temp\cc0i0mPL.ltrans9.ltrans.o
                0x0000000004002d90                g_pfTimerExpiryCallback.131167
 .bss           0x0000000004002da8        0xc C:\Users\okaya\AppData\Local\Temp\cc0i0mPL.ltrans10.ltrans.o
                0x0000000004002da8                prIntHandler.153791
                0x0000000004002dac                psTimerServerList
 .bss           0x0000000004002db4        0x8 C:\Users\okaya\AppData\Local\Temp\cc0i0mPL.ltrans11.ltrans.o
                0x0000000004002db4                sMiniMacIntStore.6872
 .bss           0x0000000004002dbc        0x1 C:\Users\okaya\AppData\Local\Temp\cc0i0mPL.ltrans13.ltrans.o
 .bss           0x0000000004002dbd        0x1 C:\Users\okaya\AppData\Local\Temp\cc0i0mPL.ltrans14.ltrans.o
 *fill*         0x0000000004002dbe        0x2 00
 .bss           0x0000000004002dc0        0x8 C:\Users\okaya\AppData\Local\Temp\cc0i0mPL.ltrans15.ltrans.o
                0x0000000004002dc0                u8ScanBeaconsSeen.6929
                0x0000000004002dc1                g_bMacEnhancedMode
                0x0000000004002dc4                zps_psNwk
 .bss           0x0000000004002dc8       0x1c C:\Users\okaya\AppData\Local\Temp\cc0i0mPL.ltrans16.ltrans.o
                0x0000000004002dc8                bSecondScan.143888
                0x0000000004002dc9                au8ChanCnt
 .bss           0x0000000004002de4       0x20 C:\Users\okaya\AppData\Local\Temp\cc0i0mPL.ltrans17.ltrans.o
                0x0000000004002de4                apvAplPdmRecordsAddress
                0x0000000004002df8                au16AplPdmRecordsSize
 .bss           0x0000000004002e04       0xa4 C:\Users\okaya\AppData\Local\Temp\cc0i0mPL.ltrans18.ltrans.o
                0x0000000004002e04                sMiniMacPhyPib
                0x0000000004002e08                pfnDataReqCallback
                0x0000000004002e0c                aprTimerCallback
                0x0000000004002e2c                au32TimerCounter
                0x0000000004002e4c                sMiniMacInternal
 .bss           0x0000000004002ea8       0x10 C:\Users\okaya\AppData\Local\Temp\cc0i0mPL.ltrans19.ltrans.o
                0x0000000004002ea8                g_bLastRejoinWasSecure
 .bss           0x0000000004002eb8      0x174 C:\Users\okaya\AppData\Local\Temp\cc0i0mPL.ltrans20.ltrans.o
 .bss           0x000000000400302c        0x1 C:\Users\okaya\AppData\Local\Temp\cc0i0mPL.ltrans21.ltrans.o
                0x000000000400302c                bDefaultServerIgnoreHandleMgmtUpdate
 *fill*         0x000000000400302d        0x3 00
 .bss           0x0000000004003030        0x8 C:\Users\okaya\AppData\Local\Temp\cc0i0mPL.ltrans22.ltrans.o
                0x0000000004003030                sThisDeviceMacAddr
 .bss           0x0000000004003038       0x40 C:\Users\okaya\AppData\Local\Temp\cc0i0mPL.ltrans24.ltrans.o
 .bss           0x0000000004003078       0x1c C:\Users\okaya\AppData\Local\Temp\cc0i0mPL.ltrans25.ltrans.o
                0x0000000004003078                a16NwkPdmRecordSizes
                0x0000000004003084                g_u8LegacyBeaconPayloadLen
                0x0000000004003085                au8BeaconPayload.135263
 .bss           0x0000000004003094       0x10 C:\Users\okaya\AppData\Local\Temp\cc0i0mPL.ltrans26.ltrans.o
                0x0000000004003094                psFreeMsgListHead
                0x0000000004003098                pu8ApsSeq
 *fill*         0x00000000040030a4        0x4 00
 .bss           0x00000000040030a8       0x38 C:\Users\okaya\AppData\Local\Temp\cc0i0mPL.ltrans29.ltrans.o
                0x00000000040030a8                sRecoverDevice
                0x00000000040030d8                bZpsMyLastJoinWasRejoin.23263
 .bss           0x00000000040030e0       0x42 C:\Users\okaya\AppData\Local\Temp\cc0i0mPL.ltrans30.ltrans.o
                0x00000000040030e0                bCommandReady.5265
                0x00000000040030e1                command.5263
                0x0000000004003121                cmd_index.5264
 *fill*         0x0000000004003122        0x2 00
 .bss           0x0000000004003124       0x2c C:\Users\okaya\AppData\Local\Temp\cc0i0mPL.ltrans31.ltrans.o
                0x0000000004003124                pwrm_CPUContext
                0x0000000004003148                s_psVsMcpsDcfmInd.32750
                0x000000000400314c                s_psMacDcfmInd.32749
 .bss.dontinitinboot
                0x0000000004003150       0x40 ../../../../sdk/JN-SW-4170/Components/Library\libBoot_JN516x.a(ExceptionHandler.o)
                0x0000000004003150                isr_handlers
 *(.bss.*)
 *(.scommon*)
 *(.scommon.*)
 *(COMMON)
                0x0000000004003190                . = ALIGN (0x4)
                0x0000000004003190                _bss_end = ABSOLUTE (.)

.heap           0x0000000004003190      0x7d0 load address 0x000000000009e220
                0x0000000004003190                _heap_start = ABSOLUTE (.)
                0x0000000004003960                . = (. + __minimum_heap_size)
 *fill*         0x0000000004003190      0x7d0 00

.stack          0x0000000004006c78     0x1388 load address 0x00000000000a1d08
                0x0000000004006c78                _heap_end = ABSOLUTE (.)
                0x0000000004006c78                _stack_low_water_mark = ABSOLUTE (.)
                0x0000000004008000                . = (. + __stack_size)
 *fill*         0x0000000004006c78     0x1388 00

.test           0x000000000009b574        0x1
                0x000000000009b574        0x1 BYTE 0xff
                0x000000000009b0dc                _flash_data_start = LOADADDR (.data)
                0x0000000000000498                _ram_data_len = (((_ram_data_end - _ram_data_start) + 0x3) & 0xfffffffffffffffc)
                0x0000000000002cac                _bss_len = (((_bss_end - _bss_start) + 0x3) & 0xfffffffffffffffc)
                0x000000000001b574                _image_len = ((((_flash_end - _flash_start) + _ram_data_len) + 0x3) & 0xfffffffffffffffc)
                0x0000000004008000                _ram_top = (ABSOLUTE (ORIGIN (ram)) + 0x7fb4)
                0x0000000004008000                ram_top = (ABSOLUTE (ORIGIN (ram)) + 0x7fb4)
                0x0000000001001580                _app_ram_start = 0x1001580
                0x0000000004000488                PROVIDE (_heap_location, u32HeapStart)
                0x0000000004000488                PROVIDE (heap_location, u32HeapStart)
OUTPUT(AN1229_ZBP_Router_JN5169.elf elf32-ba)

.comment        0x0000000000000000       0x11
 .comment       0x0000000000000000       0x11 C:\Users\okaya\AppData\Local\Temp\cc0i0mPL.ltrans0.ltrans.o
                                         0x12 (size before relaxing)
 .comment       0x0000000000000000       0x12 C:\Users\okaya\AppData\Local\Temp\cc0i0mPL.ltrans1.ltrans.o
 .comment       0x0000000000000000       0x12 C:\Users\okaya\AppData\Local\Temp\cc0i0mPL.ltrans2.ltrans.o
 .comment       0x0000000000000000       0x12 C:\Users\okaya\AppData\Local\Temp\cc0i0mPL.ltrans3.ltrans.o
 .comment       0x0000000000000000       0x12 C:\Users\okaya\AppData\Local\Temp\cc0i0mPL.ltrans4.ltrans.o
 .comment       0x0000000000000000       0x12 C:\Users\okaya\AppData\Local\Temp\cc0i0mPL.ltrans5.ltrans.o
 .comment       0x0000000000000000       0x12 C:\Users\okaya\AppData\Local\Temp\cc0i0mPL.ltrans6.ltrans.o
 .comment       0x0000000000000000       0x12 C:\Users\okaya\AppData\Local\Temp\cc0i0mPL.ltrans7.ltrans.o
 .comment       0x0000000000000000       0x12 C:\Users\okaya\AppData\Local\Temp\cc0i0mPL.ltrans8.ltrans.o
 .comment       0x0000000000000000       0x12 C:\Users\okaya\AppData\Local\Temp\cc0i0mPL.ltrans9.ltrans.o
 .comment       0x0000000000000000       0x12 C:\Users\okaya\AppData\Local\Temp\cc0i0mPL.ltrans10.ltrans.o
 .comment       0x0000000000000000       0x12 C:\Users\okaya\AppData\Local\Temp\cc0i0mPL.ltrans11.ltrans.o
 .comment       0x0000000000000000       0x12 C:\Users\okaya\AppData\Local\Temp\cc0i0mPL.ltrans12.ltrans.o
 .comment       0x0000000000000000       0x12 C:\Users\okaya\AppData\Local\Temp\cc0i0mPL.ltrans13.ltrans.o
 .comment       0x0000000000000000       0x12 C:\Users\okaya\AppData\Local\Temp\cc0i0mPL.ltrans14.ltrans.o
 .comment       0x0000000000000000       0x12 C:\Users\okaya\AppData\Local\Temp\cc0i0mPL.ltrans15.ltrans.o
 .comment       0x0000000000000000       0x12 C:\Users\okaya\AppData\Local\Temp\cc0i0mPL.ltrans16.ltrans.o
 .comment       0x0000000000000000       0x12 C:\Users\okaya\AppData\Local\Temp\cc0i0mPL.ltrans17.ltrans.o
 .comment       0x0000000000000000       0x12 C:\Users\okaya\AppData\Local\Temp\cc0i0mPL.ltrans18.ltrans.o
 .comment       0x0000000000000000       0x12 C:\Users\okaya\AppData\Local\Temp\cc0i0mPL.ltrans19.ltrans.o
 .comment       0x0000000000000000       0x12 C:\Users\okaya\AppData\Local\Temp\cc0i0mPL.ltrans20.ltrans.o
 .comment       0x0000000000000000       0x12 C:\Users\okaya\AppData\Local\Temp\cc0i0mPL.ltrans21.ltrans.o
 .comment       0x0000000000000000       0x12 C:\Users\okaya\AppData\Local\Temp\cc0i0mPL.ltrans22.ltrans.o
 .comment       0x0000000000000000       0x12 C:\Users\okaya\AppData\Local\Temp\cc0i0mPL.ltrans23.ltrans.o
 .comment       0x0000000000000000       0x12 C:\Users\okaya\AppData\Local\Temp\cc0i0mPL.ltrans24.ltrans.o
 .comment       0x0000000000000000       0x12 C:\Users\okaya\AppData\Local\Temp\cc0i0mPL.ltrans25.ltrans.o
 .comment       0x0000000000000000       0x12 C:\Users\okaya\AppData\Local\Temp\cc0i0mPL.ltrans26.ltrans.o
 .comment       0x0000000000000000       0x12 C:\Users\okaya\AppData\Local\Temp\cc0i0mPL.ltrans27.ltrans.o
 .comment       0x0000000000000000       0x12 C:\Users\okaya\AppData\Local\Temp\cc0i0mPL.ltrans28.ltrans.o
 .comment       0x0000000000000000       0x12 C:\Users\okaya\AppData\Local\Temp\cc0i0mPL.ltrans29.ltrans.o
 .comment       0x0000000000000000       0x12 C:\Users\okaya\AppData\Local\Temp\cc0i0mPL.ltrans30.ltrans.o
 .comment       0x0000000000000000       0x12 C:\Users\okaya\AppData\Local\Temp\cc0i0mPL.ltrans31.ltrans.o
 .comment       0x0000000000000000       0x12 c:/nxp/bstudio_nxp/sdk/tools/ba-elf-ba2-r36379/bin/../lib/gcc/ba-elf/4.7.4/../../../../ba-elf/lib/mcpu_jn51xx_sizeopt\libc.a(lib_a-memcmp.o)
 .comment       0x0000000000000000       0x12 c:/nxp/bstudio_nxp/sdk/tools/ba-elf-ba2-r36379/bin/../lib/gcc/ba-elf/4.7.4/../../../../ba-elf/lib/mcpu_jn51xx_sizeopt\libc.a(lib_a-memcpy.o)
 .comment       0x0000000000000000       0x12 c:/nxp/bstudio_nxp/sdk/tools/ba-elf-ba2-r36379/bin/../lib/gcc/ba-elf/4.7.4/../../../../ba-elf/lib/mcpu_jn51xx_sizeopt\libc.a(lib_a-memset.o)

.debug_info     0x0000000000000000      0x5aa
 .debug_info    0x0000000000000000       0xf3 c:/nxp/bstudio_nxp/sdk/tools/ba-elf-ba2-r36379/bin/../lib/gcc/ba-elf/4.7.4/../../../../ba-elf/lib/mcpu_jn51xx_sizeopt\libc.a(lib_a-memcmp.o)
 .debug_info    0x00000000000000f3      0x106 c:/nxp/bstudio_nxp/sdk/tools/ba-elf-ba2-r36379/bin/../lib/gcc/ba-elf/4.7.4/../../../../ba-elf/lib/mcpu_jn51xx_sizeopt\libc.a(lib_a-memcpy.o)
 .debug_info    0x00000000000001f9       0xd7 c:/nxp/bstudio_nxp/sdk/tools/ba-elf-ba2-r36379/bin/../lib/gcc/ba-elf/4.7.4/../../../../ba-elf/lib/mcpu_jn51xx_sizeopt\libc.a(lib_a-memset.o)
 .debug_info    0x00000000000002d0       0xb4 c:/nxp/bstudio_nxp/sdk/tools/ba-elf-ba2-r36379/bin/../lib/gcc/ba-elf/4.7.4/mcpu_jn51xx_sizeopt\libgcc.a(__udivsi3.o)
 .debug_info    0x0000000000000384       0xb4 c:/nxp/bstudio_nxp/sdk/tools/ba-elf-ba2-r36379/bin/../lib/gcc/ba-elf/4.7.4/mcpu_jn51xx_sizeopt\libgcc.a(__umodsi3.o)
 .debug_info    0x0000000000000438       0xb4 c:/nxp/bstudio_nxp/sdk/tools/ba-elf-ba2-r36379/bin/../lib/gcc/ba-elf/4.7.4/mcpu_jn51xx_sizeopt\libgcc.a(__modsi3.o)
 .debug_info    0x00000000000004ec       0xbe ../../../../sdk/JN-SW-4170/Components/Library\libBoot_JN516x.a(ExceptionHandler.o)

.debug_abbrev   0x0000000000000000      0x210
 .debug_abbrev  0x0000000000000000       0x8e c:/nxp/bstudio_nxp/sdk/tools/ba-elf-ba2-r36379/bin/../lib/gcc/ba-elf/4.7.4/../../../../ba-elf/lib/mcpu_jn51xx_sizeopt\libc.a(lib_a-memcmp.o)
 .debug_abbrev  0x000000000000008e       0xa4 c:/nxp/bstudio_nxp/sdk/tools/ba-elf-ba2-r36379/bin/../lib/gcc/ba-elf/4.7.4/../../../../ba-elf/lib/mcpu_jn51xx_sizeopt\libc.a(lib_a-memcpy.o)
 .debug_abbrev  0x0000000000000132       0x8e c:/nxp/bstudio_nxp/sdk/tools/ba-elf-ba2-r36379/bin/../lib/gcc/ba-elf/4.7.4/../../../../ba-elf/lib/mcpu_jn51xx_sizeopt\libc.a(lib_a-memset.o)
 .debug_abbrev  0x00000000000001c0       0x14 c:/nxp/bstudio_nxp/sdk/tools/ba-elf-ba2-r36379/bin/../lib/gcc/ba-elf/4.7.4/mcpu_jn51xx_sizeopt\libgcc.a(__udivsi3.o)
 .debug_abbrev  0x00000000000001d4       0x14 c:/nxp/bstudio_nxp/sdk/tools/ba-elf-ba2-r36379/bin/../lib/gcc/ba-elf/4.7.4/mcpu_jn51xx_sizeopt\libgcc.a(__umodsi3.o)
 .debug_abbrev  0x00000000000001e8       0x14 c:/nxp/bstudio_nxp/sdk/tools/ba-elf-ba2-r36379/bin/../lib/gcc/ba-elf/4.7.4/mcpu_jn51xx_sizeopt\libgcc.a(__modsi3.o)
 .debug_abbrev  0x00000000000001fc       0x14 ../../../../sdk/JN-SW-4170/Components/Library\libBoot_JN516x.a(ExceptionHandler.o)

.debug_loc      0x0000000000000000       0xeb
 .debug_loc     0x0000000000000000       0x73 c:/nxp/bstudio_nxp/sdk/tools/ba-elf-ba2-r36379/bin/../lib/gcc/ba-elf/4.7.4/../../../../ba-elf/lib/mcpu_jn51xx_sizeopt\libc.a(lib_a-memcmp.o)
 .debug_loc     0x0000000000000073       0x39 c:/nxp/bstudio_nxp/sdk/tools/ba-elf-ba2-r36379/bin/../lib/gcc/ba-elf/4.7.4/../../../../ba-elf/lib/mcpu_jn51xx_sizeopt\libc.a(lib_a-memcpy.o)
 .debug_loc     0x00000000000000ac       0x3f c:/nxp/bstudio_nxp/sdk/tools/ba-elf-ba2-r36379/bin/../lib/gcc/ba-elf/4.7.4/../../../../ba-elf/lib/mcpu_jn51xx_sizeopt\libc.a(lib_a-memset.o)

.debug_aranges  0x0000000000000000       0xe0
 .debug_aranges
                0x0000000000000000       0x20 c:/nxp/bstudio_nxp/sdk/tools/ba-elf-ba2-r36379/bin/../lib/gcc/ba-elf/4.7.4/../../../../ba-elf/lib/mcpu_jn51xx_sizeopt\libc.a(lib_a-memcmp.o)
 .debug_aranges
                0x0000000000000020       0x20 c:/nxp/bstudio_nxp/sdk/tools/ba-elf-ba2-r36379/bin/../lib/gcc/ba-elf/4.7.4/../../../../ba-elf/lib/mcpu_jn51xx_sizeopt\libc.a(lib_a-memcpy.o)
 .debug_aranges
                0x0000000000000040       0x20 c:/nxp/bstudio_nxp/sdk/tools/ba-elf-ba2-r36379/bin/../lib/gcc/ba-elf/4.7.4/../../../../ba-elf/lib/mcpu_jn51xx_sizeopt\libc.a(lib_a-memset.o)
 .debug_aranges
                0x0000000000000060       0x20 c:/nxp/bstudio_nxp/sdk/tools/ba-elf-ba2-r36379/bin/../lib/gcc/ba-elf/4.7.4/mcpu_jn51xx_sizeopt\libgcc.a(__udivsi3.o)
 .debug_aranges
                0x0000000000000080       0x20 c:/nxp/bstudio_nxp/sdk/tools/ba-elf-ba2-r36379/bin/../lib/gcc/ba-elf/4.7.4/mcpu_jn51xx_sizeopt\libgcc.a(__umodsi3.o)
 .debug_aranges
                0x00000000000000a0       0x20 c:/nxp/bstudio_nxp/sdk/tools/ba-elf-ba2-r36379/bin/../lib/gcc/ba-elf/4.7.4/mcpu_jn51xx_sizeopt\libgcc.a(__modsi3.o)
 .debug_aranges
                0x00000000000000c0       0x20 ../../../../sdk/JN-SW-4170/Components/Library\libBoot_JN516x.a(ExceptionHandler.o)

.debug_line     0x0000000000000000      0xe60
 .debug_line    0x0000000000000000      0x154 c:/nxp/bstudio_nxp/sdk/tools/ba-elf-ba2-r36379/bin/../lib/gcc/ba-elf/4.7.4/../../../../ba-elf/lib/mcpu_jn51xx_sizeopt\libc.a(lib_a-memcmp.o)
 .debug_line    0x0000000000000154      0x148 c:/nxp/bstudio_nxp/sdk/tools/ba-elf-ba2-r36379/bin/../lib/gcc/ba-elf/4.7.4/../../../../ba-elf/lib/mcpu_jn51xx_sizeopt\libc.a(lib_a-memcpy.o)
 .debug_line    0x000000000000029c      0x13e c:/nxp/bstudio_nxp/sdk/tools/ba-elf-ba2-r36379/bin/../lib/gcc/ba-elf/4.7.4/../../../../ba-elf/lib/mcpu_jn51xx_sizeopt\libc.a(lib_a-memset.o)
 .debug_line    0x00000000000003da      0x47b c:/nxp/bstudio_nxp/sdk/tools/ba-elf-ba2-r36379/bin/../lib/gcc/ba-elf/4.7.4/mcpu_jn51xx_sizeopt\libgcc.a(__udivsi3.o)
 .debug_line    0x0000000000000855      0x3c7 c:/nxp/bstudio_nxp/sdk/tools/ba-elf-ba2-r36379/bin/../lib/gcc/ba-elf/4.7.4/mcpu_jn51xx_sizeopt\libgcc.a(__umodsi3.o)
 .debug_line    0x0000000000000c1c       0xa3 c:/nxp/bstudio_nxp/sdk/tools/ba-elf-ba2-r36379/bin/../lib/gcc/ba-elf/4.7.4/mcpu_jn51xx_sizeopt\libgcc.a(__modsi3.o)
 .debug_line    0x0000000000000cbf      0x1a1 ../../../../sdk/JN-SW-4170/Components/Library\libBoot_JN516x.a(ExceptionHandler.o)

.debug_str      0x0000000000000000      0x1bf
 .debug_str     0x0000000000000000      0x119 c:/nxp/bstudio_nxp/sdk/tools/ba-elf-ba2-r36379/bin/../lib/gcc/ba-elf/4.7.4/../../../../ba-elf/lib/mcpu_jn51xx_sizeopt\libc.a(lib_a-memcmp.o)
                                        0x152 (size before relaxing)
 .debug_str     0x0000000000000119       0x5d c:/nxp/bstudio_nxp/sdk/tools/ba-elf-ba2-r36379/bin/../lib/gcc/ba-elf/4.7.4/../../../../ba-elf/lib/mcpu_jn51xx_sizeopt\libc.a(lib_a-memcpy.o)
                                        0x166 (size before relaxing)
 .debug_str     0x0000000000000176       0x49 c:/nxp/bstudio_nxp/sdk/tools/ba-elf-ba2-r36379/bin/../lib/gcc/ba-elf/4.7.4/../../../../ba-elf/lib/mcpu_jn51xx_sizeopt\libc.a(lib_a-memset.o)
                                        0x152 (size before relaxing)

.debug_frame    0x0000000000000000       0x60
 .debug_frame   0x0000000000000000       0x20 c:/nxp/bstudio_nxp/sdk/tools/ba-elf-ba2-r36379/bin/../lib/gcc/ba-elf/4.7.4/../../../../ba-elf/lib/mcpu_jn51xx_sizeopt\libc.a(lib_a-memcmp.o)
 .debug_frame   0x0000000000000020       0x20 c:/nxp/bstudio_nxp/sdk/tools/ba-elf-ba2-r36379/bin/../lib/gcc/ba-elf/4.7.4/../../../../ba-elf/lib/mcpu_jn51xx_sizeopt\libc.a(lib_a-memcpy.o)
 .debug_frame   0x0000000000000040       0x20 c:/nxp/bstudio_nxp/sdk/tools/ba-elf-ba2-r36379/bin/../lib/gcc/ba-elf/4.7.4/../../../../ba-elf/lib/mcpu_jn51xx_sizeopt\libc.a(lib_a-memset.o)
