Archive member included because of file (symbol)

../../../../sdk/JN-SW-4170/Components/Library\libZPSMAC_Mini_SOC_JN516x.a(zps_mac_shim.o)
                              zps_gen.o (symbol from plugin) (APP_bMultimaskJoinCallBack)
../../../../sdk/JN-SW-4170/Components/Library\libZPSMAC_Mini_SOC_JN516x.a(zps_miniMac.o)
                              zps_mac_shim.o (symbol from plugin) (zps_eSocMacSetTxBuffers)
../../../../sdk/JN-SW-4170/Components/Library\libZPSMAC_Mini_SOC_JN516x.a(zps_mac_common.o)
                              zps_mac_shim.o (symbol from plugin) (g_u8LegacyBeaconPayloadLen)
../../../../sdk/JN-SW-4170/Components/Library\libZPSMAC_Mini_SOC_JN516x.a(zps_mac_ie.o)
                              zps_mac_common.o (symbol from plugin) (zps_u8MacIECopyZigbeePayloadSubIE)
../../../../sdk/JN-SW-4170/Components/Library\libPWRM_JN516x.a(pwrm.o)
                              app_start.o (symbol from plugin) (PWRM_vInit)
../../../../sdk/JN-SW-4170/Components/Library\libPWRM_JN516x.a(pwrm_setjmp_JN516x.o)
                              pwrm.o (symbol from plugin) (setjmp)
../../../../sdk/JN-SW-4170/Components/Library\libPWRM_JN516x.a(pwrm_cold_start.o)
                              (AppColdStart)
../../../../sdk/JN-SW-4170/Components/Library\libPWRM_JN516x.a(pwrm_warm_start.o)
                              (AppWarmStart)
../../../../sdk/JN-SW-4170/Components/Library\libPDUM_JN516x.a(pdum_nwk.o)
                              zps_miniMac.o (symbol from plugin) (PDUM_eNPduAllocate)
../../../../sdk/JN-SW-4170/Components/Library\libPDUM_JN516x.a(pdum_apl.o)
                              appZdpExtraction.o (symbol from plugin) (PDUM_u16APduInstanceReadNBO)
../../../../sdk/JN-SW-4170/Components/Library\libPDUM_JN516x.a(pdum.o)
                              pdum_nwk.o (symbol from plugin) (PDUM_u16SizeNBO)
../../../../sdk/JN-SW-4170/Components/Library\libZPSAPL_JN516x.a(zps_apl_inl.o)
                              zps_mac_ie.o (symbol from plugin) (ZPS_pu8AplZdoGetVsOUI)
../../../../sdk/JN-SW-4170/Components/Library\libZPSAPL_JN516x.a(zps_apl_af.o)
                              app_router.o (symbol from plugin) (ZPS_eAplAfInit)
../../../../sdk/JN-SW-4170/Components/Library\libZPSAPL_JN516x.a(zps_apl_af_apsde.o)
                              zps_gen.o (symbol from plugin) (zps_vHandleApsdeDataFragIndNotSupported)
../../../../sdk/JN-SW-4170/Components/Library\libZPSAPL_JN516x.a(zps_apl_task.o)
                              zps_apl_af_apsde.o (symbol from plugin) (zps_vAplAfPostEvent)
../../../../sdk/JN-SW-4170/Components/Library\libZPSAPL_JN516x.a(zps_apl_apsde.o)
                              zps_apl_task.o (symbol from plugin) (ZPS_vAplRegisterApsdeDcfmIndCallbacks)
../../../../sdk/JN-SW-4170/Components/Library\libZPSAPL_JN516x.a(zps_apl_apsme.o)
                              zps_apl_task.o (symbol from plugin) (ZPS_vAplRegisterApsmeDcfmIndCallbacks)
../../../../sdk/JN-SW-4170/Components/Library\libZPSAPL_JN516x.a(zps_apl_aps_nlde.o)
                              zps_apl_task.o (symbol from plugin) (zps_vAplApsHandleNldeDcfmInd)
../../../../sdk/JN-SW-4170/Components/Library\libZPSAPL_JN516x.a(zps_apl_sec.o)
                              zps_apl_apsme.o (symbol from plugin) (zps_vGenerateHashForVerifiedKey)
../../../../sdk/JN-SW-4170/Components/Library\libZPSAPL_JN516x.a(zps_apl_aib.o)
                              app_router.o (symbol from plugin) (zps_psAplAibGetAib)
../../../../sdk/JN-SW-4170/Components/Library\libZPSAPL_JN516x.a(zps_apl_zdo_nwkmanager.o)
                              zps_apl_apsme.o (symbol from plugin) (zps_vAplSaveRecord)
../../../../sdk/JN-SW-4170/Components/Library\libZPSAPL_JN516x.a(zps_apl_zdo_handle_zdp_event.o)
                              zps_apl_task.o (symbol from plugin) (zps_bAplZdoHandleZdpEvent)
../../../../sdk/JN-SW-4170/Components/Library\libZPSAPL_JN516x.a(zps_apl_zdo_trust_center.o)
                              zps_apl_inl.o (symbol from plugin) (zps_eAplTrustCenterFindDevice)
../../../../sdk/JN-SW-4170/Components/Library\libZPSAPL_JN516x.a(zps_apl_zdo_common.o)
                              zps_apl_zdo_nwkmanager.o (symbol from plugin) (zps_eAplZdoNlmeleaveWrapper)
../../../../sdk/JN-SW-4170/Components/Library\libZPSAPL_JN516x.a(zps_apl_zdo_group.o)
                              zps_apl_inl.o (symbol from plugin) (zps_eAplZdoGroupEndpointAdd)
../../../../sdk/JN-SW-4170/Components/Library\libZPSAPL_JN516x.a(zps_apl_zdo_default_server.o)
                              zps_gen.o (symbol from plugin) (zps_vAplZdoDefaultServerInit)
../../../../sdk/JN-SW-4170/Components/Library\libZPSAPL_JN516x.a(zps_apl_zdo_bind_manager.o)
                              zps_apl_inl.o (symbol from plugin) (zps_eAplZdoBind)
../../../../sdk/JN-SW-4170/Components/Library\libZPSAPL_JN516x.a(zps_apl_mac_isr.o)
                              zps_apl_zdo_nwkmanager.o (symbol from plugin) (zps_vAplAfIsrInit)
../../../../sdk/JN-SW-4170/Components/Library\libZPSAPL_JN516x.a(zps_apl_zdo_nwk_addr_server.o)
[...]
Memory Configuration

Name             Origin             Length             Attributes
flash            0x0000000000080000 0x0000000000080000
ram              0x000000000400004c 0x0000000000007fb4
*default*        0x0000000000000000 0xffffffffffffffff

Linker script and memory map

                0x0000000000001388                __stack_size = 0x1388
                0x00000000000007d0                __minimum_heap_size = 0x7d0
START GROUP
LOAD irq_JN516x.o
LOAD portasm_JN516x.o
LOAD port_JN516x.o
LOAD C:\Users\okaya\AppData\Local\Temp\cccCd7Sb.ltrans0.ltrans.o
LOAD C:\Users\okaya\AppData\Local\Temp\cccCd7Sb.ltrans1.ltrans.o
LOAD C:\Users\okaya\AppData\Local\Temp\cccCd7Sb.ltrans2.ltrans.o
LOAD C:\Users\okaya\AppData\Local\Temp\cccCd7Sb.ltrans3.ltrans.o
LOAD C:\Users\okaya\AppData\Local\Temp\cccCd7Sb.ltrans4.ltrans.o
LOAD C:\Users\okaya\AppData\Local\Temp\cccCd7Sb.ltrans5.ltrans.o
LOAD C:\Users\okaya\AppData\Local\Temp\cccCd7Sb.ltrans6.ltrans.o
LOAD C:\Users\okaya\AppData\Local\Temp\cccCd7Sb.ltrans7.ltrans.o
LOAD C:\Users\okaya\AppData\Local\Temp\cccCd7Sb.ltrans8.ltrans.o
LOAD C:\Users\okaya\AppData\Local\Temp\cccCd7Sb.ltrans9.ltrans.o
LOAD C:\Users\okaya\AppData\Local\Temp\cccCd7Sb.ltrans10.ltrans.o
LOAD C:\Users\okaya\AppData\Local\Temp\cccCd7Sb.ltrans11.ltrans.o
LOAD C:\Users\okaya\AppData\Local\Temp\cccCd7Sb.ltrans12.ltrans.o
LOAD C:\Users\okaya\AppData\Local\Temp\cccCd7Sb.ltrans13.ltrans.o
LOAD C:\Users\okaya\AppData\Local\Temp\cccCd7Sb.ltrans14.ltrans.o
LOAD C:\Users\okaya\AppData\Local\Temp\cccCd7Sb.ltrans15.ltrans.o
LOAD C:\Users\okaya\AppData\Local\Temp\cccCd7Sb.ltrans16.ltrans.o
LOAD C:\Users\okaya\AppData\Local\Temp\cccCd7Sb.ltrans17.ltrans.o
LOAD C:\Users\okaya\AppData\Local\Temp\cccCd7Sb.ltrans18.ltrans.o
LOAD C:\Users\okaya\AppData\Local\Temp\cccCd7Sb.ltrans19.ltrans.o
LOAD C:\Users\okaya\AppData\Local\Temp\cccCd7Sb.ltrans20.ltrans.o
LOAD C:\Users\okaya\AppData\Local\Temp\cccCd7Sb.ltrans21.ltrans.o
LOAD C:\Users\okaya\AppData\Local\Temp\cccCd7Sb.ltrans22.ltrans.o
LOAD C:\Users\okaya\AppData\Local\Temp\cccCd7Sb.ltrans23.ltrans.o
LOAD C:\Users\okaya\AppData\Local\Temp\cccCd7Sb.ltrans24.ltrans.o
LOAD C:\Users\okaya\AppData\Local\Temp\cccCd7Sb.ltrans25.ltrans.o
LOAD C:\Users\okaya\AppData\Local\Temp\cccCd7Sb.ltrans26.ltrans.o
LOAD C:\Users\okaya\AppData\Local\Temp\cccCd7Sb.ltrans27.ltrans.o
LOAD C:\Users\okaya\AppData\Local\Temp\cccCd7Sb.ltrans28.ltrans.o
LOAD C:\Users\okaya\AppData\Local\Temp\cccCd7Sb.ltrans29.ltrans.o
LOAD C:\Users\okaya\AppData\Local\Temp\cccCd7Sb.ltrans30.ltrans.o
LOAD C:\Users\okaya\AppData\Local\Temp\cccCd7Sb.ltrans31.ltrans.o
LOAD c:/nxp/bstudio_nxp/sdk/tools/ba-elf-ba2-r36379/bin/../lib/gcc/ba-elf/4.7.4/../../../../ba-elf/lib/mcpu_jn51xx_sizeopt\libc.a
LOAD c:/nxp/bstudio_nxp/sdk/tools/ba-elf-ba2-r36379/bin/../lib/gcc/ba-elf/4.7.4/mcpu_jn51xx_sizeopt\libgcc.a
LOAD c:/nxp/bstudio_nxp/sdk/tools/ba-elf-ba2-r36379/bin/../lib/gcc/ba-elf/4.7.4/../../../../ba-elf/lib/mcpu_jn51xx_sizeopt\libc.a
LOAD pdum_gen.o
LOAD pdum_apdu.o
LOAD zps_gen.o
LOAD app_start.o
LOAD app_router.o
LOAD app_endpoint.o
LOAD appZdpExtraction.o
LOAD appZpsBeaconHandler.o
LOAD app_pdm.o
LOAD Utils.o
LOAD ZQueue.o
LOAD ZTimer.o
LOAD app_zps_link_keys.o
LOAD ../../../../sdk/JN-SW-4170/Components/Library\libJPT_JN5169.a
LOAD ../../../../sdk/JN-SW-4170/Components/Library\libZPSMAC_Mini_SOC_JN516x.a
LOAD ../../../../sdk/JN-SW-4170/Components/Library\libPWRM_JN516x.a
LOAD ../../../../sdk/JN-SW-4170/Components/Library\libZPSTSV_JN516x.a
LOAD ../../../../sdk/JN-SW-4170/Components/Library\libAES_SW_JN516x.a
LOAD ../../../../sdk/JN-SW-4170/Components/Library\libPDUM_JN516x.a
LOAD ../../../../sdk/JN-SW-4170/Components/Library\libZPSAPL_JN516x.a
LOAD ../../../../sdk/JN-SW-4170/Components/Library\libRandom_JN516x.a
LOAD ../../../../sdk/JN-SW-4170/Components/Library\libPDM_EEPROM_NO_RTOS_JN516x.a
LOAD ../../../../sdk/JN-SW-4170/Components/Library\libDBG_JN516x.a
LOAD ../../../../sdk/JN-SW-4170/Components/Library\libZPSNWK_JN516x.a
LOAD ../../../../sdk/JN-SW-4170/Components/Library\libMiniMac_JN5169.a
LOAD ../../../../sdk/JN-SW-4170/Components/Library\libMiniMacShim_JN516x.a
LOAD ../../../../sdk/JN-SW-4170/Components/Library\libMMAC_JN5169.a
LOAD ../../../../sdk/JN-SW-4170/Components/Library\libJPT_JN5169.a
LOAD ../../../../sdk/JN-SW-4170/Components/Library\libAes_JN516x.a
LOAD ../../../../sdk/JN-SW-4170/Components/Library\libHardwareApi_JN5169.a
LOAD ../../../../sdk/JN-SW-4170/Components/Library\libMicroSpecific_JN516x.a
LOAD ../../../../sdk/JN-SW-4170/Components/Library\libBoot_JN516x.a
LOAD ../../../../sdk/JN-SW-4170/Platform/DK4/Library\libBoardLib_JN516x.a
END GROUP
LOAD c:/nxp/bstudio_nxp/sdk/tools/ba-elf-ba2-r36379/bin/../lib/gcc/ba-elf/4.7.4/../../../../ba-elf/lib/mcpu_jn51xx_sizeopt\libc.a
LOAD c:/nxp/bstudio_nxp/sdk/tools/ba-elf-ba2-r36379/bin/../lib/gcc/ba-elf/4.7.4/mcpu_jn51xx_sizeopt\libgcc.a
LOAD c:/nxp/bstudio_nxp/sdk/tools/ba-elf-ba2-r36379/bin/../lib/gcc/ba-elf/4.7.4/../../../../ba-elf/lib/mcpu_jn51xx_sizeopt\libc.a
                0x0000000000080038                exception_vsr_table = 0x80038
                0x0000000004000000                pSPIflashFncTable = 0x4000000
                0x0000000000000044                restore_state = 0x44
                0x000000000000004a                bZSPIWaitWIPClear = 0x4a
                0x0000000000000050                u16ZSPIflashRDID = 0x50
                0x0000000000000056                u8SelectFlashChipType = 0x56
                0x000000000000005c                memcpy = 0x5c
                0x0000000000000066                vBootFlashProg = 0x66
                [0x00000000000007d0]                __minimum_heap_size = DEFINED (__minimum_heap_size)?__minimum_heap_size:0xd16
                [0x0000000000001388]                __stack_size = DEFINED (__stack_size)?__stack_size:0x800
                0x0000000000000000                _SwConfig = (DEFINED (g_bSWConf_Debug) | (DEFINED (g_bSWConf_AltDebugPort) << 0x1))

.version        0x000000000007fffc        0x4
                0x000000000007fffc        0x4 LONG 0xf03000b

.bir            0x0000000000080000       0x10
                0x0000000000080000                _flash_start = ABSOLUTE (.)
                0x0000000000080000                _flash_beg = ABSOLUTE (.)
                0x0000000000080000        0x4 LONG 0x12345678
                0x0000000000080004        0x4 LONG 0x11223344
                0x0000000000080008        0x4 LONG 0x55667788
                0x000000000008000c        0x1 BYTE 0x8
                0x000000000008000d        0x1 BYTE 0x1
                0x000000000008000e        0x2 SHORT 0x0

.flashheader    0x0000000000080010       0x28
                0x0000000000080010        0x4 LONG 0x0
                0x0000000000080014        0x4 LONG 0x0
                0x0000000000080018        0x4 LONG 0x0
                0x000000000008001c        0x2 SHORT 0x0
                0x000000000008001e        0x2 SHORT 0x0 ABSOLUTE (_SwConfig)
                0x0000000000080020                _enc_start = ABSOLUTE (.)
                0x0000000000080020        0x4 LONG 0x1c344 ABSOLUTE (_image_len)
                0x0000000000080024        0x4 LONG 0x9beac ABSOLUTE (_flash_data_start)
                0x0000000000080028        0x2 SHORT 0x13 ((ABSOLUTE (_ram_data_start) / 0x4) & 0xffff)
                0x000000000008002a        0x2 SHORT 0x126 ((ABSOLUTE (_ram_data_len) / 0x4) & 0xffff)
                0x000000000008002c        0x2 SHORT 0x139 ((ABSOLUTE (_bss_start) / 0x4) & 0xffff)
                0x000000000008002e        0x2 SHORT 0xb31 ((ABSOLUTE (_bss_len) / 0x4) & 0xffff)
                0x0000000000080030        0x4 LONG 0x9b6aa ABSOLUTE (AppWarmStart)
                0x0000000000080034        0x4 LONG 0x815e4 ABSOLUTE (AppColdStart)
                0x0000000000000000                _enc_offset = (_enc_start & 0xf)

.ro_mac_address
                0x0000000000080040        0x0
                0x0000000000080040                _FlsMACAddress = ABSOLUTE (.)
 *(.ro_mac_address)
                0x0000000000080040                . = ALIGN (0x10)

.ro_ota_header  0x0000000000080040        0x0
                0x0000000000080040                _FlsOtaHeader = ABSOLUTE (.)
 *(.ro_ota_header)
                0x0000000000080040                . = ALIGN (0x10)

.ro_se_lnkKey   0x0000000000080040        0x0
                0x0000000000080040                _FlsLinkKey = ABSOLUTE (.)
 *(.ro_se_lnkKey)
                0x0000000000080040                . = ALIGN (0x10)

.rodata         0x0000000000080038     0x148b
 *(.rodata*)
 .rodata.str1.1
                0x0000000000080038       0xc5 C:\Users\okaya\AppData\Local\Temp\cccCd7Sb.ltrans0.ltrans.o
 *fill*         0x00000000000800fd        0x3 00
 .rodata        0x0000000000080100      0x3e8 C:\Users\okaya\AppData\Local\Temp\cccCd7Sb.ltrans0.ltrans.o
                0x0000000000080120                psAplDefaultDistributedAPSLinkKey
                0x0000000000080124                au32UartAddrOffset
                0x000000000008012c                g_u32ApsFcSaveCountBitShift
                0x0000000000080130                u8MaxZpsConfigEp
                0x0000000000080131                au8EpMapPresent
                0x0000000000080134                s_groupPdmTable
                0x000000000008013c                zps_g_pvApl
                0x0000000000080140                pwrm_psWakeupCallbacks
 .rodata.str1.1
                0x00000000000804e8      0x772 C:\Users\okaya\AppData\Local\Temp\cccCd7Sb.ltrans1.ltrans.o
                                        0x785 (size before relaxing)
 *fill*         0x0000000000080c5a        0x2 00
 .rodata        0x0000000000080c5c      0x250 C:\Users\okaya\AppData\Local\Temp\cccCd7Sb.ltrans1.ltrans.o
                0x0000000000080c5c                zps_pacNwkFrmStdByteFmt
                0x0000000000080c60                zps_pacNwkFrmStdLongFmt
                0x0000000000080c64                zps_pacNwkFrmStdHalfFmt
 .rodata.str1.1
                0x0000000000080eac       0x1c C:\Users\okaya\AppData\Local\Temp\cccCd7Sb.ltrans2.ltrans.o
                                         0x34 (size before relaxing)
 .rodata        0x0000000000080ec8       0x30 C:\Users\okaya\AppData\Local\Temp\cccCd7Sb.ltrans3.ltrans.o
 .rodata.str1.1
                0x0000000000000000        0x8 C:\Users\okaya\AppData\Local\Temp\cccCd7Sb.ltrans3.ltrans.o
 .rodata        0x0000000000080ef8       0x10 C:\Users\okaya\AppData\Local\Temp\cccCd7Sb.ltrans4.ltrans.o
                0x0000000000080ef8                au8FlashWaitStatesHSRCO.154398
                0x0000000000080f00                au8FlashWaitStates32MXO.154397
 .rodata.str1.1
                0x0000000000000000       0x1c C:\Users\okaya\AppData\Local\Temp\cccCd7Sb.ltrans5.ltrans.o
                                          0x3 (size before relaxing)
 .rodata.str1.1
                0x0000000000000000        0x3 C:\Users\okaya\AppData\Local\Temp\cccCd7Sb.ltrans6.ltrans.o
 .rodata.str1.1
                0x0000000000080f08        0x3 C:\Users\okaya\AppData\Local\Temp\cccCd7Sb.ltrans7.ltrans.o
                                          0x7 (size before relaxing)
 .rodata.str1.1
                0x0000000000080f0b       0x11 C:\Users\okaya\AppData\Local\Temp\cccCd7Sb.ltrans8.ltrans.o
                                         0x20 (size before relaxing)
 .rodata.str1.1
                0x0000000000000000        0xb C:\Users\okaya\AppData\Local\Temp\cccCd7Sb.ltrans9.ltrans.o
 .rodata.str1.1
                0x0000000000080f1c        0x6 C:\Users\okaya\AppData\Local\Temp\cccCd7Sb.ltrans12.ltrans.o
                                          0xa (size before relaxing)
 *fill*         0x0000000000080f22        0x2 00
 .rodata        0x0000000000080f24       0x18 C:\Users\okaya\AppData\Local\Temp\cccCd7Sb.ltrans12.ltrans.o
                0x0000000000080f24                au32NwkPdmRecordOffsets
 .rodata.str1.1
                0x0000000000000000        0xa C:\Users\okaya\AppData\Local\Temp\cccCd7Sb.ltrans13.ltrans.o
 .rodata        0x0000000000080f3c        0xc C:\Users\okaya\AppData\Local\Temp\cccCd7Sb.ltrans14.ltrans.o
 .rodata        0x0000000000080f48       0x7c C:\Users\okaya\AppData\Local\Temp\cccCd7Sb.ltrans16.ltrans.o
 .rodata.str1.1
                0x0000000000000000        0x6 C:\Users\okaya\AppData\Local\Temp\cccCd7Sb.ltrans18.ltrans.o
                                          0x7 (size before relaxing)
 .rodata        0x0000000000080fc4       0xa0 C:\Users\okaya\AppData\Local\Temp\cccCd7Sb.ltrans19.ltrans.o
                0x0000000000080fc4                s_aprIdleStHandleCme.145370
                0x0000000000080fd8                s_aprActvStHandleCme.141272
                0x0000000000081004                CSWTCH.19.7405.7405
                0x0000000000081024                CSWTCH.22.7406.7406
                0x0000000000081044                CSWTCH.16.7404.7404
 .rodata        0x0000000000081064       0x60 C:\Users\okaya\AppData\Local\Temp\cccCd7Sb.ltrans20.ltrans.o
                0x0000000000081064                g_bExternalPermitJoinControl
                0x0000000000081068                g_u32NwkFcSaveCountBitShift
 .rodata.str1.1
                0x0000000000000000        0x6 C:\Users\okaya\AppData\Local\Temp\cccCd7Sb.ltrans21.ltrans.o
                                          0xb (size before relaxing)
 .rodata.str1.1
                0x00000000000810c4      0x1e5 C:\Users\okaya\AppData\Local\Temp\cccCd7Sb.ltrans22.ltrans.o
                                        0x1e9 (size before relaxing)
 .rodata.str1.1
                0x00000000000812a9       0x6c C:\Users\okaya\AppData\Local\Temp\cccCd7Sb.ltrans23.ltrans.o
                                         0x88 (size before relaxing)
 .rodata.str1.1
                0x0000000000081315        0x5 C:\Users\okaya\AppData\Local\Temp\cccCd7Sb.ltrans24.ltrans.o
                                          0xa (size before relaxing)
 *fill*         0x000000000008131a        0x2 00
 .rodata        0x000000000008131c       0x3c C:\Users\okaya\AppData\Local\Temp\cccCd7Sb.ltrans24.ltrans.o
                0x000000000008131c                au32EndDeviceTimeoutConstants
 .rodata        0x0000000000081358       0x8c C:\Users\okaya\AppData\Local\Temp\cccCd7Sb.ltrans25.ltrans.o
                0x0000000000081358                ZPS_g_u32MacVersion
                0x000000000008135c                PDUM_g_u32Version
                0x0000000000081360                ZPS_g_u32TsvVersion
 .rodata.str1.1
                0x0000000000000000        0x5 C:\Users\okaya\AppData\Local\Temp\cccCd7Sb.ltrans26.ltrans.o
                                          0x4 (size before relaxing)
 .rodata.str1.1
                0x00000000000813e4       0x24 C:\Users\okaya\AppData\Local\Temp\cccCd7Sb.ltrans27.ltrans.o
                                         0x57 (size before relaxing)
 .rodata.str1.1
                0x0000000000081408        0x7 C:\Users\okaya\AppData\Local\Temp\cccCd7Sb.ltrans28.ltrans.o
                                          0xe (size before relaxing)
 .rodata.str1.1
                0x0000000000000000        0x6 C:\Users\okaya\AppData\Local\Temp\cccCd7Sb.ltrans29.ltrans.o
 .rodata.str1.1
                0x000000000008140f       0xb4 C:\Users\okaya\AppData\Local\Temp\cccCd7Sb.ltrans30.ltrans.o

.text           0x00000000000814c4    0x1a9e7
 *(.text*)
 .text          0x00000000000814c4       0x50 irq_JN516x.o
                0x00000000000814c4                PIC_ChannelPriorities
                0x00000000000814d4                PIC_SwVectTable
 .text          0x0000000000081514       0xd0 portasm_JN516x.o
                0x0000000000081514                OSMIUM_HwVectTable
                0x0000000000081550                vExternalException
 .text          0x00000000000815e4     0x1a18 C:\Users\okaya\AppData\Local\Temp\cccCd7Sb.ltrans0.ltrans.o
                0x00000000000815e4                AppColdStart
 .text          0x0000000000082ffc     0x18e0 C:\Users\okaya\AppData\Local\Temp\cccCd7Sb.ltrans1.ltrans.o
                0x0000000000082ffc                app_vMainloop
 .text          0x00000000000848dc     0x11dc C:\Users\okaya\AppData\Local\Temp\cccCd7Sb.ltrans2.ltrans.o
                0x00000000000848dc                vPostNldeDcfmInd.12534
 .text          0x0000000000085ab8     0x1183 C:\Users\okaya\AppData\Local\Temp\cccCd7Sb.ltrans3.ltrans.o
                0x0000000000085ab8                vMMAC_IntHandlerBbc
                0x0000000000085ad2                eBasicTxCompleteHandler
                0x0000000000085ad7                vTxRxTimeout.152697
                0x0000000000085b34                eSmeUDNTScanDcfm.142608
                0x0000000000085b50                vMacMlmeCallBackHandler.5436
                0x0000000000085e26                zps_eNwkHandleSmePollDcfm
                0x0000000000085e50                eSmeGenlScanDcfm.143171
                0x0000000000085eae                zps_eNwkHandleSmeDutyCycleInd
                0x0000000000085ed7                eSmeEdScScanDcfm.143167
                0x0000000000085f20                ZPS_vGetDeviceCurrentData.constprop.74
                0x0000000000085f9f                zps_bAplZdoServerHandleConfirmAcks.constprop.10
                0x0000000000085fe9                ZPS_eTsvStop
                0x0000000000086028                zps_vAplApsStopPollTimer.part.2.15020
                0x00000000000860af                ZPS_vDefaultApsdeResources
                0x000000000008611d                ZPS_vResetBoundServerContext
                0x0000000000086120                eEdTimeoutRequestDataDcfm.132402
                0x0000000000086141                ZPS_u8GetChannelOffset
                0x0000000000086173                pvHeap_Alloc
                0x0000000000086176                vMicroIntRestoreState
                0x0000000000086182                PDM_vExitCriticalSection
                0x00000000000861a5                bAHI_WriteEEPROMfixSegmentData
                0x0000000000086203                bAHI_InitialiseEEPROM
                0x000000000008624b                vAHI_ReadDataFromEEPROMregister
                0x0000000000086278                vAHI_WriteDataIntoEEPROMregister
                0x00000000000862a8                iPDM_WriteSegmentHeaderDataIntoEEPROMsegment
                0x00000000000862d7                u8AHI_WakeTimerFiredStatus
                0x00000000000862eb                vAHI_WakeTimerStop.part.3.154892
                0x000000000008630b                vAHI_UartReset.part.4.154646
                0x0000000000086343                vAHI_OptimiseWaitStates
                0x000000000008638f                bAHI_GetClkSource
                0x000000000008639c                bIssueACIcommand
                0x0000000000086432                vACI_CmdWaitBusy
                0x000000000008643f                vEcbEncodeStripe.154146
                0x0000000000086496                i16JPT_ConvertEnergyTodBm
                0x00000000000864a8                MAC_u64GetExtAddr
                0x00000000000864c3                ZPS_u64NwkNibFindExtAddr
                0x0000000000086569                psSearchForFrameToSend
                0x00000000000865c0                eMiniMac_FrameInProgress
                0x00000000000865eb                vRemoveFromTxQueue
                0x0000000000086627                vAddToTxQueue
                0x000000000008665d                u8GetHeaderSize
                0x0000000000086685                vMiniMac_PLME_SetReq_CcaMode
                0x0000000000086699                vMiniMac_MLME_SetReq_MaxCsmaBackoffs
                0x00000000000866b9                vMiniMac_MLME_SetReq_MaxBe
                0x00000000000866dc                vMiniMac_MLME_SetReq_MinBe
                0x00000000000866ff                zps_vSendJoinInd
                0x000000000008676e                zps_psFormatCmdFrameGeneral
                0x000000000008681a                zps_eNwkFormStInit
                0x0000000000086846                vSendDcfm.143911
                0x000000000008686b                bCheckMatchingEntry.143360
                0x0000000000086891                psAddToDiscNt.143156
                0x0000000000086a2d                eSmeUDNTBeaconInd.143163
                0x0000000000086a52                zps_psNwkSlistRemoveFromHead
                0x0000000000086a69                zps_psNwkSlistRemove
                0x0000000000086aa1                zps_bNwkMcpsMgrRemoveDescrFromLists
                0x0000000000086adf                zps_vNwkSlistAddToTail
                0x0000000000086af9                zps_vNwkMcpsMgrFreeReqDescr
                0x0000000000086b2e                zps_vNwkRemoveConflictedBroadcast
                0x0000000000086b83                ZPS_vNwkSecResetDevice
                0x0000000000086bcb                ZPS_bNwkSecHaveNetworkKey
                0x0000000000086bff                ZPS_bNwkSecFindMatSet
 .text          0x0000000000086c3b      0xf62 C:\Users\okaya\AppData\Local\Temp\cccCd7Sb.ltrans4.ltrans.o
                0x0000000000086c97                vZdoServersInit.2361
                0x0000000000086da7                ZPS_eTsvOpen
                0x0000000000086dc4                zps_vNwkBttMgrInit
                0x0000000000086df2                ZPS_u8GrabMutexLock.constprop.167
                0x0000000000086e35                ZPS_u8ReleaseMutexLock.constprop.166
                0x0000000000086e60                vEnableReceive.152699
                0x0000000000086e99                psGetTxFrameBuffer
                0x0000000000086ed5                PDUM_vInit
                0x0000000000086f7e                vMicroIntEnableOnly.constprop.129
                0x0000000000086faa                TSV_eStart
                0x0000000000086ffa                ZPS_eTsvStart
                0x0000000000087037                vNwkMcpsSendTimedDfcm
                0x000000000008707b                vProcessTimedList.133469
                0x00000000000870c1                zps_vNwkMcpsMgrPostTimed
                0x00000000000870d4                zps_vAplAfPostTimerEvent
                0x0000000000087173                zps_vExpireOldRoutes
                0x00000000000871fb                zps_eNwkBtrMatch
                0x00000000000872f8                PDM_vEnterCriticalSection
                0x0000000000087327                iAHI_WriteDataIntoEEPROMsegment.constprop.124
                0x0000000000087375                vACI_OptimisedCcmStar.constprop.122
                0x0000000000087560                zps_eNwkRtDiscMatch.constprop.119
                0x00000000000875b3                AESSW_vMMOFinalUpdate
                0x0000000000087675                AESSW_vHMAC_MMO.constprop.112
                0x000000000008770d                zps_pvAesGetKeyFromInstallCode
                0x0000000000087793                zps_vAplSecSetInitialSecurityState.constprop.53
                0x00000000000878b8                bAHI_FullFlashRead.constprop.106
                0x0000000000087973                zps_bAreCredPresent
                0x0000000000087a53                ZTIMER_eStart.part.3.5353.constprop.100
                0x0000000000087aa6                vMiniMac_MLME_SetReq_PanId
                0x0000000000087ae3                vMiniMac_MLME_SetReq_ShortAddr
                0x0000000000087af1                ZPS_vMacPibSetBeaconPayload.constprop.82
                0x0000000000087b26                zps_vInitBeaconPayload
                0x0000000000087b81                ZPS_u8MacPibGetBeaconPayload.constprop.75
 .text.unlikely
                0x0000000000087b9d       0xc8 C:\Users\okaya\AppData\Local\Temp\cccCd7Sb.ltrans4.ltrans.o
                0x0000000000087bb2                vAHI_MemoryHold.154324
 .text          0x0000000000087c65      0xe99 C:\Users\okaya\AppData\Local\Temp\cccCd7Sb.ltrans5.ltrans.o
                0x0000000000087c65                boIdValueSearchMatch.127188
                0x0000000000087cbf                zps_bAplZdoNodeDescServer
                0x0000000000087e31                zps_bAplZdoPowerDescServer
                0x0000000000087f55                zps_bAplZdoActiveEpServer
                0x000000000008803e                zps_bAplZdoSimpleDescServer
                0x000000000008828c                vPostVsMcpsDcfmInd.31383
                0x00000000000882df                vPostMlmeDcfmInd.31369
                0x000000000008838e                zps_eNwkHandleSceNwkUpdate
                0x00000000000883b2                u16PDM_CalculateRecordChecksum
                0x0000000000088455                PWRM_vWakeInterruptCallback
                0x00000000000884dc                iPDM_ReadSegmentHeaderDataFromEEPROMsegment
                0x0000000000088535                ZPS_u16NwkNibFindNwkAddr
                0x00000000000885d6                psGetAndBuildCoordRealignment
                0x000000000008862e                ZPS_vNwkNibClearTables
                0x0000000000088755                iPDM_FilterDuplicateAppendedSegmentsOnList.128254
                0x000000000008879c                u8PDM_CalculateLargestDataRecordStored
                0x00000000000887cd                ZPS_bIsMacAddressUsedInApsTable
                0x000000000008889e                ZPS_u8MacIFTGetChannelMaskCount
                0x00000000000888de                ZPS_u8MacIFTGetIntfState
                0x00000000000888fb                zps_vNwkHandleCmeGetInterface
                0x0000000000088a47                u32GetScanChannels.isra.3.22304
                0x0000000000088a7c                ZPS_vMacIFTGetChannelMaskFromMacId
 .text          0x0000000000088afe     0x145e C:\Users\okaya\AppData\Local\Temp\cccCd7Sb.ltrans6.ltrans.o
                0x0000000000088afe                vNwkMcpsTimerCallback
                0x0000000000088b18                zps_eSceGenlIllegal
                0x0000000000088b1f                zps_eSmeGenlIllegal
                0x0000000000088b26                DBG_vUartFailedAssert
                0x0000000000088b2a                vPostMcpsDcfmInd.31376
                0x0000000000088b2d                psGetVsMcpsBuf.31380
                0x0000000000088b36                psGetMlmeBuf.31366
                0x0000000000088b3f                psGetMcpsBuf.31373
                0x0000000000088b48                zps_vExpireRequestKeyReq.22227
                0x0000000000088bc2                vLoopbackTimerCallback
                0x0000000000088bf1                zps_eNwkRctMatchNwkAddr
                0x0000000000088c5b                ZPS_u8NwkCalcNldeReqOverhead
                0x0000000000088c96                zps_vRemoveNextHop
                0x0000000000088d4b                zps_vRemoveRoute
                0x0000000000088de2                zps_psNwkRtMatchNwkAddr
                0x0000000000088e58                zps_vNwkFreeMcpsHandle
                0x0000000000088e82                zps_u8NwkAllocateMcpsHandle
                0x0000000000088ed3                zps_psNwkMcpsMgrFindPendingByNwkDstAddr
                0x0000000000088ee9                ZPS_u64NwkNibGetMappedIeeeAddr
                0x0000000000088f19                ZPS_bNwkNibNtActvMatch
                0x0000000000088fcb                bCheckNwkAddr
                0x0000000000089014                zps_eAplTrustCenterFindDevice
                0x0000000000089058                ZPS_vSetExtendedStatus
                0x000000000008906a                zps_eNwkRtMatch
                0x0000000000089177                eAllocateNPDU.7667
                0x00000000000891da                PDUM_eNPduClone
                0x0000000000089226                PDUM_hAPduAllocateAPduInstance
                0x0000000000089280                zps_eAplZdoSendZdpResponse
                0x00000000000892c9                zps_bAplZdoMgmtLqiServer
                0x00000000000894fe                zps_bAplZdoSystemServerDiscoveryServer
                0x000000000008958a                zps_bAplZdoMgmtRtgServer
                0x00000000000896ca                bSendResponse.50759
                0x000000000008970d                zps_psApsApsAllocateDcfmRecord
                0x000000000008977b                zps_u8CalcLinkCost
                0x00000000000897b7                ZPS_u8NwkNibNtDiscMatch
                0x000000000008989b                zps_u8NwkLibChannelLow
                0x00000000000898aa                zps_u64NwkLibFromPayload
                0x00000000000898e9                zps_vNwkLibU64ToPayload
                0x0000000000089916                zps_eNwkDcfmIndPost
                0x0000000000089938                zps_psNwkDcfmIndGetBuf
                0x000000000008995a                eRouteRequestDataDcfm.138227
                0x00000000000899ae                eNldeDataDcfm.135945
                0x00000000000899de                zps_vSendNwkStatusInd
                0x0000000000089a0e                eLeaveDataDcfmRemoteLeave.129453
                0x0000000000089a69                psSLISTsearch
                0x0000000000089aa9                psSLISTremove
                0x0000000000089b27                psSLISTgetNext
                0x0000000000089b4b                iSLISTnumberOfNodes
                0x0000000000089b62                u8PDM_CalculateFileSystemCapacity
                0x0000000000089b77                u8PDM_ReadSequenceNumber
                0x0000000000089b9a                boSegmentNumberDeleteSearchMatch.127635
                0x0000000000089bb5                u8PDM_ReadSegmentDataSize
                0x0000000000089bc9                u32PDM_ReadFileSystemHeaderWearCount
                0x0000000000089bdf                boSearchForWearCountSubstitute.127955
                0x0000000000089c05                boSearchForWearCountInsertPoint.127184
                0x0000000000089c23                vPDM_WriteFileSystemHeaderWearCount
                0x0000000000089c35                vPDM_ReadBitmapHeader.126095
                0x0000000000089c54                RND_u32GetRand256
                0x0000000000089c71                RND_u32GetRand
                0x0000000000089c98                u16CalculateFailedTxCount
                0x0000000000089cc8                vZdoIeeeAddrServerSendExtendResponse.part.0.35467
                0x0000000000089d2c                vZdoNwkAddrServerSendExtendResponse.part.0.34201
                0x0000000000089d90                zps_bPerformLeaveActionDecider
                0x0000000000089d95                vHandleUpdateDeviceIndication.22259
                0x0000000000089dbf                zps_vByteCopy.part.2.18399
                0x0000000000089ddb                zps_vByteCopy
                0x0000000000089df3                bDuplicateCheck.18207
                0x0000000000089f00                zps_vAplApsInitDuplicateTable
                0x0000000000089f23                zps_vInitAPSMECmdHdr
 .text          0x0000000000089f5c      0xe1c C:\Users\okaya\AppData\Local\Temp\cccCd7Sb.ltrans7.ltrans.o
                0x0000000000089fbe                DBG_iUartGetChar
                0x000000000008a00e                vRetryCcaFailure
                0x000000000008a38b                zps_bAplZdoMatchDescServer
                0x000000000008a39f                eOrphanNotificationSent.152340
                0x000000000008a3e8                dbg_vPrintfImplNoneVerbose
                0x000000000008a86f                vMiniMac_McpsCallback
                0x000000000008ab21                eMcpsTxCompleteHandler.151665
                0x000000000008ab4f                ZPS_bSecDecrypt
                0x000000000008ac5c                boPDM_IsBitmapSaturated.126130
                0x000000000008aca5                ZPS_u16MacIFTGetIDByChannelMask
                0x000000000008acea                ZPS_u8MacIFTAddUpdateChannelMask.part.3.155782
 .text          0x000000000008ad78      0xec1 C:\Users\okaya\AppData\Local\Temp\cccCd7Sb.ltrans8.ltrans.o
                0x000000000008ad78                vSendNetworkReport.132260
                0x000000000008ae56                zps_eNwkHandleSceNwkLinkPowerDelta
                0x000000000008ae70                zps_psNwkInitiateRouteDiscovery
                0x000000000008b1a8                zps_psSendFrm
                0x000000000008b506                zps_psSendBroadcastFrm.part.0.144600
                0x000000000008b56e                zps_eNwkHandleSceRouteRecord
                0x000000000008b665                zps_psNwkSendLeaveCmd
                0x000000000008b6cd                zps_psNwkPropagateLocalLeave
                0x000000000008b6f5                zps_psSendNetworkStatusCmd
                0x000000000008b762                zps_eDefaultDataDcfm
                0x000000000008b854                psSendRouteReplyCmd.138209
                0x000000000008b966                zps_eNwkHandleSceRouteReply
 .text          0x000000000008bc39      0xc9c C:\Users\okaya\AppData\Local\Temp\cccCd7Sb.ltrans9.ltrans.o
                0x000000000008bc39                ZPS_vNwkMacDataPollRequest
                0x000000000008bdd0                zps_vNwkHandleCmeRouteDiscoveryReq
                0x000000000008be56                vPDM_MoveAllDataFromListToList
                0x000000000008be94                vPDM_MoveAllDataToDeAllocList.constprop.118
                0x000000000008bebf                iPDM_ReplaceChangedSegmentInSequence
                0x000000000008c0ae                iPDM_VerifyDataSequenceWithBufferId
                0x000000000008c14a                iPDM_ReconstructReplacedDataTable
                0x000000000008c241                vPDM_MoveAllDataWithBufferIdAndStateFromListToList
                0x000000000008c2cc                iPDM_CreateCandidateBufferList
                0x000000000008c3d0                vPDM_MoveAllDataWithBufferIdFromListToList
                0x000000000008c455                vPDM_DeleteAppendedSequence
                0x000000000008c4f7                PDM_eSaveRecordData
                0x000000000008c893                vPDM_DeleteAllSegmentsWithIdFromFileSystemList.126532.constprop.17
 *fill*         0x000000000008c8d5        0x3 00
 .text          0x000000000008c8d8      0xedc C:\Users\okaya\AppData\Local\Temp\cccCd7Sb.ltrans10.ltrans.o
                0x000000000008c8d8                vMiniMac_MlmeCallback
                0x000000000008cb50                ePollReqSent.151897
                0x000000000008ccd8                vScanBeaconReceived
                0x000000000008cd17                vRunningRxCallback
                0x000000000008d017                vPostDcfm.152361
                0x000000000008d086                vScanNextChannel.152348
                0x000000000008d236                zps_psFindKeyDescr
                0x000000000008d357                ZPS_vNMPurgeEntry
                0x000000000008d517                vInitUnknownNeighbor.133476.constprop.66
                0x000000000008d570                ZPS_vSetDevicePreviousData.constprop.18
                0x000000000008d6ed                zps_eAplZdoAddReplaceLinkKey_W
 .text          0x000000000008d7b4      0xd91 C:\Users\okaya\AppData\Local\Temp\cccCd7Sb.ltrans11.ltrans.o
                0x000000000008d7b4                zps_eNwkHandleSceLeave
                0x000000000008d950                zps_vNwkHandleCmeLeaveReq
                0x000000000008da6e                zps_vCleanUnAuthenHandleExpiry
                0x000000000008db0c                eUnsolicitedRejoinRspDataDcfm.132276
                0x000000000008db37                zps_vAplSaveRecord
                0x000000000008dcb2                zps_bNwkFindAddIeeeAddr
                0x000000000008de3a                zps_vJoinInitNtParent
                0x000000000008e01e                zps_vCheckActvNtForDuplicate
                0x000000000008e0be                eSmeOrphScanDcfm.147170
                0x000000000008e136                eCheckAddrConflict.isra.7.132531
                0x000000000008e1d1                vAplSecRemoveLinkKey.22344
                0x000000000008e2a1                zps_u8NwkHandleRejoinReq
                0x000000000008e361                vContinueRejoin.145865
                0x000000000008e408                zps_vProcessLocalAddrConflict
                0x000000000008e4b3                ZPS_vRemoveEntryFromAddressMap
                0x000000000008e4fc                ZPS_vNwkSaveAllRecords
                0x000000000008e526                zps_vSaveAllZpsRecords
 .text          0x000000000008e545      0xadc C:\Users\okaya\AppData\Local\Temp\cccCd7Sb.ltrans12.ltrans.o
                0x000000000008e545                ZPS_vNwkSaveRecord
                0x000000000008e571                ZPS_vNwkNibSetNwkAddr
                0x000000000008e59a                zps_eNwkHandleSceRejnResponse
                0x000000000008e5f7                ZPS_vNwkNibSetExtPanId
                0x000000000008e627                ZPS_vNwkNibSetDepth
                0x000000000008e65c                ZPS_vNwkNibSetUpdateId
                0x000000000008e686                vSendNetworkUpdate.132264
                0x000000000008e7bb                ZPS_vNwkNibSetPanId
                0x000000000008e7d9                ZPS_vNwkNibSetCapabilityInfo
                0x000000000008e806                ZPS_vNwkNibSetChannel
                0x000000000008e824                ZPS_vNwkNibSetAuxChannel
                0x000000000008e83d                zps_vNwkHandleCmeSetInterface
                0x000000000008e9f5                ZPS_vNwkSaveNt
                0x000000000008ea31                ZPS_vNwkPurgeMacAddressAndRelatedEntries.part.5.135058
                0x000000000008eb42                ZPS_vNtSetUsedStatus
                0x000000000008ec0f                zps_vBuildSortedActvNTList
                0x000000000008ecdb                zps_vTidyActvNtAfterJoin
                0x000000000008ed6a                eRejoinRspDataDcfm.145869
                0x000000000008ee16                vFinish.147157
                0x000000000008ee6c                zps_eNwkHandleSceNwkEdTimeoutReq
                0x000000000008ef67                zps_eNwkHandleSmeCommStatusInd
 .text          0x000000000008f021      0xcaf C:\Users\okaya\AppData\Local\Temp\cccCd7Sb.ltrans13.ltrans.o
                0x000000000008f021                eBeaconReqSent.152344
                0x000000000008f048                vPDM_AddFileSystemElementToListInAscendingWearCountOrder
                0x000000000008f170                vPDM_MoveFileRecordFromListToList
                0x000000000008f192                vPDM_MoveRecordToDeAllocList
                0x000000000008f1b2                iPDM_GetWearLevelledBuffer
                0x000000000008f285                iPDM_WriteSegmentHeaderAndData
                0x000000000008f3d3                vIncrementFrameCounterInPdm.isra.0.134897
                0x000000000008f5b2                zps_eNwkSecEncryptPacket
                0x000000000008f6c8                vProcessListsForSubmission.133565
                0x000000000008f912                zps_vNwkMcpsMgrPost
                0x000000000008f936                zps_psSendNetworkLinkPowerDelta.139635
                0x000000000008f9c8                zps_psNwkSendRejoinReqCmd
                0x000000000008fa46                iPDM_ReconstructAtRunTimeReplacedDataTable
                0x000000000008fb86                PWRM_vManagePower
 .text          0x000000000008fcd0      0xd31 C:\Users\okaya\AppData\Local\Temp\cccCd7Sb.ltrans14.ltrans.o
                0x000000000008fcd0                eSmeASFlBeaconInd.143179
                0x000000000008fcf2                DBG_vUartInitHardware
                0x000000000008fe2f                eSmeAcScBeaconInd.143187
                0x000000000008ff3f                zps_psAllocateAndFormatMacHdr
                0x00000000000902a2                zps_psNwkInitCmdFrame
                0x0000000000090321                eSendLinkStatusDataDcfm.part.1.131144
                0x0000000000090448                zps_vDefaultNwkLayer
                0x000000000009067d                iPDM_SearchForBufferIdInList
                0x00000000000906b2                iPDM_ReadUserDataFromSegmentOnListWithId
                0x00000000000906f0                iPDM_SearchForBufferIdInFileSystem
                0x0000000000090703                iPDM_ReadUserDataFromSegmentWithId
                0x0000000000090738                PDM_eReadDataFromRecord.part.0.126445
                0x00000000000907bf                vLoadAplRecord.22288
                0x00000000000907f3                iPDM_SearchForSpecificSegmentInList
                0x0000000000090825                bPDM_FindLastMarkerSegment.127477
                0x0000000000090872                zps_vSocMacHandleMcpsVsReqRsp.constprop.127
 *fill*         0x0000000000090a01        0x3 00
 .text          0x0000000000090a04      0xb84 C:\Users\okaya\AppData\Local\Temp\cccCd7Sb.ltrans15.ltrans.o
                0x0000000000090bb9                vSendMlmeCommStatusFromTxFrame
                0x0000000000090c0f                zps_vSocMacHandleMlmeVsReqRsp.constprop.90
                0x0000000000091142                zps_sNwkStart
                0x00000000000911e4                ZPS_pvNwkCtor.constprop.80
 .text          0x0000000000091588      0xd46 C:\Users\okaya\AppData\Local\Temp\cccCd7Sb.ltrans16.ltrans.o
                0x0000000000091588                DBG_vUartFlush
                0x00000000000915b5                DBG_vUartPutch
                0x00000000000915fb                vPermitJoinHandleExpiry.137005
                0x0000000000091604                zps_vNwkHandleCmePermitJoinReq
                0x000000000009166c                vMiniMac_ReturnTxBufferCallback
                0x0000000000091698                vMMAC_RadioToOffAndWait
                0x00000000000916b5                vStartReceive
                0x00000000000916d2                vSetChannelAndPower
                0x00000000000919b5                vMiniMac_NextTransaction
                0x0000000000091a1f                eTransmit
                0x0000000000091aed                eBuildAndSend.152350
                0x0000000000091b62                ZPS_vMacPibSetRxOnWhenIdle
                0x0000000000091ba7                vMiniMac_TxComplete
                0x0000000000091c98                vTimerFired
                0x0000000000091d6d                vMiniMac_Init
                0x000000000009212e                vMiniMac_PLME_SetReq_Power
                0x0000000000092143                vMiniMac_PLME_SetReq_Channel
                0x000000000009214c                iPDM_ReadUserDataFromEEPROMsegment
                0x00000000000921c6                iPDM_ReCalculateWearCountAndChecksumAndWriteFileSystemHeader
                0x0000000000092210                vPDM_SetEEPROMandFileSystemValidState
                0x0000000000092237                iPDM_ReadUserDataFromFileSystemRecord
                0x0000000000092257                iPDM_CompareDataInFileRecords.127448
                0x0000000000092292                vPDM_WriteFileSystemRecordAndSegmentDataIntoEEPROMsegment
 .text          0x00000000000922ce      0xf32 C:\Users\okaya\AppData\Local\Temp\cccCd7Sb.ltrans17.ltrans.o
                0x00000000000922ce                zps_eNwkHandleSceLinkStatus
                0x0000000000092402                ZPS_bNwkNibAddrMapAddEntry
                0x00000000000925b7                zps_vAgeRouter
                0x00000000000925f0                zps_eNwkHandleSdeActvDcfmData
                0x0000000000092775                vMcpsMgrTimeoutExpiry
                0x00000000000927df                zps_vNwkSecondTickHandleExpiry
                0x00000000000929ca                zps_eNwkHandleSceRouteRequest
                0x0000000000092e9e                zps_sNwkNibNtCheckJoin.part.8.135191
                0x0000000000093157                zps_vNwkHandleCmeDirectJoinReq
 .text          0x0000000000093200      0xb11 C:\Users\okaya\AppData\Local\Temp\cccCd7Sb.ltrans18.ltrans.o
                0x0000000000093200                vStartScanTimerExpiry.52022
                0x000000000009323c                vAplSecAuthTimerExpiry.22231
                0x00000000000932b7                zps_bAplZdoDeviceAnnceServer
                0x000000000009354a                zps_eAplZdoDiscoverNetworks
                0x00000000000935bb                eStartRouter
                0x00000000000936ac                zps_vAplAfPostEvent
                0x00000000000939d7                vPostApsdeDcfmInd.12527
                0x0000000000093bc9                zps_vHandleApsdeDataFragIndNotSupported
                0x0000000000093c1f                zps_eAplZdoNlmePermitJoiningWrapper
                0x0000000000093c47                zps_bAplZdoPermitJoiningServer
 *fill*         0x0000000000093d11        0x3 00
 .text          0x0000000000093d14      0xb98 C:\Users\okaya\AppData\Local\Temp\cccCd7Sb.ltrans19.ltrans.o
                0x0000000000093d14                vBbcIntHandler.151236
                0x000000000009400b                eAssocRespSent.151553
                0x0000000000094092                zps_vNwkHandleCmeActvStartRouterReq
                0x0000000000094129                zps_vNwkHandleCmeNwkJoinReq
                0x000000000009445f                zps_vNwkHandleCmeNwkActvJoinReq
                0x0000000000094539                zps_eNwkHandleSmeOrphanInd
                0x0000000000094549                zps_vAplApsPollTimer
                0x00000000000945ab                vAplSecAuthPollTimerExpiry.22235
                0x00000000000946b5                eRejoinNetwork.22306.constprop.77
                0x0000000000094763                eStartNetworkDiscovery.22318
                0x00000000000947cb                zps_eAplZdoStartStack
 .text          0x00000000000948ac      0xd7d C:\Users\okaya\AppData\Local\Temp\cccCd7Sb.ltrans20.ltrans.o
                0x0000000000094a91                vHandleEdTimeoutReqExpiry.132268
                0x0000000000094b3a                zps_vNwkHandleCmeSyncReq
                0x0000000000094bb3                zps_eRejoinDataDcfm
                0x0000000000094c6f                ZPS_vNwkHandleNlmeReqRsp
                0x0000000000094cec                vChangeChannelTimerExpiry.52026
                0x0000000000094d63                eLeaveReset.129458
                0x0000000000094dce                eLeaveDataDcfmLocalLeave.129463
                0x0000000000094e48                zps_sNwkLibSubmitScan
                0x0000000000094e81                zps_vNwkHandleCmeIdleNwkFormReq
                0x0000000000094f92                zps_vNwkHandleCmeNwkDiscReq
                0x000000000009500c                zps_vNwkDiscUpdateNT
                0x00000000000950b0                zps_eNwkHandleSmeBeaconNotifyInd
                0x000000000009513e                zps_eNwkHandleSceNwkReport
                0x00000000000951c4                eSmeEdScScanDcfm.143915
                0x0000000000095274                eSmeAcScScanDcfm.143922
                0x00000000000955ea                zps_vNwkHandleCmeEdScanReq
 *fill*         0x0000000000095629        0x3 00
 .text          0x000000000009562c      0xaa8 C:\Users\okaya\AppData\Local\Temp\cccCd7Sb.ltrans21.ltrans.o
                0x000000000009562c                vApsmeResendTimeOutHandler
                0x000000000009565b                vPostNlmeDcfmInd.12513
                0x0000000000095ede                zps_bAplZdoMgmtLeaveServer
 .text          0x00000000000960d4      0xbf0 C:\Users\okaya\AppData\Local\Temp\cccCd7Sb.ltrans22.ltrans.o
                0x00000000000960d4                eSmeAcScBeaconInd.143365
                0x0000000000096177                vfExtendedStatusCallBack.3085
                0x0000000000096183                vPdmEventHandlerCallback
                0x0000000000096233                zps_bAplZdoIeeeAddrServer
                0x000000000009638f                zps_bAplZdoNwkAddrServer
                0x0000000000096522                vAHI_Sleep
                0x00000000000965e7                zps_u8AplApsConstructAndPostLoopBackDataInd.15134
                0x0000000000096720                u8PostUnicastMsgToNHLE.15142
                0x0000000000096759                vFreePendingReqDescr
                0x00000000000967c4                vHandleRouteDiscoveryExpiry.137766
                0x0000000000096822                zps_vSendJoinDcfm
                0x0000000000096869                vGiveUp.146699
                0x00000000000968a1                ZPS_bSecEncrypt
                0x0000000000096a5c                zps_vNwkMcpsMgrTidyBtrReqDescr
                0x0000000000096aa1                vNwkBttTimerExpiry.141320
                0x0000000000096bc3                vLoadNwkRecord.134445
                0x0000000000096c01                vShowException
 .text          0x0000000000096cc4      0xc46 C:\Users\okaya\AppData\Local\Temp\cccCd7Sb.ltrans23.ltrans.o
                0x0000000000096cc4                zps_eZdpIeeeAddrResponse
                0x0000000000096dac                zps_eZdpNodeDescResponse
                0x0000000000096e54                zps_eZdpPowerDescResponse
                0x0000000000096ef1                zps_eZdpSimpleDescResponse
                0x0000000000096ffe                zps_eZdpActiveEpResponse
                0x0000000000097094                zps_eZdpMatchDescResponse
                0x000000000009712a                zps_eZdpSystemServerDiscoveryResponse
                0x0000000000097199                zps_eAplZdpMgmtLqiResponse
                0x00000000000972a9                zps_bAplZdoMgmtNWKUpdateServer
                0x00000000000977ba                vForwardPayload.3836.constprop.101
 .text          0x000000000009790a      0xc6a C:\Users\okaya\AppData\Local\Temp\cccCd7Sb.ltrans24.ltrans.o
                0x0000000000097c42                zps_eNwkHandleSmeAssocInd
                0x0000000000097c70                zps_eNwkHandleSceRejnRequest
                0x0000000000097cfd                vMcpsMgrExpiry.133392
                0x0000000000097d5d                vTransformKey.isra.0.18394
                0x0000000000097dbe                zps_eAplSecEncryptPacket
                0x0000000000097eb3                ZPS_vNwkHandleNldeReqRsp
                0x00000000000981bf                zps_eAplSendApsmeCmdFrame
                0x0000000000098333                zps_eAplApsmeUpdateDeviceReqRsp.part.4.16824
                0x0000000000098481                zps_eAplZdoNlmeleaveWrapper
                0x0000000000098548                zps_vAplApsmeCmdMgrRetryTimeout.16651
 .text          0x0000000000098574      0xcf4 C:\Users\okaya\AppData\Local\Temp\cccCd7Sb.ltrans25.ltrans.o
                0x0000000000098574                psGetNlmeBuf.12510
                0x000000000009857d                psGetNldeBuf.12531
                0x0000000000098586                psGetApsmeBuf.12517
                0x000000000009858c                psGetApsdeBuf.12524
                0x00000000000986a5                APP_bMultimaskJoinCallBack
                0x00000000000986b1                vMacMcpsCallBackHandler.5440
                0x00000000000986c2                zps_vGetZpsMutex
                0x00000000000986cb                zps_vAplApsInitFragTransmitPool
                0x00000000000986ec                zps_vAplApsFillAndPostApsAck
                0x0000000000098756                zps_u8AplApsFreeMsgHandle
                0x00000000000987c0                zps_vAplApsInitSyncMsgPool
                0x00000000000987f8                zps_vAplApsInitFragReceivePool
                0x000000000009881b                vFillDataIndStruct.12188
                0x0000000000098879                vFillApduErrorEvent.12181
                0x00000000000988bc                bCheckProfile.12176
                0x00000000000988fa                ZPS_bIsGroupPresent
                0x0000000000098932                pdum_u16ReadNBO
                0x0000000000098a93                PDUM_u16SizeNBO
                0x0000000000098af1                PDUM_u16APduInstanceWriteStrNBO
                0x0000000000098c70                PDUM_u16APduInstanceReadNBO
                0x0000000000098cbb                PDUM_u16APduInstanceWriteNBO
                0x0000000000098d25                PDUM_eAPduFreeAPduInstance
                0x0000000000098d8b                PDUM_eAPduInstanceSetPayloadSize
                0x0000000000098db3                PDUM_eNPduWriteDataFromBuffer
                0x0000000000098e0d                PDUM_eNPduWriteDataToBuffer
                0x0000000000098e6b                PDUM_eNPduWriteFromBuffer
                0x0000000000098e94                PDUM_eNPduDescend
                0x0000000000098eba                PDUM_eNPduAscend
                0x0000000000098ee0                PDUM_eNPduClaimData
                0x0000000000098f4d                PDUM_eNPduAppendDataNBO
                0x0000000000098faa                PDUM_eNPduClaimHeader
                0x0000000000098fcd                PDUM_eNPduReadHeaderNBO
                0x0000000000099020                PDUM_eNPduPrependHeaderNBO
                0x000000000009907b                PDUM_eNPduFree
                0x00000000000990d9                PDUM_eNPduInitDescending
                0x00000000000990f4                ZPS_u8MacGetChannelOffsetFromMask
                0x0000000000099103                ZPS_eMacValidateChannelMask
                0x0000000000099132                ZQ_bQueueReceive
                0x00000000000991a3                ZQ_bQueueSend
                0x0000000000099219                APP_vGenCallback
                0x000000000009922c                vResetCommandBuffer.5259
                0x000000000009924c                ZPS_psMacIFTGetInterface
 *fill*         0x0000000000099268        0x0 00
 .text          0x0000000000099268      0xac8 C:\Users\okaya\AppData\Local\Temp\cccCd7Sb.ltrans26.ltrans.o
                0x0000000000099268                vHandleNwkLocalUpdateAfterBcast.132281
                0x00000000000992bc                vHandleNwkRemoteUpdateAfterBcast.132272
                0x000000000009930f                eTryNextParent
                0x0000000000099461                eSmeAsocAssocDcfm.147325
                0x00000000000994e5                eSmeRjPCPollDcfm.147321
                0x0000000000099526                eSceRjRsRejoinRsp.147288
                0x00000000000995fe                vCheckSleepingSendPoll.147160
                0x00000000000996a2                zps_eNwkSendJoinResponse
                0x000000000009994e                zps_eProcessAddrConflict
                0x0000000000099af7                ZPS_vNwkNibCheckAndUpdateAddresses
                0x0000000000099b98                zps_eNwkHandleSceNwkStatus
 .text          0x0000000000099d30      0x9f2 C:\Users\okaya\AppData\Local\Temp\cccCd7Sb.ltrans27.ltrans.o
                0x0000000000099d30                zps_eAplZdpApsdeReqInternal
                0x0000000000099d9f                zps_eZdpNwkAddrResponse
                0x0000000000099e87                zps_eAplZdpMgmtRtgResponse
                0x0000000000099f4e                zps_eZdpMgmtNwkUpdateNotifyResponse
                0x000000000009a016                ZPS_vSecondTimerCallback
                0x000000000009a276                zps_bAplZdoZdoClient
                0x000000000009a423                zps_bAplZdoDefaultServer
                0x000000000009a6e0                zps_eZdpMgmtLeaveResponse
                0x000000000009a701                zps_eZdpMgmtPermitJoiningResponse
 .text          0x000000000009a722      0x7e6 C:\Users\okaya\AppData\Local\Temp\cccCd7Sb.ltrans28.ltrans.o
                0x000000000009aaef                ZPS_vAplHandleApsdeReqRsp
 *fill*         0x000000000009af08        0x0 00
 .text          0x000000000009af08      0x644 C:\Users\okaya\AppData\Local\Temp\cccCd7Sb.ltrans29.ltrans.o
                0x000000000009af08                vPostApsmeDcfmInd.12520
 .text          0x000000000009b54c      0x13b C:\Users\okaya\AppData\Local\Temp\cccCd7Sb.ltrans30.ltrans.o
                0x000000000009b54c                ISR_vTickTimer
                0x000000000009b584                vReadCharInterrupt
                0x000000000009b609                vUnclaimedInterrupt
                0x000000000009b61e                vBusErrorHandler
                0x000000000009b62d                vAlignmentErrorHandler
                0x000000000009b63c                vIllegalInstructionHandler
                0x000000000009b64b                vTrapHandler
                0x000000000009b65a                vGenericHandler
                0x000000000009b669                vUnclaimedException
                0x000000000009b678                vStackOverflowHandler
 .text          0x000000000009b687       0x3d C:\Users\okaya\AppData\Local\Temp\cccCd7Sb.ltrans31.ltrans.o
                0x000000000009b687                zps_isrMAC
                0x000000000009b6aa                AppWarmStart
 .text          0x000000000009b6c4       0x25 c:/nxp/bstudio_nxp/sdk/tools/ba-elf-ba2-r36379/bin/../lib/gcc/ba-elf/4.7.4/../../../../ba-elf/lib/mcpu_jn51xx_sizeopt\libc.a(lib_a-memcmp.o)
                0x000000000009b6c4                memcmp
 .text          0x000000000009b6e9       0x19 c:/nxp/bstudio_nxp/sdk/tools/ba-elf-ba2-r36379/bin/../lib/gcc/ba-elf/4.7.4/../../../../ba-elf/lib/mcpu_jn51xx_sizeopt\libc.a(lib_a-memcpy.o)
 .text          0x000000000009b702       0x12 c:/nxp/bstudio_nxp/sdk/tools/ba-elf-ba2-r36379/bin/../lib/gcc/ba-elf/4.7.4/../../../../ba-elf/lib/mcpu_jn51xx_sizeopt\libc.a(lib_a-memset.o)
                0x000000000009b702                memset
 *fill*         0x000000000009b714        0x0 00
 .text          0x000000000009b714      0x204 c:/nxp/bstudio_nxp/sdk/tools/ba-elf-ba2-r36379/bin/../lib/gcc/ba-elf/4.7.4/mcpu_jn51xx_sizeopt\libgcc.a(__udivsi3.o)
                0x000000000009b714                __udivsi3
 .text          0x000000000009b918      0x1b0 c:/nxp/bstudio_nxp/sdk/tools/ba-elf-ba2-r36379/bin/../lib/gcc/ba-elf/4.7.4/mcpu_jn51xx_sizeopt\libgcc.a(__umodsi3.o)
                0x000000000009b918                __umodsi3
 .text          0x000000000009bac8       0x24 c:/nxp/bstudio_nxp/sdk/tools/ba-elf-ba2-r36379/bin/../lib/gcc/ba-elf/4.7.4/mcpu_jn51xx_sizeopt\libgcc.a(__modsi3.o)
                0x000000000009bac8                __modsi3
 .text          0x000000000009baec      0x350 c:/nxp/bstudio_nxp/sdk/tools/ba-elf-ba2-r36379/bin/../lib/gcc/ba-elf/4.7.4/mcpu_jn51xx_sizeopt\libgcc.a(_udivdi3.o)
                0x000000000009baec                __udivdi3
 *fill*         0x000000000009be3c        0x0 00
 .text          0x000000000009be3c       0x48 ../../../../sdk/JN-SW-4170/Components/Library\libPWRM_JN516x.a(pwrm_setjmp_JN516x.o)
                0x000000000009be3c                setjmp
                0x000000000009be60                PWRM_longjmp
 .text          0x000000000009be84       0x27 ../../../../sdk/JN-SW-4170/Components/Library\libHardwareApi_JN5169.a(AHI_Interrupt.o)
                0x000000000009be84                vAHI_InterruptSetPriority
                0x000000000009bea2                vAHI_InterruptSetActivePriorityLevel
 .text          0x000000000009beab        0x0 ../../../../sdk/JN-SW-4170/Components/Library\libZPSAPL_JN516x.a(zps_apl_version_lc.o)
                0x000000000009beab                ZPS_APL_Version_3v0
 .text          0x000000000009beab        0x0 ../../../../sdk/JN-SW-4170/Components/Library\libZPSNWK_JN516x.a(zps_nwk_version_lc.o)
                0x000000000009beab                ZPS_NWK_Version_3v0
                0x000000000009beab                _flash_end = ABSOLUTE (.)

.rela.dyn       0x000000000009beac        0x0
 .rela.text     0x0000000000000000        0x0 irq_JN516x.o
 .rela.data     0x0000000000000000        0x0 irq_JN516x.o
 .rela.rodata   0x0000000000000000        0x0 irq_JN516x.o
                0x000000000400004c                . = ORIGIN (ram)

.data           0x000000000400004c      0x498 load address 0x000000000009beac
                0x000000000400004c                _ram_data_start = ABSOLUTE (.)
 *(.data*)
 *fill*         0x000000000400004c        0x4 00
 .data          0x0000000004000050      0x430 C:\Users\okaya\AppData\Local\Temp\cccCd7Sb.ltrans0.ltrans.o
                0x0000000004000050                g_asMacInterfaceTable.2542
                0x000000000400007c                psAplDefaultGlobalAPSLinkKey
                0x0000000004000080                s_sApl.2440
                0x00000000040001e0                u8AhiBaudRate.128439
                0x00000000040001e1                u8MiniMacConfig_MaxConcurrentAssocResponses
                0x00000000040001e4                psShadowRxBuffer
                0x00000000040001e8                gMAC_u8MaxBuffers
                0x0000000004000224                s_keyPairTableStorage.2488
 .data          0x0000000004000480        0x6 C:\Users\okaya\AppData\Local\Temp\cccCd7Sb.ltrans1.ltrans.o
                0x0000000004000480                g_u16zpsCurrentAddress
 *fill*         0x0000000004000486        0x2 00
 .data          0x0000000004000488        0x4 C:\Users\okaya\AppData\Local\Temp\cccCd7Sb.ltrans3.ltrans.o
                0x0000000004000488                u32HeapStart
 .data          0x000000000400048c        0x6 C:\Users\okaya\AppData\Local\Temp\cccCd7Sb.ltrans7.ltrans.o
 .data          0x0000000004000492        0x1 C:\Users\okaya\AppData\Local\Temp\cccCd7Sb.ltrans16.ltrans.o
 *fill*         0x0000000004000493        0x1 00
 .data          0x0000000004000494        0x4 C:\Users\okaya\AppData\Local\Temp\cccCd7Sb.ltrans17.ltrans.o
 .data          0x0000000004000498        0x4 C:\Users\okaya\AppData\Local\Temp\cccCd7Sb.ltrans22.ltrans.o
                0x0000000004000498                bCanLoopback.15417
 .data          0x000000000400049c       0x30 C:\Users\okaya\AppData\Local\Temp\cccCd7Sb.ltrans25.ltrans.o
                0x000000000400049c                s_asapduMyDataInstances
                0x00000000040004a8                s_asapduZDPInstances
 .data.s_asAPduPool
                0x00000000040004cc       0x18 pdum_apdu.o
                0x00000000040004cc                pdum_apduZDP
                0x00000000040004cc                s_asAPduPool
                0x00000000040004d8                pdum_apduMyData
 *(.data.*)
                0x00000000040004e4                . = ALIGN (0x4)
                0x00000000040004e4                _ram_data_end = ABSOLUTE (.)

.bss            0x00000000040004e4     0x2cc4 load address 0x000000000009c344
                0x00000000040004e4                _bss_start = ABSOLUTE (.)
 *(.bss*)
 *fill*         0x00000000040004e4        0xc 00
 .bss           0x00000000040004f0     0x2040 C:\Users\okaya\AppData\Local\Temp\cccCd7Sb.ltrans0.ltrans.o
                0x00000000040004f0                s_sDefaultServerContext.2516
                0x00000000040004f4                s_sMgmtRtgServerContext.2437
                0x00000000040004f8                s_sPermitJoiningServerContext.2438
                0x00000000040004fc                s_sMgmtNWKUpdateServerContext.2439
                0x0000000004000554                s_sMgmtLeaveServerContext.2515
                0x000000000400057c                s_sMgmtLqiServerContext.2514
                0x0000000004000580                s_sSimpleDescServerContext.2513
                0x0000000004000584                s_sMatchDescServerContext.2512
                0x0000000004000588                s_sPowerDescServerContext.2511
                0x000000000400058c                s_sNodeDescServerContext.2510
                0x0000000004000590                s_sSystemServerDiscoveryServerContext.2509
                0x0000000004000594                s_sIeeeAddrServerContext.2508
                0x0000000004000598                s_sNwkAddrServerContext.2507
                0x000000000400059c                s_sActiveEpServerContext.2506
                0x00000000040005a0                s_sDeviceAnnceServerContext.2505
                0x00000000040005a0                s_sZdoClientContext.2504
                0x00000000040005a8                vFlushFn.128383
                0x00000000040005ac                vPutchFn.128378
                0x00000000040005b0                u8AhiUart.128438
                0x00000000040005b4                psNextWake.7594
                0x00000000040005b8                s_bWakeTimerActive.7595
                0x00000000040005b9                s_ePowerMode.7596
                0x00000000040005ba                gu16NumberOfSegments.155471
                0x00000000040005bc                pfExtendedStatusCallBack.131748
                0x00000000040005c0                ZTIMER_sCommon.5398
                0x00000000040005c8                APP_msgMyEndPointEvents
                0x00000000040005e0                APP_msgZpsEvents
                0x00000000040005f8                u8App_tmr1sec
                0x00000000040005fc                psPDM_Common
                0x0000000004000600                s_u32x.126066
                0x0000000004000604                s_prExpireFn.155901
                0x0000000004000608                pvRxStore
                0x000000000400060c                pvTxStore
                0x0000000004000610                g_pvAplHandle
                0x0000000004000614                s_sDcfmIndMgr.6904
                0x000000000400061c                prAppMlmeGetBuffer
                0x0000000004000620                prAppMlmeCallback
                0x0000000004000624                s_pvAplHandle.6156
                0x0000000004000628                s_prMcpsCallBack.6154
                0x000000000400062c                s_prMlmeCallBack.6155
                0x0000000004000630                sMiniMacPib
                0x00000000040006cc                u8MiniMac_RunTimeOptions
                0x00000000040006d0                sZpsIntStore
                0x00000000040006d4                s_eDeviceState.3785
 .bss           0x0000000004002530       0x54 C:\Users\okaya\AppData\Local\Temp\cccCd7Sb.ltrans1.ltrans.o
                0x0000000004002530                bCheckChild
                0x0000000004002534                uMacDcfmInd
 .bss           0x0000000004002584       0x10 C:\Users\okaya\AppData\Local\Temp\cccCd7Sb.ltrans2.ltrans.o
                0x0000000004002584                psActiveMsgListHead
                0x0000000004002588                sAfFlashInfoSetLocal
                0x0000000004002590                s_u16ActivityCounter
 .bss           0x0000000004002594       0x10 C:\Users\okaya\AppData\Local\Temp\cccCd7Sb.ltrans3.ltrans.o
 .bss           0x00000000040025a4      0x7b0 C:\Users\okaya\AppData\Local\Temp\cccCd7Sb.ltrans4.ltrans.o
                0x00000000040025a4                sIntStorage.128056
                0x00000000040025a8                u8MaxNpdu.7810
                0x00000000040025a9                u8Count.7809
                0x00000000040025ac                s_psNPduPoolEnd.7807
                0x00000000040025b0                s_psNPduPoolStart.7806
                0x00000000040025b4                s_psFreeListHead.7808
                0x00000000040025b8                s_asAPduPool.7906
 .bss.initinboot
                0x0000000004002d54        0x1 C:\Users\okaya\AppData\Local\Temp\cccCd7Sb.ltrans4.ltrans.o
                0x0000000004002d54                bMutexTaken.155179
 *fill*         0x0000000004002d55        0x3 00
 .bss           0x0000000004002d58       0x34 C:\Users\okaya\AppData\Local\Temp\cccCd7Sb.ltrans6.ltrans.o
                0x0000000004002d58                u8ApduCount.7907
 .bss           0x0000000004002d8c        0x8 C:\Users\okaya\AppData\Local\Temp\cccCd7Sb.ltrans7.ltrans.o
                0x0000000004002d8c                sMiniMacIntStore.6885
 .bss           0x0000000004002d94        0x1 C:\Users\okaya\AppData\Local\Temp\cccCd7Sb.ltrans8.ltrans.o
 .bss           0x0000000004002d95        0x1 C:\Users\okaya\AppData\Local\Temp\cccCd7Sb.ltrans10.ltrans.o
                0x0000000004002d95                bResetScanTimer.152597
 *fill*         0x0000000004002d96        0x2 00
 .bss           0x0000000004002d98       0x30 C:\Users\okaya\AppData\Local\Temp\cccCd7Sb.ltrans11.ltrans.o
                0x0000000004002d98                apvAplPdmRecordsAddress
                0x0000000004002dac                au16AplPdmRecordsSize
 .bss           0x0000000004002dc8       0x1c C:\Users\okaya\AppData\Local\Temp\cccCd7Sb.ltrans12.ltrans.o
                0x0000000004002dc8                a16NwkPdmRecordSizes
                0x0000000004002dd4                g_u8LegacyBeaconPayloadLen
                0x0000000004002dd5                au8BeaconPayload.135327
 .bss           0x0000000004002de4        0x8 C:\Users\okaya\AppData\Local\Temp\cccCd7Sb.ltrans13.ltrans.o
 .bss           0x0000000004002dec        0x8 C:\Users\okaya\AppData\Local\Temp\cccCd7Sb.ltrans14.ltrans.o
 .bss           0x0000000004002df4        0x8 C:\Users\okaya\AppData\Local\Temp\cccCd7Sb.ltrans15.ltrans.o
                0x0000000004002df4                u8ScanBeaconsSeen.6942
                0x0000000004002df5                g_bMacEnhancedMode
                0x0000000004002df8                zps_psNwk
 .bss           0x0000000004002dfc       0x20 C:\Users\okaya\AppData\Local\Temp\cccCd7Sb.ltrans16.ltrans.o
                0x0000000004002dfc                prIntHandler.153855
                0x0000000004002e00                psTimerServerList
 .bss           0x0000000004002e1c        0x8 C:\Users\okaya\AppData\Local\Temp\cccCd7Sb.ltrans17.ltrans.o
                0x0000000004002e1c                g_pfTimerExpiryCallback.131231
 .bss           0x0000000004002e24       0x80 C:\Users\okaya\AppData\Local\Temp\cccCd7Sb.ltrans19.ltrans.o
                0x0000000004002e24                sMiniMacPhyPib
                0x0000000004002e28                pfnDataReqCallback
                0x0000000004002e2c                aprTimerCallback
                0x0000000004002e4c                au32TimerCounter
                0x0000000004002e6c                sMiniMacInternal
 .bss           0x0000000004002ea4       0x48 C:\Users\okaya\AppData\Local\Temp\cccCd7Sb.ltrans20.ltrans.o
                0x0000000004002ea4                bSecondScan.143952
                0x0000000004002ea5                au8ChanCnt
                0x0000000004002ec0                sThisDeviceMacAddr
 .bss           0x0000000004002eec       0x10 C:\Users\okaya\AppData\Local\Temp\cccCd7Sb.ltrans21.ltrans.o
                0x0000000004002eec                g_bLastRejoinWasSecure
 .bss           0x0000000004002efc       0x30 C:\Users\okaya\AppData\Local\Temp\cccCd7Sb.ltrans22.ltrans.o
 .bss           0x0000000004002f2c        0x1 C:\Users\okaya\AppData\Local\Temp\cccCd7Sb.ltrans23.ltrans.o
                0x0000000004002f2c                bDefaultServerIgnoreHandleMgmtUpdate
 *fill*         0x0000000004002f2d        0x3 00
 .bss           0x0000000004002f30       0x40 C:\Users\okaya\AppData\Local\Temp\cccCd7Sb.ltrans24.ltrans.o
 .bss           0x0000000004002f70      0x13e C:\Users\okaya\AppData\Local\Temp\cccCd7Sb.ltrans25.ltrans.o
 *fill*         0x00000000040030ae        0x2 00
 .bss           0x00000000040030b0       0x10 C:\Users\okaya\AppData\Local\Temp\cccCd7Sb.ltrans28.ltrans.o
                0x00000000040030b0                psFreeMsgListHead
                0x00000000040030b4                pu8ApsSeq
 .bss           0x00000000040030c0       0x38 C:\Users\okaya\AppData\Local\Temp\cccCd7Sb.ltrans29.ltrans.o
                0x00000000040030c0                sRecoverDevice
                0x00000000040030f0                bZpsMyLastJoinWasRejoin.23276
 .bss           0x00000000040030f8       0x42 C:\Users\okaya\AppData\Local\Temp\cccCd7Sb.ltrans30.ltrans.o
                0x00000000040030f8                bCommandReady.5278
                0x00000000040030f9                command.5276
                0x0000000004003139                cmd_index.5277
 *fill*         0x000000000400313a        0x2 00
 .bss           0x000000000400313c       0x2c C:\Users\okaya\AppData\Local\Temp\cccCd7Sb.ltrans31.ltrans.o
                0x000000000400313c                pwrm_CPUContext
                0x0000000004003160                s_psVsMcpsDcfmInd.32763
                0x0000000004003164                s_psMacDcfmInd.32762
 .bss.dontinitinboot
                0x0000000004003168       0x40 ../../../../sdk/JN-SW-4170/Components/Library\libBoot_JN516x.a(ExceptionHandler.o)
                0x0000000004003168                isr_handlers
 *(.bss.*)
 *(.scommon*)
 *(.scommon.*)
 *(COMMON)
                0x00000000040031a8                . = ALIGN (0x4)
                0x00000000040031a8                _bss_end = ABSOLUTE (.)

.heap           0x00000000040031a8      0x7d0 load address 0x000000000009f008
                0x00000000040031a8                _heap_start = ABSOLUTE (.)
                0x0000000004003978                . = (. + __minimum_heap_size)
 *fill*         0x00000000040031a8      0x7d0 00

.stack          0x0000000004006c78     0x1388 load address 0x00000000000a2ad8
                0x0000000004006c78                _heap_end = ABSOLUTE (.)
                0x0000000004006c78                _stack_low_water_mark = ABSOLUTE (.)
                0x0000000004008000                . = (. + __stack_size)
 *fill*         0x0000000004006c78     0x1388 00

.test           0x000000000009c344        0x1
                0x000000000009c344        0x1 BYTE 0xff
                0x000000000009beac                _flash_data_start = LOADADDR (.data)
                0x0000000000000498                _ram_data_len = (((_ram_data_end - _ram_data_start) + 0x3) & 0xfffffffffffffffc)
                0x0000000000002cc4                _bss_len = (((_bss_end - _bss_start) + 0x3) & 0xfffffffffffffffc)
                0x000000000001c344                _image_len = ((((_flash_end - _flash_start) + _ram_data_len) + 0x3) & 0xfffffffffffffffc)
                0x0000000004008000                _ram_top = (ABSOLUTE (ORIGIN (ram)) + 0x7fb4)
                0x0000000004008000                ram_top = (ABSOLUTE (ORIGIN (ram)) + 0x7fb4)
                0x0000000001001580                _app_ram_start = 0x1001580
                0x0000000004000488                PROVIDE (_heap_location, u32HeapStart)
                0x0000000004000488                PROVIDE (heap_location, u32HeapStart)
OUTPUT(AN1229_ZBP_Router_JN5169.elf elf32-ba)

.comment        0x0000000000000000       0x11
 .comment       0x0000000000000000       0x11 C:\Users\okaya\AppData\Local\Temp\cccCd7Sb.ltrans0.ltrans.o
                                         0x12 (size before relaxing)
 .comment       0x0000000000000000       0x12 C:\Users\okaya\AppData\Local\Temp\cccCd7Sb.ltrans1.ltrans.o
 .comment       0x0000000000000000       0x12 C:\Users\okaya\AppData\Local\Temp\cccCd7Sb.ltrans2.ltrans.o
 .comment       0x0000000000000000       0x12 C:\Users\okaya\AppData\Local\Temp\cccCd7Sb.ltrans3.ltrans.o
 .comment       0x0000000000000000       0x12 C:\Users\okaya\AppData\Local\Temp\cccCd7Sb.ltrans4.ltrans.o
 .comment       0x0000000000000000       0x12 C:\Users\okaya\AppData\Local\Temp\cccCd7Sb.ltrans5.ltrans.o
 .comment       0x0000000000000000       0x12 C:\Users\okaya\AppData\Local\Temp\cccCd7Sb.ltrans6.ltrans.o
 .comment       0x0000000000000000       0x12 C:\Users\okaya\AppData\Local\Temp\cccCd7Sb.ltrans7.ltrans.o
 .comment       0x0000000000000000       0x12 C:\Users\okaya\AppData\Local\Temp\cccCd7Sb.ltrans8.ltrans.o
 .comment       0x0000000000000000       0x12 C:\Users\okaya\AppData\Local\Temp\cccCd7Sb.ltrans9.ltrans.o
 .comment       0x0000000000000000       0x12 C:\Users\okaya\AppData\Local\Temp\cccCd7Sb.ltrans10.ltrans.o
 .comment       0x0000000000000000       0x12 C:\Users\okaya\AppData\Local\Temp\cccCd7Sb.ltrans11.ltrans.o
 .comment       0x0000000000000000       0x12 C:\Users\okaya\AppData\Local\Temp\cccCd7Sb.ltrans12.ltrans.o
 .comment       0x0000000000000000       0x12 C:\Users\okaya\AppData\Local\Temp\cccCd7Sb.ltrans13.ltrans.o
 .comment       0x0000000000000000       0x12 C:\Users\okaya\AppData\Local\Temp\cccCd7Sb.ltrans14.ltrans.o
 .comment       0x0000000000000000       0x12 C:\Users\okaya\AppData\Local\Temp\cccCd7Sb.ltrans15.ltrans.o
 .comment       0x0000000000000000       0x12 C:\Users\okaya\AppData\Local\Temp\cccCd7Sb.ltrans16.ltrans.o
 .comment       0x0000000000000000       0x12 C:\Users\okaya\AppData\Local\Temp\cccCd7Sb.ltrans17.ltrans.o
 .comment       0x0000000000000000       0x12 C:\Users\okaya\AppData\Local\Temp\cccCd7Sb.ltrans18.ltrans.o
 .comment       0x0000000000000000       0x12 C:\Users\okaya\AppData\Local\Temp\cccCd7Sb.ltrans19.ltrans.o
 .comment       0x0000000000000000       0x12 C:\Users\okaya\AppData\Local\Temp\cccCd7Sb.ltrans20.ltrans.o
 .comment       0x0000000000000000       0x12 C:\Users\okaya\AppData\Local\Temp\cccCd7Sb.ltrans21.ltrans.o
 .comment       0x0000000000000000       0x12 C:\Users\okaya\AppData\Local\Temp\cccCd7Sb.ltrans22.ltrans.o
 .comment       0x0000000000000000       0x12 C:\Users\okaya\AppData\Local\Temp\cccCd7Sb.ltrans23.ltrans.o
 .comment       0x0000000000000000       0x12 C:\Users\okaya\AppData\Local\Temp\cccCd7Sb.ltrans24.ltrans.o
 .comment       0x0000000000000000       0x12 C:\Users\okaya\AppData\Local\Temp\cccCd7Sb.ltrans25.ltrans.o
 .comment       0x0000000000000000       0x12 C:\Users\okaya\AppData\Local\Temp\cccCd7Sb.ltrans26.ltrans.o
 .comment       0x0000000000000000       0x12 C:\Users\okaya\AppData\Local\Temp\cccCd7Sb.ltrans27.ltrans.o
 .comment       0x0000000000000000       0x12 C:\Users\okaya\AppData\Local\Temp\cccCd7Sb.ltrans28.ltrans.o
 .comment       0x0000000000000000       0x12 C:\Users\okaya\AppData\Local\Temp\cccCd7Sb.ltrans29.ltrans.o
 .comment       0x0000000000000000       0x12 C:\Users\okaya\AppData\Local\Temp\cccCd7Sb.ltrans30.ltrans.o
 .comment       0x0000000000000000       0x12 C:\Users\okaya\AppData\Local\Temp\cccCd7Sb.ltrans31.ltrans.o
 .comment       0x0000000000000000       0x12 c:/nxp/bstudio_nxp/sdk/tools/ba-elf-ba2-r36379/bin/../lib/gcc/ba-elf/4.7.4/../../../../ba-elf/lib/mcpu_jn51xx_sizeopt\libc.a(lib_a-memcmp.o)
 .comment       0x0000000000000000       0x12 c:/nxp/bstudio_nxp/sdk/tools/ba-elf-ba2-r36379/bin/../lib/gcc/ba-elf/4.7.4/../../../../ba-elf/lib/mcpu_jn51xx_sizeopt\libc.a(lib_a-memcpy.o)
 .comment       0x0000000000000000       0x12 c:/nxp/bstudio_nxp/sdk/tools/ba-elf-ba2-r36379/bin/../lib/gcc/ba-elf/4.7.4/../../../../ba-elf/lib/mcpu_jn51xx_sizeopt\libc.a(lib_a-memset.o)
 .comment       0x0000000000000000       0x12 c:/nxp/bstudio_nxp/sdk/tools/ba-elf-ba2-r36379/bin/../lib/gcc/ba-elf/4.7.4/mcpu_jn51xx_sizeopt\libgcc.a(_udivdi3.o)

.debug_info     0x0000000000000000      0xbf2
 .debug_info    0x0000000000000000       0xf3 c:/nxp/bstudio_nxp/sdk/tools/ba-elf-ba2-r36379/bin/../lib/gcc/ba-elf/4.7.4/../../../../ba-elf/lib/mcpu_jn51xx_sizeopt\libc.a(lib_a-memcmp.o)
 .debug_info    0x00000000000000f3      0x106 c:/nxp/bstudio_nxp/sdk/tools/ba-elf-ba2-r36379/bin/../lib/gcc/ba-elf/4.7.4/../../../../ba-elf/lib/mcpu_jn51xx_sizeopt\libc.a(lib_a-memcpy.o)
 .debug_info    0x00000000000001f9       0xd7 c:/nxp/bstudio_nxp/sdk/tools/ba-elf-ba2-r36379/bin/../lib/gcc/ba-elf/4.7.4/../../../../ba-elf/lib/mcpu_jn51xx_sizeopt\libc.a(lib_a-memset.o)
 .debug_info    0x00000000000002d0       0xb4 c:/nxp/bstudio_nxp/sdk/tools/ba-elf-ba2-r36379/bin/../lib/gcc/ba-elf/4.7.4/mcpu_jn51xx_sizeopt\libgcc.a(__udivsi3.o)
 .debug_info    0x0000000000000384       0xb4 c:/nxp/bstudio_nxp/sdk/tools/ba-elf-ba2-r36379/bin/../lib/gcc/ba-elf/4.7.4/mcpu_jn51xx_sizeopt\libgcc.a(__umodsi3.o)
 .debug_info    0x0000000000000438       0xb4 c:/nxp/bstudio_nxp/sdk/tools/ba-elf-ba2-r36379/bin/../lib/gcc/ba-elf/4.7.4/mcpu_jn51xx_sizeopt\libgcc.a(__modsi3.o)
 .debug_info    0x00000000000004ec      0x648 c:/nxp/bstudio_nxp/sdk/tools/ba-elf-ba2-r36379/bin/../lib/gcc/ba-elf/4.7.4/mcpu_jn51xx_sizeopt\libgcc.a(_udivdi3.o)
 .debug_info    0x0000000000000b34       0xbe ../../../../sdk/JN-SW-4170/Components/Library\libBoot_JN516x.a(ExceptionHandler.o)

.debug_abbrev   0x0000000000000000      0x36d
 .debug_abbrev  0x0000000000000000       0x8e c:/nxp/bstudio_nxp/sdk/tools/ba-elf-ba2-r36379/bin/../lib/gcc/ba-elf/4.7.4/../../../../ba-elf/lib/mcpu_jn51xx_sizeopt\libc.a(lib_a-memcmp.o)
 .debug_abbrev  0x000000000000008e       0xa4 c:/nxp/bstudio_nxp/sdk/tools/ba-elf-ba2-r36379/bin/../lib/gcc/ba-elf/4.7.4/../../../../ba-elf/lib/mcpu_jn51xx_sizeopt\libc.a(lib_a-memcpy.o)
 .debug_abbrev  0x0000000000000132       0x8e c:/nxp/bstudio_nxp/sdk/tools/ba-elf-ba2-r36379/bin/../lib/gcc/ba-elf/4.7.4/../../../../ba-elf/lib/mcpu_jn51xx_sizeopt\libc.a(lib_a-memset.o)
 .debug_abbrev  0x00000000000001c0       0x14 c:/nxp/bstudio_nxp/sdk/tools/ba-elf-ba2-r36379/bin/../lib/gcc/ba-elf/4.7.4/mcpu_jn51xx_sizeopt\libgcc.a(__udivsi3.o)
 .debug_abbrev  0x00000000000001d4       0x14 c:/nxp/bstudio_nxp/sdk/tools/ba-elf-ba2-r36379/bin/../lib/gcc/ba-elf/4.7.4/mcpu_jn51xx_sizeopt\libgcc.a(__umodsi3.o)
 .debug_abbrev  0x00000000000001e8       0x14 c:/nxp/bstudio_nxp/sdk/tools/ba-elf-ba2-r36379/bin/../lib/gcc/ba-elf/4.7.4/mcpu_jn51xx_sizeopt\libgcc.a(__modsi3.o)
 .debug_abbrev  0x00000000000001fc      0x15d c:/nxp/bstudio_nxp/sdk/tools/ba-elf-ba2-r36379/bin/../lib/gcc/ba-elf/4.7.4/mcpu_jn51xx_sizeopt\libgcc.a(_udivdi3.o)
 .debug_abbrev  0x0000000000000359       0x14 ../../../../sdk/JN-SW-4170/Components/Library\libBoot_JN516x.a(ExceptionHandler.o)

.debug_loc      0x0000000000000000      0xb66
 .debug_loc     0x0000000000000000       0x73 c:/nxp/bstudio_nxp/sdk/tools/ba-elf-ba2-r36379/bin/../lib/gcc/ba-elf/4.7.4/../../../../ba-elf/lib/mcpu_jn51xx_sizeopt\libc.a(lib_a-memcmp.o)
 .debug_loc     0x0000000000000073       0x39 c:/nxp/bstudio_nxp/sdk/tools/ba-elf-ba2-r36379/bin/../lib/gcc/ba-elf/4.7.4/../../../../ba-elf/lib/mcpu_jn51xx_sizeopt\libc.a(lib_a-memcpy.o)
 .debug_loc     0x00000000000000ac       0x3f c:/nxp/bstudio_nxp/sdk/tools/ba-elf-ba2-r36379/bin/../lib/gcc/ba-elf/4.7.4/../../../../ba-elf/lib/mcpu_jn51xx_sizeopt\libc.a(lib_a-memset.o)
 .debug_loc     0x00000000000000eb      0xa7b c:/nxp/bstudio_nxp/sdk/tools/ba-elf-ba2-r36379/bin/../lib/gcc/ba-elf/4.7.4/mcpu_jn51xx_sizeopt\libgcc.a(_udivdi3.o)

.debug_aranges  0x0000000000000000      0x100
 .debug_aranges
                0x0000000000000000       0x20 c:/nxp/bstudio_nxp/sdk/tools/ba-elf-ba2-r36379/bin/../lib/gcc/ba-elf/4.7.4/../../../../ba-elf/lib/mcpu_jn51xx_sizeopt\libc.a(lib_a-memcmp.o)
 .debug_aranges
                0x0000000000000020       0x20 c:/nxp/bstudio_nxp/sdk/tools/ba-elf-ba2-r36379/bin/../lib/gcc/ba-elf/4.7.4/../../../../ba-elf/lib/mcpu_jn51xx_sizeopt\libc.a(lib_a-memcpy.o)
 .debug_aranges
                0x0000000000000040       0x20 c:/nxp/bstudio_nxp/sdk/tools/ba-elf-ba2-r36379/bin/../lib/gcc/ba-elf/4.7.4/../../../../ba-elf/lib/mcpu_jn51xx_sizeopt\libc.a(lib_a-memset.o)
 .debug_aranges
                0x0000000000000060       0x20 c:/nxp/bstudio_nxp/sdk/tools/ba-elf-ba2-r36379/bin/../lib/gcc/ba-elf/4.7.4/mcpu_jn51xx_sizeopt\libgcc.a(__udivsi3.o)
 .debug_aranges
                0x0000000000000080       0x20 c:/nxp/bstudio_nxp/sdk/tools/ba-elf-ba2-r36379/bin/../lib/gcc/ba-elf/4.7.4/mcpu_jn51xx_sizeopt\libgcc.a(__umodsi3.o)
 .debug_aranges
                0x00000000000000a0       0x20 c:/nxp/bstudio_nxp/sdk/tools/ba-elf-ba2-r36379/bin/../lib/gcc/ba-elf/4.7.4/mcpu_jn51xx_sizeopt\libgcc.a(__modsi3.o)
 .debug_aranges
                0x00000000000000c0       0x20 c:/nxp/bstudio_nxp/sdk/tools/ba-elf-ba2-r36379/bin/../lib/gcc/ba-elf/4.7.4/mcpu_jn51xx_sizeopt\libgcc.a(_udivdi3.o)
 .debug_aranges
                0x00000000000000e0       0x20 ../../../../sdk/JN-SW-4170/Components/Library\libBoot_JN516x.a(ExceptionHandler.o)

.debug_line     0x0000000000000000     0x1017
 .debug_line    0x0000000000000000      0x154 c:/nxp/bstudio_nxp/sdk/tools/ba-elf-ba2-r36379/bin/../lib/gcc/ba-elf/4.7.4/../../../../ba-elf/lib/mcpu_jn51xx_sizeopt\libc.a(lib_a-memcmp.o)
 .debug_line    0x0000000000000154      0x148 c:/nxp/bstudio_nxp/sdk/tools/ba-elf-ba2-r36379/bin/../lib/gcc/ba-elf/4.7.4/../../../../ba-elf/lib/mcpu_jn51xx_sizeopt\libc.a(lib_a-memcpy.o)
 .debug_line    0x000000000000029c      0x13e c:/nxp/bstudio_nxp/sdk/tools/ba-elf-ba2-r36379/bin/../lib/gcc/ba-elf/4.7.4/../../../../ba-elf/lib/mcpu_jn51xx_sizeopt\libc.a(lib_a-memset.o)
 .debug_line    0x00000000000003da      0x47b c:/nxp/bstudio_nxp/sdk/tools/ba-elf-ba2-r36379/bin/../lib/gcc/ba-elf/4.7.4/mcpu_jn51xx_sizeopt\libgcc.a(__udivsi3.o)
 .debug_line    0x0000000000000855      0x3c7 c:/nxp/bstudio_nxp/sdk/tools/ba-elf-ba2-r36379/bin/../lib/gcc/ba-elf/4.7.4/mcpu_jn51xx_sizeopt\libgcc.a(__umodsi3.o)
 .debug_line    0x0000000000000c1c       0xa3 c:/nxp/bstudio_nxp/sdk/tools/ba-elf-ba2-r36379/bin/../lib/gcc/ba-elf/4.7.4/mcpu_jn51xx_sizeopt\libgcc.a(__modsi3.o)
 .debug_line    0x0000000000000cbf      0x1b7 c:/nxp/bstudio_nxp/sdk/tools/ba-elf-ba2-r36379/bin/../lib/gcc/ba-elf/4.7.4/mcpu_jn51xx_sizeopt\libgcc.a(_udivdi3.o)
 .debug_line    0x0000000000000e76      0x1a1 ../../../../sdk/JN-SW-4170/Components/Library\libBoot_JN516x.a(ExceptionHandler.o)

.debug_str      0x0000000000000000      0x2e8
 .debug_str     0x0000000000000000      0x119 c:/nxp/bstudio_nxp/sdk/tools/ba-elf-ba2-r36379/bin/../lib/gcc/ba-elf/4.7.4/../../../../ba-elf/lib/mcpu_jn51xx_sizeopt\libc.a(lib_a-memcmp.o)
                                        0x152 (size before relaxing)
 .debug_str     0x0000000000000119       0x5d c:/nxp/bstudio_nxp/sdk/tools/ba-elf-ba2-r36379/bin/../lib/gcc/ba-elf/4.7.4/../../../../ba-elf/lib/mcpu_jn51xx_sizeopt\libc.a(lib_a-memcpy.o)
                                        0x166 (size before relaxing)
 .debug_str     0x0000000000000176       0x49 c:/nxp/bstudio_nxp/sdk/tools/ba-elf-ba2-r36379/bin/../lib/gcc/ba-elf/4.7.4/../../../../ba-elf/lib/mcpu_jn51xx_sizeopt\libc.a(lib_a-memset.o)
                                        0x152 (size before relaxing)
 .debug_str     0x00000000000001bf      0x129 c:/nxp/bstudio_nxp/sdk/tools/ba-elf-ba2-r36379/bin/../lib/gcc/ba-elf/4.7.4/mcpu_jn51xx_sizeopt\libgcc.a(_udivdi3.o)
                                        0x1d4 (size before relaxing)

.debug_frame    0x0000000000000000       0x60
 .debug_frame   0x0000000000000000       0x20 c:/nxp/bstudio_nxp/sdk/tools/ba-elf-ba2-r36379/bin/../lib/gcc/ba-elf/4.7.4/../../../../ba-elf/lib/mcpu_jn51xx_sizeopt\libc.a(lib_a-memcmp.o)
 .debug_frame   0x0000000000000020       0x20 c:/nxp/bstudio_nxp/sdk/tools/ba-elf-ba2-r36379/bin/../lib/gcc/ba-elf/4.7.4/../../../../ba-elf/lib/mcpu_jn51xx_sizeopt\libc.a(lib_a-memcpy.o)
 .debug_frame   0x0000000000000040       0x20 c:/nxp/bstudio_nxp/sdk/tools/ba-elf-ba2-r36379/bin/../lib/gcc/ba-elf/4.7.4/../../../../ba-elf/lib/mcpu_jn51xx_sizeopt\libc.a(lib_a-memset.o)

.debug_ranges   0x0000000000000000       0xa0
 .debug_ranges  0x0000000000000000       0xa0 c:/nxp/bstudio_nxp/sdk/tools/ba-elf-ba2-r36379/bin/../lib/gcc/ba-elf/4.7.4/mcpu_jn51xx_sizeopt\libgcc.a(_udivdi3.o)
