Archive member included because of file (symbol)

../../../../sdk/JN-SW-4170/Components/Library\libZPSMAC_Mini_SOC_JN516x.a(zps_mac_shim.o)
                              zps_gen.o (symbol from plugin) (APP_bMultimaskJoinCallBack)
../../../../sdk/JN-SW-4170/Components/Library\libZPSMAC_Mini_SOC_JN516x.a(zps_miniMac.o)
                              zps_mac_shim.o (symbol from plugin) (zps_eSocMacSetTxBuffers)
../../../../sdk/JN-SW-4170/Components/Library\libZPSMAC_Mini_SOC_JN516x.a(zps_mac_common.o)
                              zps_mac_shim.o (symbol from plugin) (g_u8LegacyBeaconPayloadLen)
../../../../sdk/JN-SW-4170/Components/Library\libZPSMAC_Mini_SOC_JN516x.a(zps_mac_ie.o)
                              zps_mac_common.o (symbol from plugin) (zps_u8MacIECopyZigbeePayloadSubIE)
../../../../sdk/JN-SW-4170/Components/Library\libPWRM_JN516x.a(pwrm.o)
                              app_start.o (symbol from plugin) (PWRM_vInit)
../../../../sdk/JN-SW-4170/Components/Library\libPWRM_JN516x.a(pwrm_setjmp_JN516x.o)
                              pwrm.o (symbol from plugin) (setjmp)
../../../../sdk/JN-SW-4170/Components/Library\libPWRM_JN516x.a(pwrm_cold_start.o)
                              (AppColdStart)
../../../../sdk/JN-SW-4170/Components/Library\libPWRM_JN516x.a(pwrm_warm_start.o)
                              (AppWarmStart)
../../../../sdk/JN-SW-4170/Components/Library\libPDUM_JN516x.a(pdum_nwk.o)
                              zps_miniMac.o (symbol from plugin) (PDUM_eNPduAllocate)
../../../../sdk/JN-SW-4170/Components/Library\libPDUM_JN516x.a(pdum_apl.o)
                              appZdpExtraction.o (symbol from plugin) (PDUM_u16APduInstanceReadNBO)
../../../../sdk/JN-SW-4170/Components/Library\libPDUM_JN516x.a(pdum.o)
                              pdum_nwk.o (symbol from plugin) (PDUM_u16SizeNBO)
../../../../sdk/JN-SW-4170/Components/Library\libZPSAPL_JN516x.a(zps_apl_inl.o)
                              zps_mac_ie.o (symbol from plugin) (ZPS_pu8AplZdoGetVsOUI)
../../../../sdk/JN-SW-4170/Components/Library\libZPSAPL_JN516x.a(zps_apl_af.o)
                              app_router.o (symbol from plugin) (ZPS_eAplAfInit)
../../../../sdk/JN-SW-4170/Components/Library\libZPSAPL_JN516x.a(zps_apl_af_apsde.o)
                              zps_gen.o (symbol from plugin) (zps_vHandleApsdeDataFragIndNotSupported)
../../../../sdk/JN-SW-4170/Components/Library\libZPSAPL_JN516x.a(zps_apl_task.o)
                              zps_apl_af_apsde.o (symbol from plugin) (zps_vAplAfPostEvent)
../../../../sdk/JN-SW-4170/Components/Library\libZPSAPL_JN516x.a(zps_apl_apsde.o)
                              zps_apl_task.o (symbol from plugin) (ZPS_vAplRegisterApsdeDcfmIndCallbacks)
../../../../sdk/JN-SW-4170/Components/Library\libZPSAPL_JN516x.a(zps_apl_apsme.o)
                              zps_apl_task.o (symbol from plugin) (ZPS_vAplRegisterApsmeDcfmIndCallbacks)
../../../../sdk/JN-SW-4170/Components/Library\libZPSAPL_JN516x.a(zps_apl_aps_nlde.o)
                              zps_apl_task.o (symbol from plugin) (zps_vAplApsHandleNldeDcfmInd)
../../../../sdk/JN-SW-4170/Components/Library\libZPSAPL_JN516x.a(zps_apl_sec.o)
                              zps_apl_apsme.o (symbol from plugin) (zps_vGenerateHashForVerifiedKey)
../../../../sdk/JN-SW-4170/Components/Library\libZPSAPL_JN516x.a(zps_apl_aib.o)
                              app_router.o (symbol from plugin) (zps_psAplAibGetAib)
../../../../sdk/JN-SW-4170/Components/Library\libZPSAPL_JN516x.a(zps_apl_zdo_nwkmanager.o)
                              zps_apl_apsme.o (symbol from plugin) (zps_vAplSaveRecord)
../../../../sdk/JN-SW-4170/Components/Library\libZPSAPL_JN516x.a(zps_apl_zdo_handle_zdp_event.o)
                              zps_apl_task.o (symbol from plugin) (zps_bAplZdoHandleZdpEvent)
../../../../sdk/JN-SW-4170/Components/Library\libZPSAPL_JN516x.a(zps_apl_zdo_trust_center.o)
                              zps_apl_inl.o (symbol from plugin) (zps_eAplTrustCenterFindDevice)
../../../../sdk/JN-SW-4170/Components/Library\libZPSAPL_JN516x.a(zps_apl_zdo_common.o)
                              zps_apl_zdo_nwkmanager.o (symbol from plugin) (zps_eAplZdoNlmeleaveWrapper)
../../../../sdk/JN-SW-4170/Components/Library\libZPSAPL_JN516x.a(zps_apl_zdo_group.o)
                              zps_apl_inl.o (symbol from plugin) (zps_eAplZdoGroupEndpointAdd)
../../../../sdk/JN-SW-4170/Components/Library\libZPSAPL_JN516x.a(zps_apl_zdo_default_server.o)
                              zps_gen.o (symbol from plugin) (zps_vAplZdoDefaultServerInit)
../../../../sdk/JN-SW-4170/Components/Library\libZPSAPL_JN516x.a(zps_apl_zdo_bind_manager.o)
                              zps_apl_inl.o (symbol from plugin) (zps_eAplZdoBind)
../../../../sdk/JN-SW-4170/Components/Library\libZPSAPL_JN516x.a(zps_apl_mac_isr.o)
                              zps_apl_zdo_nwkmanager.o (symbol from plugin) (zps_vAplAfIsrInit)
../../../../sdk/JN-SW-4170/Components/Library\libZPSAPL_JN516x.a(zps_apl_zdo_nwk_addr_server.o)
[...]
Memory Configuration

Name             Origin             Length             Attributes
flash            0x0000000000080000 0x0000000000080000
ram              0x000000000400004c 0x0000000000007fb4
*default*        0x0000000000000000 0xffffffffffffffff

Linker script and memory map

                0x0000000000001388                __stack_size = 0x1388
                0x00000000000007d0                __minimum_heap_size = 0x7d0
START GROUP
LOAD irq_JN516x.o
LOAD portasm_JN516x.o
LOAD port_JN516x.o
LOAD C:\Users\okaya\AppData\Local\Temp\ccPaMqSx.ltrans0.ltrans.o
LOAD C:\Users\okaya\AppData\Local\Temp\ccPaMqSx.ltrans1.ltrans.o
LOAD C:\Users\okaya\AppData\Local\Temp\ccPaMqSx.ltrans2.ltrans.o
LOAD C:\Users\okaya\AppData\Local\Temp\ccPaMqSx.ltrans3.ltrans.o
LOAD C:\Users\okaya\AppData\Local\Temp\ccPaMqSx.ltrans4.ltrans.o
LOAD C:\Users\okaya\AppData\Local\Temp\ccPaMqSx.ltrans5.ltrans.o
LOAD C:\Users\okaya\AppData\Local\Temp\ccPaMqSx.ltrans6.ltrans.o
LOAD C:\Users\okaya\AppData\Local\Temp\ccPaMqSx.ltrans7.ltrans.o
LOAD C:\Users\okaya\AppData\Local\Temp\ccPaMqSx.ltrans8.ltrans.o
LOAD C:\Users\okaya\AppData\Local\Temp\ccPaMqSx.ltrans9.ltrans.o
LOAD C:\Users\okaya\AppData\Local\Temp\ccPaMqSx.ltrans10.ltrans.o
LOAD C:\Users\okaya\AppData\Local\Temp\ccPaMqSx.ltrans11.ltrans.o
LOAD C:\Users\okaya\AppData\Local\Temp\ccPaMqSx.ltrans12.ltrans.o
LOAD C:\Users\okaya\AppData\Local\Temp\ccPaMqSx.ltrans13.ltrans.o
LOAD C:\Users\okaya\AppData\Local\Temp\ccPaMqSx.ltrans14.ltrans.o
LOAD C:\Users\okaya\AppData\Local\Temp\ccPaMqSx.ltrans15.ltrans.o
LOAD C:\Users\okaya\AppData\Local\Temp\ccPaMqSx.ltrans16.ltrans.o
LOAD C:\Users\okaya\AppData\Local\Temp\ccPaMqSx.ltrans17.ltrans.o
LOAD C:\Users\okaya\AppData\Local\Temp\ccPaMqSx.ltrans18.ltrans.o
LOAD C:\Users\okaya\AppData\Local\Temp\ccPaMqSx.ltrans19.ltrans.o
LOAD C:\Users\okaya\AppData\Local\Temp\ccPaMqSx.ltrans20.ltrans.o
LOAD C:\Users\okaya\AppData\Local\Temp\ccPaMqSx.ltrans21.ltrans.o
LOAD C:\Users\okaya\AppData\Local\Temp\ccPaMqSx.ltrans22.ltrans.o
LOAD C:\Users\okaya\AppData\Local\Temp\ccPaMqSx.ltrans23.ltrans.o
LOAD C:\Users\okaya\AppData\Local\Temp\ccPaMqSx.ltrans24.ltrans.o
LOAD C:\Users\okaya\AppData\Local\Temp\ccPaMqSx.ltrans25.ltrans.o
LOAD C:\Users\okaya\AppData\Local\Temp\ccPaMqSx.ltrans26.ltrans.o
LOAD C:\Users\okaya\AppData\Local\Temp\ccPaMqSx.ltrans27.ltrans.o
LOAD C:\Users\okaya\AppData\Local\Temp\ccPaMqSx.ltrans28.ltrans.o
LOAD C:\Users\okaya\AppData\Local\Temp\ccPaMqSx.ltrans29.ltrans.o
LOAD C:\Users\okaya\AppData\Local\Temp\ccPaMqSx.ltrans30.ltrans.o
LOAD C:\Users\okaya\AppData\Local\Temp\ccPaMqSx.ltrans31.ltrans.o
LOAD c:/nxp/bstudio_nxp/sdk/tools/ba-elf-ba2-r36379/bin/../lib/gcc/ba-elf/4.7.4/../../../../ba-elf/lib/mcpu_jn51xx_sizeopt\libc.a
LOAD c:/nxp/bstudio_nxp/sdk/tools/ba-elf-ba2-r36379/bin/../lib/gcc/ba-elf/4.7.4/mcpu_jn51xx_sizeopt\libgcc.a
LOAD c:/nxp/bstudio_nxp/sdk/tools/ba-elf-ba2-r36379/bin/../lib/gcc/ba-elf/4.7.4/../../../../ba-elf/lib/mcpu_jn51xx_sizeopt\libc.a
LOAD pdum_gen.o
LOAD pdum_apdu.o
LOAD zps_gen.o
LOAD app_start.o
LOAD app_router.o
LOAD app_endpoint.o
LOAD appZdpExtraction.o
LOAD appZpsBeaconHandler.o
LOAD app_pdm.o
LOAD Utils.o
LOAD ZQueue.o
LOAD ZTimer.o
LOAD app_zps_link_keys.o
LOAD ../../../../sdk/JN-SW-4170/Components/Library\libJPT_JN5169.a
LOAD ../../../../sdk/JN-SW-4170/Components/Library\libZPSMAC_Mini_SOC_JN516x.a
LOAD ../../../../sdk/JN-SW-4170/Components/Library\libPWRM_JN516x.a
LOAD ../../../../sdk/JN-SW-4170/Components/Library\libZPSTSV_JN516x.a
LOAD ../../../../sdk/JN-SW-4170/Components/Library\libAES_SW_JN516x.a
LOAD ../../../../sdk/JN-SW-4170/Components/Library\libPDUM_JN516x.a
LOAD ../../../../sdk/JN-SW-4170/Components/Library\libZPSAPL_JN516x.a
LOAD ../../../../sdk/JN-SW-4170/Components/Library\libRandom_JN516x.a
LOAD ../../../../sdk/JN-SW-4170/Components/Library\libPDM_EEPROM_NO_RTOS_JN516x.a
LOAD ../../../../sdk/JN-SW-4170/Components/Library\libDBG_JN516x.a
LOAD ../../../../sdk/JN-SW-4170/Components/Library\libZPSNWK_JN516x.a
LOAD ../../../../sdk/JN-SW-4170/Components/Library\libMiniMac_JN5169.a
LOAD ../../../../sdk/JN-SW-4170/Components/Library\libMiniMacShim_JN516x.a
LOAD ../../../../sdk/JN-SW-4170/Components/Library\libMMAC_JN5169.a
LOAD ../../../../sdk/JN-SW-4170/Components/Library\libJPT_JN5169.a
LOAD ../../../../sdk/JN-SW-4170/Components/Library\libAes_JN516x.a
LOAD ../../../../sdk/JN-SW-4170/Components/Library\libHardwareApi_JN5169.a
LOAD ../../../../sdk/JN-SW-4170/Components/Library\libMicroSpecific_JN516x.a
LOAD ../../../../sdk/JN-SW-4170/Components/Library\libBoot_JN516x.a
LOAD ../../../../sdk/JN-SW-4170/Platform/DK4/Library\libBoardLib_JN516x.a
END GROUP
LOAD c:/nxp/bstudio_nxp/sdk/tools/ba-elf-ba2-r36379/bin/../lib/gcc/ba-elf/4.7.4/../../../../ba-elf/lib/mcpu_jn51xx_sizeopt\libc.a
LOAD c:/nxp/bstudio_nxp/sdk/tools/ba-elf-ba2-r36379/bin/../lib/gcc/ba-elf/4.7.4/mcpu_jn51xx_sizeopt\libgcc.a
LOAD c:/nxp/bstudio_nxp/sdk/tools/ba-elf-ba2-r36379/bin/../lib/gcc/ba-elf/4.7.4/../../../../ba-elf/lib/mcpu_jn51xx_sizeopt\libc.a
                0x0000000000080038                exception_vsr_table = 0x80038
                0x0000000004000000                pSPIflashFncTable = 0x4000000
                0x0000000000000044                restore_state = 0x44
                0x000000000000004a                bZSPIWaitWIPClear = 0x4a
                0x0000000000000050                u16ZSPIflashRDID = 0x50
                0x0000000000000056                u8SelectFlashChipType = 0x56
                0x000000000000005c                memcpy = 0x5c
                0x0000000000000066                vBootFlashProg = 0x66
                [0x00000000000007d0]                __minimum_heap_size = DEFINED (__minimum_heap_size)?__minimum_heap_size:0xd16
                [0x0000000000001388]                __stack_size = DEFINED (__stack_size)?__stack_size:0x800
                0x0000000000000000                _SwConfig = (DEFINED (g_bSWConf_Debug) | (DEFINED (g_bSWConf_AltDebugPort) << 0x1))

.version        0x000000000007fffc        0x4
                0x000000000007fffc        0x4 LONG 0xf03000b

.bir            0x0000000000080000       0x10
                0x0000000000080000                _flash_start = ABSOLUTE (.)
                0x0000000000080000                _flash_beg = ABSOLUTE (.)
                0x0000000000080000        0x4 LONG 0x12345678
                0x0000000000080004        0x4 LONG 0x11223344
                0x0000000000080008        0x4 LONG 0x55667788
                0x000000000008000c        0x1 BYTE 0x8
                0x000000000008000d        0x1 BYTE 0x1
                0x000000000008000e        0x2 SHORT 0x0

.flashheader    0x0000000000080010       0x28
                0x0000000000080010        0x4 LONG 0x0
                0x0000000000080014        0x4 LONG 0x0
                0x0000000000080018        0x4 LONG 0x0
                0x000000000008001c        0x2 SHORT 0x0
                0x000000000008001e        0x2 SHORT 0x0 ABSOLUTE (_SwConfig)
                0x0000000000080020                _enc_start = ABSOLUTE (.)
                0x0000000000080020        0x4 LONG 0x1c9bc ABSOLUTE (_image_len)
                0x0000000000080024        0x4 LONG 0x9c524 ABSOLUTE (_flash_data_start)
                0x0000000000080028        0x2 SHORT 0x13 ((ABSOLUTE (_ram_data_start) / 0x4) & 0xffff)
                0x000000000008002a        0x2 SHORT 0x126 ((ABSOLUTE (_ram_data_len) / 0x4) & 0xffff)
                0x000000000008002c        0x2 SHORT 0x139 ((ABSOLUTE (_bss_start) / 0x4) & 0xffff)
                0x000000000008002e        0x2 SHORT 0xa98 ((ABSOLUTE (_bss_len) / 0x4) & 0xffff)
                0x0000000000080030        0x4 LONG 0x9bcfb ABSOLUTE (AppWarmStart)
                0x0000000000080034        0x4 LONG 0x8176c ABSOLUTE (AppColdStart)
                0x0000000000000000                _enc_offset = (_enc_start & 0xf)

.ro_mac_address
                0x0000000000080040        0x0
                0x0000000000080040                _FlsMACAddress = ABSOLUTE (.)
 *(.ro_mac_address)
                0x0000000000080040                . = ALIGN (0x10)

.ro_ota_header  0x0000000000080040        0x0
                0x0000000000080040                _FlsOtaHeader = ABSOLUTE (.)
 *(.ro_ota_header)
                0x0000000000080040                . = ALIGN (0x10)

.ro_se_lnkKey   0x0000000000080040        0x0
                0x0000000000080040                _FlsLinkKey = ABSOLUTE (.)
 *(.ro_se_lnkKey)
                0x0000000000080040                . = ALIGN (0x10)

.rodata         0x0000000000080038     0x1611
 *(.rodata*)
 .rodata.str1.1
                0x0000000000080038       0xba C:\Users\okaya\AppData\Local\Temp\ccPaMqSx.ltrans0.ltrans.o
 *fill*         0x00000000000800f2        0x2 00
 .rodata        0x00000000000800f4      0x3e8 C:\Users\okaya\AppData\Local\Temp\ccPaMqSx.ltrans0.ltrans.o
                0x0000000000080114                psAplDefaultDistributedAPSLinkKey
                0x0000000000080118                au32UartAddrOffset
                0x0000000000080120                g_u32ApsFcSaveCountBitShift
                0x0000000000080124                u8MaxZpsConfigEp
                0x0000000000080125                au8EpMapPresent
                0x0000000000080128                s_groupPdmTable
                0x0000000000080130                zps_g_pvApl
                0x0000000000080134                pwrm_psWakeupCallbacks
 .rodata.str1.1
                0x00000000000804dc      0x5e0 C:\Users\okaya\AppData\Local\Temp\ccPaMqSx.ltrans1.ltrans.o
                                        0x5f3 (size before relaxing)
 .rodata.str1.1
                0x0000000000080abc       0x1c C:\Users\okaya\AppData\Local\Temp\ccPaMqSx.ltrans2.ltrans.o
                                         0x34 (size before relaxing)
 .rodata        0x0000000000080ad8       0x30 C:\Users\okaya\AppData\Local\Temp\ccPaMqSx.ltrans3.ltrans.o
 .rodata.str1.1
                0x0000000000000000        0x8 C:\Users\okaya\AppData\Local\Temp\ccPaMqSx.ltrans3.ltrans.o
 .rodata.str1.1
                0x0000000000000000        0x3 C:\Users\okaya\AppData\Local\Temp\ccPaMqSx.ltrans4.ltrans.o
 .rodata.str1.1
                0x0000000000000000       0x1c C:\Users\okaya\AppData\Local\Temp\ccPaMqSx.ltrans5.ltrans.o
                                          0x3 (size before relaxing)
 .rodata        0x0000000000080b08       0x77 C:\Users\okaya\AppData\Local\Temp\ccPaMqSx.ltrans6.ltrans.o
 .rodata.str1.1
                0x0000000000080b7f        0x3 C:\Users\okaya\AppData\Local\Temp\ccPaMqSx.ltrans7.ltrans.o
 *fill*         0x0000000000080b82        0x2 00
 .rodata        0x0000000000080b84       0x14 C:\Users\okaya\AppData\Local\Temp\ccPaMqSx.ltrans7.ltrans.o
                0x0000000000080b84                u8MacNwkTriesTimeout
 .rodata.str1.1
                0x0000000000080b98        0x4 C:\Users\okaya\AppData\Local\Temp\ccPaMqSx.ltrans8.ltrans.o
 .rodata.str1.1
                0x0000000000000000        0xf C:\Users\okaya\AppData\Local\Temp\ccPaMqSx.ltrans10.ltrans.o
 .rodata.str1.1
                0x0000000000080b9c        0x6 C:\Users\okaya\AppData\Local\Temp\ccPaMqSx.ltrans11.ltrans.o
 *fill*         0x0000000000080ba2        0x2 00
 .rodata        0x0000000000080ba4       0x18 C:\Users\okaya\AppData\Local\Temp\ccPaMqSx.ltrans11.ltrans.o
                0x0000000000080ba4                au32NwkPdmRecordOffsets
 .rodata.str1.1
                0x0000000000080bbc        0x3 C:\Users\okaya\AppData\Local\Temp\ccPaMqSx.ltrans12.ltrans.o
                                          0x7 (size before relaxing)
 .rodata.str1.1
                0x0000000000080bbf      0x5d6 C:\Users\okaya\AppData\Local\Temp\ccPaMqSx.ltrans13.ltrans.o
                                        0x5dd (size before relaxing)
 .rodata.str1.1
                0x0000000000000000      0x5d6 C:\Users\okaya\AppData\Local\Temp\ccPaMqSx.ltrans14.ltrans.o
                                          0x4 (size before relaxing)
 *fill*         0x0000000000081195        0x3 00
 .rodata        0x0000000000081198       0x44 C:\Users\okaya\AppData\Local\Temp\ccPaMqSx.ltrans16.ltrans.o
                0x0000000000081198                u32ScanAttemptDelayTime
                0x000000000008119c                CSWTCH.19.7443.7443
                0x00000000000811bc                CSWTCH.22.7444.7444
 .rodata        0x00000000000811dc       0x20 C:\Users\okaya\AppData\Local\Temp\ccPaMqSx.ltrans17.ltrans.o
                0x00000000000811dc                CSWTCH.16.7442.7442
 .rodata.str1.1
                0x00000000000811fc        0xa C:\Users\okaya\AppData\Local\Temp\ccPaMqSx.ltrans18.ltrans.o
                                         0x13 (size before relaxing)
 .rodata.str1.1
                0x0000000000081206        0x7 C:\Users\okaya\AppData\Local\Temp\ccPaMqSx.ltrans19.ltrans.o
                                         0x13 (size before relaxing)
 .rodata.str1.1
                0x0000000000000000        0x7 C:\Users\okaya\AppData\Local\Temp\ccPaMqSx.ltrans20.ltrans.o
                                          0xb (size before relaxing)
 .rodata.str1.1
                0x000000000008120d       0x22 C:\Users\okaya\AppData\Local\Temp\ccPaMqSx.ltrans21.ltrans.o
                                         0x39 (size before relaxing)
 .rodata        0x000000000008122f       0x10 C:\Users\okaya\AppData\Local\Temp\ccPaMqSx.ltrans22.ltrans.o
                0x000000000008122f                au8FlashWaitStatesHSRCO.154436
                0x0000000000081237                au8FlashWaitStates32MXO.154435
 .rodata.str1.1
                0x000000000008123f        0x7 C:\Users\okaya\AppData\Local\Temp\ccPaMqSx.ltrans23.ltrans.o
                                         0x11 (size before relaxing)
 .rodata.str1.1
                0x0000000000081246       0x25 C:\Users\okaya\AppData\Local\Temp\ccPaMqSx.ltrans24.ltrans.o
                                         0x57 (size before relaxing)
 .rodata.str1.1
                0x0000000000000000        0x3 C:\Users\okaya\AppData\Local\Temp\ccPaMqSx.ltrans25.ltrans.o
 *fill*         0x000000000008126b        0x1 00
 .rodata        0x000000000008126c       0x8c C:\Users\okaya\AppData\Local\Temp\ccPaMqSx.ltrans26.ltrans.o
                0x000000000008126c                ZPS_g_u32MacVersion
                0x0000000000081270                PDUM_g_u32Version
                0x0000000000081274                ZPS_g_u32TsvVersion
 .rodata.str1.1
                0x00000000000812f8        0x5 C:\Users\okaya\AppData\Local\Temp\ccPaMqSx.ltrans27.ltrans.o
                                          0xa (size before relaxing)
 *fill*         0x00000000000812fd        0x3 00
 .rodata        0x0000000000081300      0x1fc C:\Users\okaya\AppData\Local\Temp\ccPaMqSx.ltrans27.ltrans.o
                0x0000000000081300                s_apsStSceTbl.133771
                0x0000000000081314                s_apsStSmeTbl.133845
                0x0000000000081328                au32EndDeviceTimeoutConstants
                0x0000000000081364                zps_sJoinSceTbl
                0x0000000000081370                zps_sActvSceTbl
                0x000000000008137c                zps_sDiscSmeTbl
                0x0000000000081388                zps_sFormSmeTbl
                0x0000000000081394                zps_sJoinSmeTbl
                0x00000000000813a0                zps_sActvSmeTbl
 .rodata.str1.1
                0x0000000000000000        0x5 C:\Users\okaya\AppData\Local\Temp\ccPaMqSx.ltrans28.ltrans.o
                                          0x4 (size before relaxing)
 .rodata        0x00000000000814fc       0x9c C:\Users\okaya\AppData\Local\Temp\ccPaMqSx.ltrans28.ltrans.o
                0x00000000000814fc                g_u32NwkFcSaveCountBitShift
 .rodata.str1.1
                0x0000000000081598       0xb1 C:\Users\okaya\AppData\Local\Temp\ccPaMqSx.ltrans30.ltrans.o

.text           0x000000000008164c    0x1aed7
 *(.text*)
 .text          0x000000000008164c       0x50 irq_JN516x.o
                0x000000000008164c                PIC_ChannelPriorities
                0x000000000008165c                PIC_SwVectTable
 .text          0x000000000008169c       0xd0 portasm_JN516x.o
                0x000000000008169c                OSMIUM_HwVectTable
                0x00000000000816d8                vExternalException
 .text          0x000000000008176c     0x19f4 C:\Users\okaya\AppData\Local\Temp\ccPaMqSx.ltrans0.ltrans.o
                0x000000000008176c                AppColdStart
 .text          0x0000000000083160     0x1ad4 C:\Users\okaya\AppData\Local\Temp\ccPaMqSx.ltrans1.ltrans.o
                0x0000000000083160                app_vMainloop
 .text          0x0000000000084c34     0x11dc C:\Users\okaya\AppData\Local\Temp\ccPaMqSx.ltrans2.ltrans.o
                0x0000000000084c34                vPostNldeDcfmInd.12572
 .text          0x0000000000085e10     0x1159 C:\Users\okaya\AppData\Local\Temp\ccPaMqSx.ltrans3.ltrans.o
                0x0000000000085e4e                vMMAC_IntHandlerBbc
                0x0000000000085e68                eBasicTxCompleteHandler
                0x0000000000085e6d                vTxRxTimeout.152735
                0x0000000000085eca                eSmeUDNTScanDcfm.142646
                0x0000000000085ee6                vMacMlmeCallBackHandler.5474
                0x00000000000861bc                zps_eNwkHandleSmePollDcfm
                0x00000000000861e6                eSmeGenlScanDcfm.143209
                0x0000000000086244                zps_eNwkHandleSmeDutyCycleInd
                0x000000000008626d                eSmeEdScScanDcfm.143205
                0x00000000000862b6                bAHI_FullFlashRead.constprop.24
                0x0000000000086371                zps_bAreCredPresent
                0x0000000000086451                zps_bAplZdoServerHandleConfirmAcks.constprop.10
                0x000000000008649b                ZPS_eTsvStop
                0x00000000000864da                zps_vAplApsStopPollTimer.part.2.15058
                0x0000000000086561                ZPS_vDefaultApsdeResources
                0x00000000000865cf                ZPS_vResetBoundServerContext
                0x00000000000865d2                eEdTimeoutRequestDataDcfm.132440
                0x00000000000865f3                ZPS_u8GetChannelOffset
                0x0000000000086625                pvHeap_Alloc
                0x0000000000086628                vMicroIntRestoreState
                0x0000000000086634                PDM_vExitCriticalSection
                0x0000000000086657                bAHI_WriteEEPROMfixSegmentData
                0x00000000000866b5                bAHI_InitialiseEEPROM
                0x00000000000866fd                vAHI_ReadDataFromEEPROMregister
                0x000000000008672a                vAHI_WriteDataIntoEEPROMregister
                0x000000000008675a                iPDM_WriteSegmentHeaderDataIntoEEPROMsegment
                0x0000000000086789                u8AHI_WakeTimerFiredStatus
                0x000000000008679d                vAHI_WakeTimerStop.part.3.154930
                0x00000000000867bd                vAHI_UartReset.part.4.154684
                0x00000000000867f5                vAHI_OptimiseWaitStates
                0x0000000000086841                bAHI_GetClkSource
                0x000000000008684e                vEcbEncodeStripe.154184
                0x00000000000868a5                bIssueACIcommand
                0x000000000008693b                AESSW_vMMOBlockUpdate
                0x00000000000869ad                i16JPT_ConvertEnergyTodBm
                0x00000000000869bf                MAC_u64GetExtAddr
                0x00000000000869da                ZPS_u64NwkNibFindExtAddr
                0x0000000000086a80                psSearchForFrameToSend
                0x0000000000086ad7                eMiniMac_FrameInProgress
                0x0000000000086b02                vRemoveFromTxQueue
                0x0000000000086b3e                vAddToTxQueue
                0x0000000000086b74                u8GetHeaderSize
                0x0000000000086b9c                vMiniMac_PLME_SetReq_CcaMode
                0x0000000000086bb0                vMiniMac_MLME_SetReq_MaxCsmaBackoffs
                0x0000000000086bd0                vMiniMac_MLME_SetReq_MaxBe
                0x0000000000086bf3                vMiniMac_MLME_SetReq_MinBe
                0x0000000000086c16                zps_vSendJoinInd
                0x0000000000086c85                zps_psFormatCmdFrameGeneral
                0x0000000000086d31                zps_eNwkFormStInit
                0x0000000000086d5d                vSendDcfm.143949
                0x0000000000086d82                bCheckMatchingEntry.143398
                0x0000000000086da8                psAddToDiscNt.143194
                0x0000000000086f44                eSmeUDNTBeaconInd.143201
 .text          0x0000000000086f69     0x158c C:\Users\okaya\AppData\Local\Temp\ccPaMqSx.ltrans4.ltrans.o
                0x0000000000086f69                vNwkMcpsTimerCallback
                0x0000000000086f83                zps_eSceGenlIllegal
                0x0000000000086f8a                zps_eSmeGenlIllegal
                0x0000000000086f91                DBG_vUartFailedAssert
                0x0000000000086f95                vPostMcpsDcfmInd.31414
                0x0000000000086f98                psGetVsMcpsBuf.31418
                0x0000000000086fa1                psGetMlmeBuf.31404
                0x0000000000086faa                psGetMcpsBuf.31411
                0x0000000000086fb3                zps_vExpireRequestKeyReq.22265
                0x000000000008702d                zps_psNwkSlistRemoveFromHead
                0x0000000000087044                zps_psNwkSlistRemove
                0x000000000008707c                zps_bNwkMcpsMgrRemoveDescrFromLists
                0x00000000000870ba                zps_vNwkSlistAddToTail
                0x00000000000870d4                zps_vNwkMcpsMgrFreeReqDescr
                0x0000000000087109                zps_vNwkRemoveConflictedBroadcast
                0x000000000008715e                ZPS_bNwkSecHaveNetworkKey
                0x0000000000087192                ZPS_bNwkSecFindMatSet
                0x00000000000871ce                zps_eNwkRctMatchNwkAddr
                0x0000000000087238                ZPS_u8NwkCalcNldeReqOverhead
                0x0000000000087273                zps_vRemoveNextHop
                0x0000000000087328                zps_vRemoveRoute
                0x00000000000873bf                zps_psNwkRtMatchNwkAddr
                0x0000000000087435                zps_vNwkFreeMcpsHandle
                0x000000000008745f                zps_u8NwkAllocateMcpsHandle
                0x00000000000874b0                zps_psNwkMcpsMgrFindPendingByNwkDstAddr
                0x00000000000874c6                ZPS_u64NwkNibGetMappedIeeeAddr
                0x00000000000874f6                ZPS_vNwkSecResetDevice
                0x000000000008753e                ZPS_bNwkNibNtActvMatch
                0x00000000000875f0                bCheckNwkAddr
                0x0000000000087639                zps_eAplTrustCenterFindDevice
                0x000000000008767d                ZPS_vSetExtendedStatus
                0x000000000008768f                zps_eNwkRtMatch
                0x000000000008779c                eAllocateNPDU.7705
                0x00000000000877ff                PDUM_eNPduClone
                0x000000000008784b                PDUM_hAPduAllocateAPduInstance
                0x00000000000878a5                zps_eAplZdoSendZdpResponse
                0x00000000000878ee                zps_bAplZdoMgmtLqiServer
                0x0000000000087b23                zps_bAplZdoMgmtRtgServer
                0x0000000000087c63                bSendResponse.50797
                0x0000000000087ca6                zps_psApsApsAllocateDcfmRecord
                0x0000000000087d14                zps_u8CalcLinkCost
                0x0000000000087d50                ZPS_u8NwkNibNtDiscMatch
                0x0000000000087e34                zps_u8NwkLibChannelLow
                0x0000000000087e43                zps_u64NwkLibFromPayload
                0x0000000000087e82                zps_vNwkLibU64ToPayload
                0x0000000000087eaf                zps_eNwkDcfmIndPost
                0x0000000000087ed1                zps_psNwkDcfmIndGetBuf
                0x0000000000087ef3                eRouteRequestDataDcfm.138265
                0x0000000000087f47                eNldeDataDcfm.135983
                0x0000000000087f77                zps_vSendNwkStatusInd
                0x0000000000087fa7                eLeaveDataDcfmRemoteLeave.129491
                0x0000000000088002                psSLISTsearch
                0x0000000000088042                psSLISTremove
                0x00000000000880c0                psSLISTgetNext
                0x00000000000880e4                iSLISTnumberOfNodes
                0x00000000000880fb                u8PDM_CalculateFileSystemCapacity
                0x0000000000088110                u8PDM_ReadSequenceNumber
                0x0000000000088133                boSegmentNumberDeleteSearchMatch.127673
                0x000000000008814e                u8PDM_ReadSegmentDataSize
                0x0000000000088162                u32PDM_ReadFileSystemHeaderWearCount
                0x0000000000088178                boSearchForWearCountSubstitute.127993
                0x000000000008819e                boSearchForWearCountInsertPoint.127222
                0x00000000000881bc                vPDM_WriteFileSystemHeaderWearCount
                0x00000000000881ce                vPDM_ReadBitmapHeader.126133
                0x00000000000881ed                RND_u32GetRand256
                0x000000000008820a                RND_u32GetRand
                0x0000000000088231                u16CalculateFailedTxCount
                0x0000000000088261                vZdoIeeeAddrServerSendExtendResponse.part.0.35505
                0x00000000000882c5                vZdoNwkAddrServerSendExtendResponse.part.0.34239
                0x0000000000088329                zps_bPerformLeaveActionDecider
                0x000000000008832e                vHandleUpdateDeviceIndication.22297
                0x0000000000088358                zps_vByteCopy.part.2.18437
                0x0000000000088374                zps_vByteCopy
                0x000000000008838c                bDuplicateCheck.18245
                0x0000000000088499                zps_vAplApsInitDuplicateTable
                0x00000000000884bc                zps_vInitAPSMECmdHdr
 .text          0x00000000000884f5      0xd6d C:\Users\okaya\AppData\Local\Temp\ccPaMqSx.ltrans5.ltrans.o
                0x00000000000884f5                zps_bAplZdoSystemServerDiscoveryServer
                0x0000000000088624                boIdValueSearchMatch.127226
                0x000000000008867e                vPostVsMcpsDcfmInd.31421
                0x00000000000886d1                zps_bAplZdoSimpleDescServer
                0x000000000008891f                vPostMlmeDcfmInd.31407
                0x00000000000889ce                zps_eNwkHandleSceNwkUpdate
                0x00000000000889f2                PWRM_vWakeInterruptCallback
                0x0000000000088a79                iPDM_ReadUserDataFromEEPROMsegment
                0x0000000000088af3                iPDM_ReCalculateWearCountAndChecksumAndWriteFileSystemHeader
                0x0000000000088b3d                vPDM_SetEEPROMandFileSystemValidState
                0x0000000000088b64                iPDM_ReadUserDataFromFileSystemRecord
                0x0000000000088b84                iPDM_CompareDataInFileRecords.127486
                0x0000000000088bbf                vPDM_WriteFileSystemRecordAndSegmentDataIntoEEPROMsegment
                0x0000000000088bfa                iPDM_ReadSegmentHeaderDataFromEEPROMsegment
                0x0000000000088c53                psGetAndBuildCoordRealignment
                0x0000000000088cab                ZPS_vNwkNibClearTables
                0x0000000000088dd2                ZPS_u16NwkNibFindNwkAddr
                0x0000000000088e73                u8PDM_CalculateLargestDataRecordStored
                0x0000000000088ea4                iPDM_FilterDuplicateAppendedSegmentsOnList.128292
                0x0000000000088eeb                ZPS_bIsMacAddressUsedInApsTable
                0x0000000000088fbc                ZPS_u8MacIFTGetChannelMaskCount
                0x0000000000088ffc                ZPS_u8MacIFTGetIntfState
                0x0000000000089019                zps_vNwkHandleCmeGetInterface
                0x0000000000089165                u32GetScanChannels.isra.3.22342
                0x000000000008919a                ZPS_vMacIFTGetChannelMaskFromMacId
                0x000000000008921c                vNwkMcpsSendTimedDfcm
 .text          0x0000000000089262      0xec5 C:\Users\okaya\AppData\Local\Temp\ccPaMqSx.ltrans6.ltrans.o
                0x0000000000089262                eSmeASFlBeaconInd.143217
                0x0000000000089284                DBG_vUartFlush
                0x00000000000892b1                DBG_vUartPutch
                0x00000000000892f7                vPermitJoinHandleExpiry.137043
                0x0000000000089300                DBG_vUartInitHardware
                0x000000000008943d                eSmeAcScBeaconInd.143225
                0x000000000008954d                zps_vNwkHandleCmePermitJoinReq
                0x00000000000895b5                zps_bAplZdoNodeDescServer
                0x0000000000089727                zps_bAplZdoPowerDescServer
                0x000000000008984b                zps_bAplZdoActiveEpServer
                0x0000000000089934                zps_psAllocateAndFormatMacHdr
                0x0000000000089c97                iPDM_SearchForBufferIdInList
                0x0000000000089ccc                iPDM_ReadUserDataFromSegmentOnListWithId
                0x0000000000089d0a                iPDM_SearchForBufferIdInFileSystem
                0x0000000000089d1d                iPDM_ReadUserDataFromSegmentWithId
                0x0000000000089d52                PDM_eReadDataFromRecord.part.0.126483
                0x0000000000089dd9                vLoadAplRecord.22326
                0x0000000000089e0d                iPDM_SearchForSpecificSegmentInList
                0x0000000000089e3f                bPDM_FindLastMarkerSegment.127515
                0x0000000000089e8c                vMiniMac_ReturnRxBufferCallback
                0x0000000000089eb8                vMMAC_RadioToOffAndWait
                0x0000000000089ed5                vStartReceive
                0x0000000000089ef2                vSetChannelAndPower
                0x000000000008a07b                vMiniMac_PLME_SetReq_Power
                0x000000000008a08f                vMiniMac_PLME_SetReq_Channel
                0x000000000008a097                ZPS_vMacPibSetBeaconPayload.constprop.102
                0x000000000008a0cc                zps_vInitBeaconPayload
 .text          0x000000000008a127      0xf4a C:\Users\okaya\AppData\Local\Temp\ccPaMqSx.ltrans7.ltrans.o
                0x000000000008a15d                dbg_vPrintfImplNoneVerbose
                0x000000000008a5e4                vReadCharInterrupt
                0x000000000008a661                vMiniMac_Init
                0x000000000008aa22                eTransmit
                0x000000000008aaf0                vRetryCcaFailure
                0x000000000008ab3d                zps_vSocMacHandleMcpsVsReqRsp.constprop.91
                0x000000000008accc                eBuildAndSend.152388
                0x000000000008ad41                vMiniMac_TxComplete
                0x000000000008ae33                zps_vDefaultNwkLayer
                0x000000000008b068                ZPS_vMacPibSetRxOnWhenIdle
 .text          0x000000000008b071      0xc4b C:\Users\okaya\AppData\Local\Temp\ccPaMqSx.ltrans8.ltrans.o
                0x000000000008b071                zps_bAplZdoNwkAddrServer
                0x000000000008b204                vPDM_AddFileSystemElementToListInAscendingWearCountOrder
                0x000000000008b32c                vPDM_MoveAllDataFromListToList
                0x000000000008b36a                vPDM_MoveAllDataToDeAllocList.constprop.109
                0x000000000008b395                vPDM_MoveAllDataWithBufferIdAndStateFromListToList
                0x000000000008b420                vPDM_MoveAllDataWithBufferIdFromListToList
                0x000000000008b4a5                vPDM_DeleteAllSegmentsWithIdFromFileSystemList.126570.constprop.18
                0x000000000008b4e7                vPDM_MoveFileRecordFromListToList
                0x000000000008b50a                iPDM_SelectValidFileRecordInstance.127070
                0x000000000008b5f6                vPDM_MoveRecordToDeAllocList
                0x000000000008b6e9                iPDM_CreateCandidateBufferList
                0x000000000008b7ed                iPDM_WriteSegmentHeaderAndData
                0x000000000008b93b                iPDM_ReconstructAtRunTimeReplacedDataTable
                0x000000000008ba7b                iPDM_ReconstructReplacedDataTable
                0x000000000008bb72                PWRM_vManagePower
 .text          0x000000000008bcbc      0xe01 C:\Users\okaya\AppData\Local\Temp\ccPaMqSx.ltrans9.ltrans.o
                0x000000000008bcbc                zps_eNwkHandleSceLinkStatus
                0x000000000008bdf0                vIncrementFrameCounterInPdm.isra.0.134935
                0x000000000008bfcf                zps_eNwkSecEncryptPacket
                0x000000000008c0e5                vProcessListsForSubmission.133603
                0x000000000008c32f                zps_psFindKeyDescr
                0x000000000008c450                vInitUnknownNeighbor.133514.constprop.80
                0x000000000008c4a9                zps_eAplZdoAddReplaceLinkKey_W
                0x000000000008c56d                ZPS_bNwkNibAddrMapAddEntry
                0x000000000008c722                zps_vAgeRouter
                0x000000000008c75b                zps_sNwkNibNtCheckJoin.part.8.135229
                0x000000000008ca14                zps_vNwkHandleCmeDirectJoinReq
 *fill*         0x000000000008cabd        0x3 00
 .text          0x000000000008cac0     0x101c C:\Users\okaya\AppData\Local\Temp\ccPaMqSx.ltrans10.ltrans.o
                0x000000000008cac0                ZPS_vNwkMacDataPollRequest
                0x000000000008cc57                vMcpsMgrExpiry.133430
                0x000000000008ccb6                zps_vNwkHandleCmeRouteDiscoveryReq
                0x000000000008cd3c                vMiniMac_MlmeCallback
                0x000000000008cf4b                vMiniMacPoll_CheckPollResponse
                0x000000000008cfa6                ePollReqSent.151935
                0x000000000008d12e                vScanBeaconReceived
                0x000000000008d16d                vPostDcfm.152399
                0x000000000008d1dc                vScanNextChannel.152386
                0x000000000008d38c                ZPS_vNwkSaveAllRecords
                0x000000000008d3b6                zps_vSaveAllZpsRecords
                0x000000000008d3d5                ZPS_vSetDevicePreviousData.constprop.19
                0x000000000008d553                ZPS_vNMPurgeEntry
                0x000000000008d713                zps_psSendFrm
                0x000000000008da71                zps_psSendBroadcastFrm.part.0.144638
 .text          0x000000000008dadc      0xa96 C:\Users\okaya\AppData\Local\Temp\ccPaMqSx.ltrans11.ltrans.o
                0x000000000008dadc                vPDM_DeleteAppendedSequence
                0x000000000008db7e                iPDM_ReplaceChangedSegmentInSequence
                0x000000000008dc81                PDM_eSaveRecordData
                0x000000000008e01d                ZPS_vNwkSaveRecord
                0x000000000008e049                ZPS_vNwkNibSetUpdateId
                0x000000000008e073                vSendNetworkUpdate.132302
                0x000000000008e1a8                ZPS_vNwkNibSetPanId
                0x000000000008e1c5                ZPS_vNwkNibSetCapabilityInfo
                0x000000000008e1f1                ZPS_vNwkNibSetChannel
                0x000000000008e20f                ZPS_vNwkNibSetAuxChannel
                0x000000000008e228                zps_vNwkHandleCmeSetInterface
                0x000000000008e3e0                ZPS_vNwkSaveNt
                0x000000000008e41c                zps_eNwkHandleSmeCommStatusInd
                0x000000000008e4d6                iPDM_VerifyDataSequenceWithBufferId
 .text          0x000000000008e572      0xd8e C:\Users\okaya\AppData\Local\Temp\ccPaMqSx.ltrans12.ltrans.o
                0x000000000008e572                DBG_iUartGetChar
                0x000000000008e5c2                eOrphanNotificationSent.152378
                0x000000000008e93c                zps_bAplZdoMatchDescServer
                0x000000000008e950                vMiniMac_ReturnTxBufferCallback
                0x000000000008e97c                vPostTxActions.152781
                0x000000000008eb12                vMiniMac_NextTransaction
                0x000000000008eb7c                vTimerFired
                0x000000000008ec51                vMiniMac_McpsCallback
                0x000000000008ef03                eMcpsTxCompleteHandler.151703
                0x000000000008ef31                ZPS_bSecDecrypt
                0x000000000008f03e                boPDM_IsBitmapSaturated.126168
                0x000000000008f087                ZPS_u8MacIFTAddUpdateChannelMask.part.3.155820
                0x000000000008f115                ZPS_u16MacIFTGetIDByChannelMask
                0x000000000008f15a                zps_psNwkInitCmdFrame
                0x000000000008f1d9                eSendLinkStatusDataDcfm.part.1.131182
 *fill*         0x000000000008f300        0x0 00
 .text          0x000000000008f300      0xeac C:\Users\okaya\AppData\Local\Temp\ccPaMqSx.ltrans13.ltrans.o
                0x000000000008f300                eSmeAcScBeaconInd.143403
                0x000000000008f3a3                vfExtendedStatusCallBack.3086
                0x000000000008f3ae                vPdmEventHandlerCallback
                0x000000000008f459                zps_bAplZdoIeeeAddrServer
                0x000000000008f5b5                eBeaconReqSent.152382
                0x000000000008f5dc                SendData
                0x000000000008f631                vAHI_Sleep
                0x000000000008f6f6                zps_u8AplApsConstructAndPostLoopBackDataInd.15172
                0x000000000008f82f                u8PostUnicastMsgToNHLE.15180
                0x000000000008f868                vFreePendingReqDescr
                0x000000000008f8d2                vHandleRouteDiscoveryExpiry.137804
                0x000000000008f930                zps_vSendJoinDcfm
                0x000000000008f976                vGiveUp.146737
                0x000000000008f9ae                ZPS_bSecEncrypt
                0x000000000008fb69                zps_vNwkMcpsMgrTidyBtrReqDescr
                0x000000000008fbae                vNwkBttTimerExpiry.141358
                0x000000000008fccf                vLoadNwkRecord.134483
                0x000000000008fd0d                vShowException
                0x000000000008fdcf                vLogRouteMonitor.3188
                0x000000000008fe0a                vReadInputCommand.3473
                0x000000000008ffb9                vHandleStackEvent.3468
 .text          0x00000000000901ac      0xf7c C:\Users\okaya\AppData\Local\Temp\ccPaMqSx.ltrans14.ltrans.o
                0x0000000000090361                vPollTimeout.151933
                0x000000000009036f                vSendMlmeCommStatusFromTxFrame
                0x00000000000903c5                zps_vSocMacHandleMlmeVsReqRsp.constprop.115
                0x00000000000908fa                zps_eNwkSendJoinResponse
                0x0000000000090ae0                zps_vProcessChildAddrConflict
                0x0000000000090ba6                zps_eNwkHandleSceNwkStatus
                0x0000000000090e08                zps_eNwkHandleSmeOrphanInd
                0x0000000000090e26                vRunningRxCallback
 .text          0x0000000000091128      0xda3 C:\Users\okaya\AppData\Local\Temp\ccPaMqSx.ltrans15.ltrans.o
                0x000000000009123a                zps_vAplSaveRecord
                0x00000000000913b5                zps_bNwkFindAddIeeeAddr
                0x000000000009153d                eCheckAddrConflict.isra.7.132569
                0x00000000000915d8                vAplSecRemoveLinkKey.22382
                0x00000000000916a8                ZPS_vRemoveEntryFromAddressMap
                0x00000000000916f1                ZPS_vNtSetUsedStatus
                0x00000000000917bf                zps_vJoinInitNtParent
                0x00000000000919a3                zps_vBuildSortedActvNTList
                0x0000000000091a6f                zps_vCheckActvNtForDuplicate
                0x0000000000091b0e                zps_vCleanUnAuthenHandleExpiry
                0x0000000000091c3b                eUnsolicitedRejoinRspDataDcfm.132314
                0x0000000000091c66                eRejoinRspDataDcfm.145907
                0x0000000000091d12                ZPS_vNwkNibSetNwkAddr
                0x0000000000091d3c                zps_eNwkHandleSceRejnResponse
                0x0000000000091d99                ZPS_vNwkNibSetExtPanId
                0x0000000000091dc9                vFinish.147195
                0x0000000000091e1e                eSmeOrphScanDcfm.147208
                0x0000000000091e96                ZPS_vNwkNibSetDepth
 .text          0x0000000000091ecb      0xbce C:\Users\okaya\AppData\Local\Temp\ccPaMqSx.ltrans16.ltrans.o
                0x0000000000091ecb                zps_vNwkHandleCmeIdleNwkFormReq
                0x0000000000091f7e                zps_vReAttemptScanTimerHandleExpiry
                0x0000000000091fdb                zps_vNwkHandleCmeNwkDiscReq
                0x00000000000920bd                zps_vNwkHandleCmeActvStartRouterReq
                0x0000000000092153                zps_vNwkHandleCmeSyncReq
                0x00000000000921cc                zps_eNwkHandleSmeBeaconNotifyInd
                0x000000000009225a                zps_eNwkHandleSceNwkReport
                0x00000000000922e0                zps_vNwkHandleCmeNwkActvJoinReq
                0x00000000000922ec                zps_sNwkStart
                0x000000000009238e                ZPS_pvNwkCtor.constprop.100
                0x0000000000092723                eSmeAcScScanDcfm.143960
 *fill*         0x0000000000092a99        0x3 00
 .text          0x0000000000092a9c      0xb9c C:\Users\okaya\AppData\Local\Temp\ccPaMqSx.ltrans17.ltrans.o
                0x0000000000092c92                zps_eRejoinDataDcfm
                0x0000000000092d4d                eSmeAsocAssocDcfm.147363
                0x0000000000092dd1                eSmeRjPCPollDcfm.147359
                0x0000000000092e12                eSceRjRsRejoinRsp.147326
                0x0000000000092eea                zps_sNwkLibSubmitScan
                0x0000000000092f23                zps_vNwkDiscUpdateNT
                0x0000000000092fc6                zps_vNwkHandleCmeNwkJoinReq
                0x00000000000932ff                eSmeEdScScanDcfm.143953
                0x00000000000933af                zps_vNwkHandleCmeEdScanReq
                0x00000000000933ee                zps_eProcessAddrConflict
                0x0000000000093597                ZPS_vNwkNibCheckAndUpdateAddresses
 .text          0x0000000000093638      0xd47 C:\Users\okaya\AppData\Local\Temp\ccPaMqSx.ltrans18.ltrans.o
                0x0000000000093638                zps_eNwkHandleSceNwkEdTimeoutReq
                0x0000000000093733                vSendNetworkReport.132298
                0x0000000000093811                zps_psNwkInitiateRouteDiscovery
                0x0000000000093a01                psNwkSendRouteRecordCmd.138550
                0x0000000000093b49                zps_eNwkHandleSceRouteRecord
                0x0000000000093c40                zps_psNwkSendLeaveCmd
                0x0000000000093ca8                zps_vNwkSecondTickHandleExpiry
                0x0000000000093ebb                zps_vNwkHandleCmeLeaveReq
                0x0000000000093fd9                zps_eNwkHandleSceLeave
                0x0000000000094175                zps_psSendNetworkStatusCmd
                0x00000000000941e2                zps_eDefaultDataDcfm
                0x00000000000942d4                zps_vProcessLocalAddrConflict
 .text          0x000000000009437f      0xd5e C:\Users\okaya\AppData\Local\Temp\ccPaMqSx.ltrans19.ltrans.o
                0x000000000009437f                zps_vNwkMcpsMgrPost
                0x00000000000944b6                zps_eNwkHandleSceRouteRequest
                0x000000000009498a                zps_eNwkHandleSceRouteReply
                0x0000000000094c5d                zps_psSendNetworkLinkPowerDelta.139673
                0x0000000000094cef                zps_eNwkHandleSceNwkLinkPowerDelta
                0x0000000000094d09                zps_psNwkSendRejoinReqCmd
                0x0000000000094d87                zps_u8NwkHandleRejoinReq
                0x0000000000094e47                vContinueRejoin.145903
                0x0000000000094eee                zps_eNwkHandleSdeActvDcfmData
                0x0000000000095073                vMcpsMgrTimeoutExpiry
 *fill*         0x00000000000950dd        0x3 00
 .text          0x00000000000950e0      0xaac C:\Users\okaya\AppData\Local\Temp\ccPaMqSx.ltrans20.ltrans.o
                0x00000000000950e0                vApsmeResendTimeOutHandler
                0x000000000009510f                vPostNlmeDcfmInd.12551
                0x0000000000095996                zps_bAplZdoMgmtLeaveServer
 .text          0x0000000000095b8c      0xaff C:\Users\okaya\AppData\Local\Temp\ccPaMqSx.ltrans21.ltrans.o
                0x0000000000095f59                zps_eAplZdpApsdeReqInternal
                0x000000000009638c                zps_bAplZdoDefaultServer
                0x0000000000096649                zps_eZdpMgmtLeaveResponse
                0x000000000009666a                zps_eZdpMgmtPermitJoiningResponse
 .text          0x000000000009668b      0xcbd C:\Users\okaya\AppData\Local\Temp\ccPaMqSx.ltrans22.ltrans.o
                0x00000000000966b6                vZdoServersInit.2361
                0x0000000000096754                ZPS_eTsvOpen
                0x0000000000096771                zps_vNwkBttMgrInit
                0x000000000009679e                ZPS_u8GrabMutexLock.constprop.162
                0x00000000000967e1                ZPS_u8ReleaseMutexLock.constprop.161
                0x000000000009680c                vEnableReceive.152737
                0x0000000000096845                psGetTxFrameBuffer
                0x0000000000096881                PDUM_vInit
                0x000000000009692a                ZTIMER_eOpen.constprop.139
                0x000000000009696c                vMicroIntEnableOnly.constprop.124
                0x0000000000096998                TSV_eStart
                0x00000000000969e8                ZPS_eTsvStart
                0x0000000000096a25                vProcessTimedList.133507
                0x0000000000096a6b                zps_vNwkMcpsMgrPostTimed
                0x0000000000096a7e                zps_vAplAfPostTimerEvent
                0x0000000000096b1d                zps_vExpireOldRoutes
                0x0000000000096ba5                zps_eNwkBtrMatch
                0x0000000000096ca2                PDM_vEnterCriticalSection
                0x0000000000096cd1                vMiniMac_MLME_SetReq_PanId
                0x0000000000096d0e                vMiniMac_MLME_SetReq_ShortAddr
                0x0000000000096d1c                iAHI_WriteDataIntoEEPROMsegment.constprop.111
                0x0000000000096d6a                ZPS_u8MacPibGetBeaconPayload.constprop.97
                0x0000000000096d86                ZPS_vGetDeviceCurrentData.constprop.94
                0x0000000000096e05                vACI_OptimisedCcmStar.constprop.89
                0x0000000000096ff0                zps_eNwkRtDiscMatch.constprop.83
                0x0000000000097043                AESSW_vMMOFinalUpdate
                0x0000000000097105                AESSW_vHMAC_MMO.constprop.21
                0x000000000009719d                zps_pvAesGetKeyFromInstallCode
                0x0000000000097223                zps_vAplSecSetInitialSecurityState.constprop.63
 .text.unlikely
                0x0000000000097348       0xc8 C:\Users\okaya\AppData\Local\Temp\ccPaMqSx.ltrans22.ltrans.o
                0x000000000009735d                vAHI_MemoryHold.154362
 *fill*         0x0000000000097410        0x0 00
 .text          0x0000000000097410      0xb54 C:\Users\okaya\AppData\Local\Temp\ccPaMqSx.ltrans23.ltrans.o
                0x0000000000097410                vPostApsmeDcfmInd.12558
                0x0000000000097a53                zps_bAplZdoMgmtNWKUpdateServer
 .text          0x0000000000097f64      0xc69 C:\Users\okaya\AppData\Local\Temp\ccPaMqSx.ltrans24.ltrans.o
                0x0000000000097f64                zps_eZdpNwkAddrResponse
                0x000000000009804c                zps_eZdpIeeeAddrResponse
                0x0000000000098134                zps_eAplZdpMgmtRtgResponse
                0x00000000000981fb                zps_eZdpMgmtNwkUpdateNotifyResponse
                0x00000000000982c3                zps_eZdpNodeDescResponse
                0x000000000009836b                zps_eZdpPowerDescResponse
                0x0000000000098408                zps_eZdpSimpleDescResponse
                0x0000000000098515                zps_eZdpActiveEpResponse
                0x00000000000985ab                zps_eZdpMatchDescResponse
                0x0000000000098641                zps_eZdpSystemServerDiscoveryResponse
                0x00000000000986b0                zps_eAplZdpMgmtLqiResponse
                0x00000000000987c0                ZPS_vSecondTimerCallback
                0x0000000000098a20                zps_bAplZdoZdoClient
 .text          0x0000000000098bcd      0xaea C:\Users\okaya\AppData\Local\Temp\ccPaMqSx.ltrans25.ltrans.o
                0x0000000000098bcd                vAplSecAuthPollTimerExpiry.22273
                0x0000000000098cd7                vAplSecAuthTimerExpiry.22269
                0x0000000000098d52                eRejoinNetwork.22344
                0x0000000000098e16                eStartNetworkDiscovery.22356
                0x0000000000098e7e                zps_eAplZdoStartStack
                0x0000000000098f61                eStartRouter
                0x0000000000099052                zps_vAplAfPostEvent
                0x000000000009937d                vPostApsdeDcfmInd.12565
                0x000000000009956f                zps_vHandleApsdeDataFragIndNotSupported
                0x00000000000995c5                zps_eAplZdoNlmePermitJoiningWrapper
                0x00000000000995ed                zps_bAplZdoPermitJoiningServer
 .text          0x00000000000996b7      0xe0c C:\Users\okaya\AppData\Local\Temp\ccPaMqSx.ltrans26.ltrans.o
                0x00000000000996b7                psGetNlmeBuf.12548
                0x00000000000996c0                psGetNldeBuf.12569
                0x00000000000996c9                psGetApsmeBuf.12555
                0x00000000000996cf                psGetApsdeBuf.12562
                0x00000000000997e8                APP_bMultimaskJoinCallBack
                0x00000000000997f4                vMacMcpsCallBackHandler.5478
                0x0000000000099805                zps_vGetZpsMutex
                0x000000000009980e                vLoopbackTimerCallback
                0x000000000009983d                zps_vAplApsInitFragTransmitPool
                0x000000000009985e                zps_vAplApsFillAndPostApsAck
                0x00000000000998c8                zps_u8AplApsFreeMsgHandle
                0x0000000000099932                zps_vAplApsInitSyncMsgPool
                0x000000000009996a                zps_vAplApsInitFragReceivePool
                0x000000000009998d                vFillDataIndStruct.12226
                0x00000000000999eb                vFillApduErrorEvent.12219
                0x0000000000099a2e                bCheckProfile.12214
                0x0000000000099a6c                ZPS_bIsGroupPresent
                0x0000000000099aa4                pdum_u16ReadNBO
                0x0000000000099c05                PDUM_u16SizeNBO
                0x0000000000099c63                PDUM_u16APduInstanceWriteStrNBO
                0x0000000000099de2                PDUM_u16APduInstanceReadNBO
                0x0000000000099e2d                PDUM_u16APduInstanceWriteNBO
                0x0000000000099e97                PDUM_eAPduFreeAPduInstance
                0x0000000000099efd                PDUM_eAPduInstanceSetPayloadSize
                0x0000000000099f25                PDUM_eNPduWriteDataFromBuffer
                0x0000000000099f7f                PDUM_eNPduWriteDataToBuffer
                0x0000000000099fdd                PDUM_eNPduWriteFromBuffer
                0x000000000009a006                PDUM_eNPduDescend
                0x000000000009a02c                PDUM_eNPduAscend
                0x000000000009a052                PDUM_eNPduClaimData
                0x000000000009a0bf                PDUM_eNPduAppendDataNBO
                0x000000000009a11c                PDUM_eNPduClaimHeader
                0x000000000009a13f                PDUM_eNPduReadHeaderNBO
                0x000000000009a192                PDUM_eNPduPrependHeaderNBO
                0x000000000009a1ed                PDUM_eNPduFree
                0x000000000009a24b                PDUM_eNPduInitDescending
                0x000000000009a266                ZPS_u8MacGetChannelOffsetFromMask
                0x000000000009a275                ZPS_eMacValidateChannelMask
                0x000000000009a2a4                ZTIMER_eStop
                0x000000000009a2f6                vResetRouteMonitor.3202
                0x000000000009a34f                ZTIMER_eStart
                0x000000000009a3ad                ZQ_bQueueReceive
                0x000000000009a41e                ZQ_bQueueSend
                0x000000000009a494                APP_vGenCallback
                0x000000000009a4a7                ZPS_psMacIFTGetInterface
 .text          0x000000000009a4c3      0xc0a C:\Users\okaya\AppData\Local\Temp\ccPaMqSx.ltrans27.ltrans.o
                0x000000000009a8b6                vTransformKey.isra.0.18432
                0x000000000009a917                zps_eAplSecEncryptPacket
                0x000000000009aa0c                ZPS_vNwkHandleNldeReqRsp
                0x000000000009ad18                zps_eAplSendApsmeCmdFrame
                0x000000000009ae8c                zps_eAplApsmeUpdateDeviceReqRsp.part.4.16862
                0x000000000009afda                zps_eAplZdoNlmeleaveWrapper
                0x000000000009b0a1                zps_vAplApsmeCmdMgrRetryTimeout.16689
 .text          0x000000000009b0cd      0x68d C:\Users\okaya\AppData\Local\Temp\ccPaMqSx.ltrans28.ltrans.o
                0x000000000009b2b2                ZPS_vNwkHandleNlmeReqRsp
                0x000000000009b32f                zps_bAplZdoDeviceAnnceServer
                0x000000000009b5c2                vStartScanTimerExpiry.52060
                0x000000000009b5fe                vChangeChannelTimerExpiry.52064
                0x000000000009b675                eLeaveReset.129496
                0x000000000009b6e0                eLeaveDataDcfmLocalLeave.129501
 .text          0x000000000009b75a      0x4c8 C:\Users\okaya\AppData\Local\Temp\ccPaMqSx.ltrans29.ltrans.o
                0x000000000009b75a                vBbcIntHandler.151274
                0x000000000009ba51                eAssocRespSent.151591
                0x000000000009ba70                vHandleEdTimeoutReqExpiry.132306
                0x000000000009bb19                vHandleNwkLocalUpdateAfterBcast.132319
                0x000000000009bb6d                vHandleNwkRemoteUpdateAfterBcast.132310
                0x000000000009bbc0                zps_vAplApsPollTimer
 .text          0x000000000009bc22       0xb6 C:\Users\okaya\AppData\Local\Temp\ccPaMqSx.ltrans30.ltrans.o
                0x000000000009bc22                ISR_vTickTimer
                0x000000000009bc5a                vUnclaimedInterrupt
                0x000000000009bc6f                vBusErrorHandler
                0x000000000009bc7e                vAlignmentErrorHandler
                0x000000000009bc8d                vIllegalInstructionHandler
                0x000000000009bc9c                vTrapHandler
                0x000000000009bcab                vGenericHandler
                0x000000000009bcba                vUnclaimedException
                0x000000000009bcc9                vStackOverflowHandler
 .text          0x000000000009bcd8       0x3d C:\Users\okaya\AppData\Local\Temp\ccPaMqSx.ltrans31.ltrans.o
                0x000000000009bcd8                zps_isrMAC
                0x000000000009bcfb                AppWarmStart
 .text          0x000000000009bd15       0x25 c:/nxp/bstudio_nxp/sdk/tools/ba-elf-ba2-r36379/bin/../lib/gcc/ba-elf/4.7.4/../../../../ba-elf/lib/mcpu_jn51xx_sizeopt\libc.a(lib_a-memcmp.o)
                0x000000000009bd15                memcmp
 .text          0x000000000009bd3a       0x19 c:/nxp/bstudio_nxp/sdk/tools/ba-elf-ba2-r36379/bin/../lib/gcc/ba-elf/4.7.4/../../../../ba-elf/lib/mcpu_jn51xx_sizeopt\libc.a(lib_a-memcpy.o)
 .text          0x000000000009bd53       0x12 c:/nxp/bstudio_nxp/sdk/tools/ba-elf-ba2-r36379/bin/../lib/gcc/ba-elf/4.7.4/../../../../ba-elf/lib/mcpu_jn51xx_sizeopt\libc.a(lib_a-memset.o)
                0x000000000009bd53                memset
 .text          0x000000000009bd65       0x25 c:/nxp/bstudio_nxp/sdk/tools/ba-elf-ba2-r36379/bin/../lib/gcc/ba-elf/4.7.4/../../../../ba-elf/lib/mcpu_jn51xx_sizeopt\libc.a(lib_a-strcmp.o)
                0x000000000009bd65                strcmp
 *fill*         0x000000000009bd8a        0x2 00
 .text          0x000000000009bd8c      0x204 c:/nxp/bstudio_nxp/sdk/tools/ba-elf-ba2-r36379/bin/../lib/gcc/ba-elf/4.7.4/mcpu_jn51xx_sizeopt\libgcc.a(__udivsi3.o)
                0x000000000009bd8c                __udivsi3
 .text          0x000000000009bf90      0x1b0 c:/nxp/bstudio_nxp/sdk/tools/ba-elf-ba2-r36379/bin/../lib/gcc/ba-elf/4.7.4/mcpu_jn51xx_sizeopt\libgcc.a(__umodsi3.o)
                0x000000000009bf90                __umodsi3
 .text          0x000000000009c140       0x24 c:/nxp/bstudio_nxp/sdk/tools/ba-elf-ba2-r36379/bin/../lib/gcc/ba-elf/4.7.4/mcpu_jn51xx_sizeopt\libgcc.a(__modsi3.o)
                0x000000000009c140                __modsi3
 .text          0x000000000009c164      0x350 c:/nxp/bstudio_nxp/sdk/tools/ba-elf-ba2-r36379/bin/../lib/gcc/ba-elf/4.7.4/mcpu_jn51xx_sizeopt\libgcc.a(_udivdi3.o)
                0x000000000009c164                __udivdi3
 *fill*         0x000000000009c4b4        0x0 00
 .text          0x000000000009c4b4       0x48 ../../../../sdk/JN-SW-4170/Components/Library\libPWRM_JN516x.a(pwrm_setjmp_JN516x.o)
                0x000000000009c4b4                setjmp
                0x000000000009c4d8                PWRM_longjmp
 .text          0x000000000009c4fc       0x27 ../../../../sdk/JN-SW-4170/Components/Library\libHardwareApi_JN5169.a(AHI_Interrupt.o)
                0x000000000009c4fc                vAHI_InterruptSetPriority
                0x000000000009c51a                vAHI_InterruptSetActivePriorityLevel
 .text          0x000000000009c523        0x0 ../../../../sdk/JN-SW-4170/Components/Library\libZPSAPL_JN516x.a(zps_apl_version_lc.o)
                0x000000000009c523                ZPS_APL_Version_3v0
 .text          0x000000000009c523        0x0 ../../../../sdk/JN-SW-4170/Components/Library\libZPSNWK_JN516x.a(zps_nwk_version_lc.o)
                0x000000000009c523                ZPS_NWK_Version_3v0
                0x000000000009c523                _flash_end = ABSOLUTE (.)

.rela.dyn       0x000000000009c524        0x0
 .rela.text     0x0000000000000000        0x0 irq_JN516x.o
 .rela.data     0x0000000000000000        0x0 irq_JN516x.o
 .rela.rodata   0x0000000000000000        0x0 irq_JN516x.o
                0x000000000400004c                . = ORIGIN (ram)

.data           0x000000000400004c      0x498 load address 0x000000000009c524
                0x000000000400004c                _ram_data_start = ABSOLUTE (.)
 *(.data*)
 *fill*         0x000000000400004c        0x4 00
 .data          0x0000000004000050      0x430 C:\Users\okaya\AppData\Local\Temp\ccPaMqSx.ltrans0.ltrans.o
                0x0000000004000050                g_asMacInterfaceTable.2542
                0x000000000400007c                psAplDefaultGlobalAPSLinkKey
                0x0000000004000080                s_sApl.2440
                0x00000000040001e0                u8AhiBaudRate.128477
                0x00000000040001e1                u8MiniMacConfig_MaxConcurrentAssocResponses
                0x00000000040001e4                psShadowRxBuffer
                0x00000000040001e8                gMAC_u8MaxBuffers
                0x0000000004000224                s_keyPairTableStorage.2488
 .data          0x0000000004000480        0x4 C:\Users\okaya\AppData\Local\Temp\ccPaMqSx.ltrans1.ltrans.o
                0x0000000004000480                g_u16zpsCurrentAddress
 .data          0x0000000004000484        0x4 C:\Users\okaya\AppData\Local\Temp\ccPaMqSx.ltrans3.ltrans.o
                0x0000000004000484                u32HeapStart
 .data          0x0000000004000488        0x2 C:\Users\okaya\AppData\Local\Temp\ccPaMqSx.ltrans7.ltrans.o
 .data          0x000000000400048a        0x4 C:\Users\okaya\AppData\Local\Temp\ccPaMqSx.ltrans12.ltrans.o
 *fill*         0x000000000400048e        0x2 00
 .data          0x0000000004000490        0x8 C:\Users\okaya\AppData\Local\Temp\ccPaMqSx.ltrans13.ltrans.o
                0x0000000004000490                bCanLoopback.15455
 .data          0x0000000004000498        0x4 C:\Users\okaya\AppData\Local\Temp\ccPaMqSx.ltrans18.ltrans.o
 .data          0x000000000400049c       0x30 C:\Users\okaya\AppData\Local\Temp\ccPaMqSx.ltrans26.ltrans.o
                0x000000000400049c                s_asapduMyDataInstances
                0x00000000040004a8                s_asapduZDPInstances
 .data.s_asAPduPool
                0x00000000040004cc       0x18 pdum_apdu.o
                0x00000000040004cc                pdum_apduZDP
                0x00000000040004cc                s_asAPduPool
                0x00000000040004d8                pdum_apduMyData
 *(.data.*)
                0x00000000040004e4                . = ALIGN (0x4)
                0x00000000040004e4                _ram_data_end = ABSOLUTE (.)

.bss            0x00000000040004e4     0x2a60 load address 0x000000000009c9bc
                0x00000000040004e4                _bss_start = ABSOLUTE (.)
 *(.bss*)
 *fill*         0x00000000040004e4        0xc 00
 .bss           0x00000000040004f0     0x1db0 C:\Users\okaya\AppData\Local\Temp\ccPaMqSx.ltrans0.ltrans.o
                0x00000000040004f0                s_sDefaultServerContext.2516
                0x00000000040004f4                s_sMgmtRtgServerContext.2437
                0x00000000040004f8                s_sPermitJoiningServerContext.2438
                0x00000000040004fc                s_sMgmtNWKUpdateServerContext.2439
                0x0000000004000554                s_sMgmtLeaveServerContext.2515
                0x000000000400057c                s_sMgmtLqiServerContext.2514
                0x0000000004000580                s_sSimpleDescServerContext.2513
                0x0000000004000584                s_sMatchDescServerContext.2512
                0x0000000004000588                s_sPowerDescServerContext.2511
                0x000000000400058c                s_sNodeDescServerContext.2510
                0x0000000004000590                s_sSystemServerDiscoveryServerContext.2509
                0x0000000004000594                s_sIeeeAddrServerContext.2508
                0x0000000004000598                s_sNwkAddrServerContext.2507
                0x000000000400059c                s_sActiveEpServerContext.2506
                0x00000000040005a0                s_sZdoClientContext.2504
                0x00000000040005a0                s_sDeviceAnnceServerContext.2505
                0x00000000040005a8                vFlushFn.128421
                0x00000000040005ac                vPutchFn.128416
                0x00000000040005b0                u8AhiUart.128476
                0x00000000040005b4                psNextWake.7632
                0x00000000040005b8                s_bWakeTimerActive.7633
                0x00000000040005b9                s_ePowerMode.7634
                0x00000000040005ba                gu16NumberOfSegments.155509
                0x00000000040005bc                pfExtendedStatusCallBack.131786
                0x00000000040005c0                ZTIMER_sCommon.5436
                0x00000000040005c8                APP_msgMyEndPointEvents
                0x00000000040005e0                APP_msgZpsEvents
                0x00000000040005f8                u8RouteRecoveryTimer
                0x00000000040005f9                u8App_tmr1sec
                0x00000000040005fc                psPDM_Common
                0x0000000004000600                s_u32x.126104
                0x0000000004000604                s_prExpireFn.155939
                0x0000000004000608                pvRxStore
                0x000000000400060c                pvTxStore
                0x0000000004000610                g_pvAplHandle
                0x0000000004000614                s_sDcfmIndMgr.6942
                0x000000000400061c                prAppMlmeGetBuffer
                0x0000000004000620                prAppMlmeCallback
                0x0000000004000624                s_pvAplHandle.6194
                0x0000000004000628                s_prMcpsCallBack.6192
                0x000000000400062c                s_prMlmeCallBack.6193
                0x0000000004000630                sMiniMacPib
                0x00000000040006cc                u8MiniMac_RunTimeOptions
                0x00000000040006d0                sZpsIntStore
                0x00000000040006d4                s_eDeviceState.3824
                0x00000000040006d8                u32SystemTimeSeconds.3841
 .bss           0x00000000040022a0       0x68 C:\Users\okaya\AppData\Local\Temp\ccPaMqSx.ltrans1.ltrans.o
                0x00000000040022a0                bCheckChild
                0x00000000040022a4                uMacDcfmInd
                0x00000000040022d0                s_sRouteMonitor.3827
 .bss           0x0000000004002308       0x10 C:\Users\okaya\AppData\Local\Temp\ccPaMqSx.ltrans2.ltrans.o
                0x0000000004002308                psActiveMsgListHead
                0x000000000400230c                sAfFlashInfoSetLocal
                0x0000000004002314                s_u16ActivityCounter
 .bss           0x0000000004002318       0x14 C:\Users\okaya\AppData\Local\Temp\ccPaMqSx.ltrans3.ltrans.o
 .bss           0x000000000400232c        0x3 C:\Users\okaya\AppData\Local\Temp\ccPaMqSx.ltrans4.ltrans.o
                0x000000000400232c                u8ApduCount.7945
 *fill*         0x000000000400232f        0x1 00
 .bss           0x0000000004002330       0x2c C:\Users\okaya\AppData\Local\Temp\ccPaMqSx.ltrans6.ltrans.o
                0x0000000004002330                g_au8LegacyBeaconPayload
 .bss           0x000000000400235c        0xc C:\Users\okaya\AppData\Local\Temp\ccPaMqSx.ltrans7.ltrans.o
                0x000000000400235c                prIntHandler.153893
                0x0000000004002360                psTimerServerList
 .bss           0x0000000004002368        0x8 C:\Users\okaya\AppData\Local\Temp\ccPaMqSx.ltrans8.ltrans.o
 .bss           0x0000000004002370        0x1 C:\Users\okaya\AppData\Local\Temp\ccPaMqSx.ltrans9.ltrans.o
 .bss           0x0000000004002371        0x1 C:\Users\okaya\AppData\Local\Temp\ccPaMqSx.ltrans10.ltrans.o
                0x0000000004002371                bResetScanTimer.152635
 .bss           0x0000000004002372        0xc C:\Users\okaya\AppData\Local\Temp\ccPaMqSx.ltrans11.ltrans.o
                0x0000000004002372                a16NwkPdmRecordSizes
 *fill*         0x000000000400237e        0x2 00
 .bss           0x0000000004002380        0x8 C:\Users\okaya\AppData\Local\Temp\ccPaMqSx.ltrans12.ltrans.o
                0x0000000004002380                sMiniMacIntStore.6923
 .bss           0x0000000004002388       0x74 C:\Users\okaya\AppData\Local\Temp\ccPaMqSx.ltrans13.ltrans.o
                0x0000000004002388                cmd_index.5316
                0x0000000004002389                command.5315
 .bss           0x00000000040023fc        0x1 C:\Users\okaya\AppData\Local\Temp\ccPaMqSx.ltrans14.ltrans.o
                0x00000000040023fc                u8ScanBeaconsSeen.6980
 *fill*         0x00000000040023fd        0x3 00
 .bss           0x0000000004002400       0x30 C:\Users\okaya\AppData\Local\Temp\ccPaMqSx.ltrans15.ltrans.o
                0x0000000004002400                g_u8LegacyBeaconPayloadLen
                0x0000000004002401                au8BeaconPayload.135365
                0x0000000004002410                apvAplPdmRecordsAddress
                0x0000000004002424                au16AplPdmRecordsSize
 .bss           0x0000000004002430       0x40 C:\Users\okaya\AppData\Local\Temp\ccPaMqSx.ltrans16.ltrans.o
                0x0000000004002430                sScanAttemptTimer
                0x000000000400244c                bSecondScan.143990
                0x000000000400244d                au8ChanCnt
                0x0000000004002468                g_bMacEnhancedMode
                0x000000000400246c                zps_psNwk
 .bss           0x0000000004002470        0x8 C:\Users\okaya\AppData\Local\Temp\ccPaMqSx.ltrans17.ltrans.o
 .bss           0x0000000004002478       0x18 C:\Users\okaya\AppData\Local\Temp\ccPaMqSx.ltrans18.ltrans.o
                0x0000000004002478                g_pfTimerExpiryCallback.131269
 .bss           0x0000000004002490        0x1 C:\Users\okaya\AppData\Local\Temp\ccPaMqSx.ltrans19.ltrans.o
 *fill*         0x0000000004002491        0x3 00
 .bss           0x0000000004002494       0x10 C:\Users\okaya\AppData\Local\Temp\ccPaMqSx.ltrans20.ltrans.o
                0x0000000004002494                g_bLastRejoinWasSecure
 .bss           0x00000000040024a4       0x10 C:\Users\okaya\AppData\Local\Temp\ccPaMqSx.ltrans21.ltrans.o
                0x00000000040024a4                psFreeMsgListHead
                0x00000000040024a8                pu8ApsSeq
 .bss           0x00000000040024b4      0x79c C:\Users\okaya\AppData\Local\Temp\ccPaMqSx.ltrans22.ltrans.o
                0x00000000040024b4                sIntStorage.128094
                0x00000000040024b8                u8MaxNpdu.7848
                0x00000000040024b9                u8Count.7847
                0x00000000040024bc                s_psNPduPoolEnd.7845
                0x00000000040024c0                s_psNPduPoolStart.7844
                0x00000000040024c4                s_psFreeListHead.7846
                0x00000000040024c8                s_asAPduPool.7944
 .bss.initinboot
                0x0000000004002c50        0x1 C:\Users\okaya\AppData\Local\Temp\ccPaMqSx.ltrans22.ltrans.o
                0x0000000004002c50                bMutexTaken.155217
 *fill*         0x0000000004002c51        0x7 00
 .bss           0x0000000004002c58       0x40 C:\Users\okaya\AppData\Local\Temp\ccPaMqSx.ltrans23.ltrans.o
                0x0000000004002c58                bDefaultServerIgnoreHandleMgmtUpdate
                0x0000000004002c60                sRecoverDevice
                0x0000000004002c90                bZpsMyLastJoinWasRejoin.23314
 .bss           0x0000000004002c98      0x174 C:\Users\okaya\AppData\Local\Temp\ccPaMqSx.ltrans26.ltrans.o
 *fill*         0x0000000004002e0c        0x4 00
 .bss           0x0000000004002e10       0x40 C:\Users\okaya\AppData\Local\Temp\ccPaMqSx.ltrans27.ltrans.o
 .bss           0x0000000004002e50        0x8 C:\Users\okaya\AppData\Local\Temp\ccPaMqSx.ltrans28.ltrans.o
                0x0000000004002e50                sThisDeviceMacAddr
 .bss           0x0000000004002e58       0x80 C:\Users\okaya\AppData\Local\Temp\ccPaMqSx.ltrans29.ltrans.o
                0x0000000004002e58                sMiniMacPhyPib
                0x0000000004002e5c                pfnDataReqCallback
                0x0000000004002e60                aprTimerCallback
                0x0000000004002e80                au32TimerCounter
                0x0000000004002ea0                sMiniMacInternal
 .bss           0x0000000004002ed8       0x2c C:\Users\okaya\AppData\Local\Temp\ccPaMqSx.ltrans31.ltrans.o
                0x0000000004002ed8                pwrm_CPUContext
                0x0000000004002efc                s_psVsMcpsDcfmInd.32801
                0x0000000004002f00                s_psMacDcfmInd.32800
 .bss.dontinitinboot
                0x0000000004002f04       0x40 ../../../../sdk/JN-SW-4170/Components/Library\libBoot_JN516x.a(ExceptionHandler.o)
                0x0000000004002f04                isr_handlers
 *(.bss.*)
 *(.scommon*)
 *(.scommon.*)
 *(COMMON)
                0x0000000004002f44                . = ALIGN (0x4)
                0x0000000004002f44                _bss_end = ABSOLUTE (.)

.heap           0x0000000004002f44      0x7d0 load address 0x000000000009f41c
                0x0000000004002f44                _heap_start = ABSOLUTE (.)
                0x0000000004003714                . = (. + __minimum_heap_size)
 *fill*         0x0000000004002f44      0x7d0 00

.stack          0x0000000004006c78     0x1388 load address 0x00000000000a3150
                0x0000000004006c78                _heap_end = ABSOLUTE (.)
                0x0000000004006c78                _stack_low_water_mark = ABSOLUTE (.)
                0x0000000004008000                . = (. + __stack_size)
 *fill*         0x0000000004006c78     0x1388 00

.test           0x000000000009c9bc        0x1
                0x000000000009c9bc        0x1 BYTE 0xff
                0x000000000009c524                _flash_data_start = LOADADDR (.data)
                0x0000000000000498                _ram_data_len = (((_ram_data_end - _ram_data_start) + 0x3) & 0xfffffffffffffffc)
                0x0000000000002a60                _bss_len = (((_bss_end - _bss_start) + 0x3) & 0xfffffffffffffffc)
                0x000000000001c9bc                _image_len = ((((_flash_end - _flash_start) + _ram_data_len) + 0x3) & 0xfffffffffffffffc)
                0x0000000004008000                _ram_top = (ABSOLUTE (ORIGIN (ram)) + 0x7fb4)
                0x0000000004008000                ram_top = (ABSOLUTE (ORIGIN (ram)) + 0x7fb4)
                0x0000000001001580                _app_ram_start = 0x1001580
                0x0000000004000484                PROVIDE (_heap_location, u32HeapStart)
                0x0000000004000484                PROVIDE (heap_location, u32HeapStart)
OUTPUT(AN1229_ZBP_Router_JN5169.elf elf32-ba)

.comment        0x0000000000000000       0x11
 .comment       0x0000000000000000       0x11 C:\Users\okaya\AppData\Local\Temp\ccPaMqSx.ltrans0.ltrans.o
                                         0x12 (size before relaxing)
 .comment       0x0000000000000000       0x12 C:\Users\okaya\AppData\Local\Temp\ccPaMqSx.ltrans1.ltrans.o
 .comment       0x0000000000000000       0x12 C:\Users\okaya\AppData\Local\Temp\ccPaMqSx.ltrans2.ltrans.o
 .comment       0x0000000000000000       0x12 C:\Users\okaya\AppData\Local\Temp\ccPaMqSx.ltrans3.ltrans.o
 .comment       0x0000000000000000       0x12 C:\Users\okaya\AppData\Local\Temp\ccPaMqSx.ltrans4.ltrans.o
 .comment       0x0000000000000000       0x12 C:\Users\okaya\AppData\Local\Temp\ccPaMqSx.ltrans5.ltrans.o
 .comment       0x0000000000000000       0x12 C:\Users\okaya\AppData\Local\Temp\ccPaMqSx.ltrans6.ltrans.o
 .comment       0x0000000000000000       0x12 C:\Users\okaya\AppData\Local\Temp\ccPaMqSx.ltrans7.ltrans.o
 .comment       0x0000000000000000       0x12 C:\Users\okaya\AppData\Local\Temp\ccPaMqSx.ltrans8.ltrans.o
 .comment       0x0000000000000000       0x12 C:\Users\okaya\AppData\Local\Temp\ccPaMqSx.ltrans9.ltrans.o
 .comment       0x0000000000000000       0x12 C:\Users\okaya\AppData\Local\Temp\ccPaMqSx.ltrans10.ltrans.o
 .comment       0x0000000000000000       0x12 C:\Users\okaya\AppData\Local\Temp\ccPaMqSx.ltrans11.ltrans.o
 .comment       0x0000000000000000       0x12 C:\Users\okaya\AppData\Local\Temp\ccPaMqSx.ltrans12.ltrans.o
 .comment       0x0000000000000000       0x12 C:\Users\okaya\AppData\Local\Temp\ccPaMqSx.ltrans13.ltrans.o
 .comment       0x0000000000000000       0x12 C:\Users\okaya\AppData\Local\Temp\ccPaMqSx.ltrans14.ltrans.o
 .comment       0x0000000000000000       0x12 C:\Users\okaya\AppData\Local\Temp\ccPaMqSx.ltrans15.ltrans.o
 .comment       0x0000000000000000       0x12 C:\Users\okaya\AppData\Local\Temp\ccPaMqSx.ltrans16.ltrans.o
 .comment       0x0000000000000000       0x12 C:\Users\okaya\AppData\Local\Temp\ccPaMqSx.ltrans17.ltrans.o
 .comment       0x0000000000000000       0x12 C:\Users\okaya\AppData\Local\Temp\ccPaMqSx.ltrans18.ltrans.o
 .comment       0x0000000000000000       0x12 C:\Users\okaya\AppData\Local\Temp\ccPaMqSx.ltrans19.ltrans.o
 .comment       0x0000000000000000       0x12 C:\Users\okaya\AppData\Local\Temp\ccPaMqSx.ltrans20.ltrans.o
 .comment       0x0000000000000000       0x12 C:\Users\okaya\AppData\Local\Temp\ccPaMqSx.ltrans21.ltrans.o
 .comment       0x0000000000000000       0x12 C:\Users\okaya\AppData\Local\Temp\ccPaMqSx.ltrans22.ltrans.o
 .comment       0x0000000000000000       0x12 C:\Users\okaya\AppData\Local\Temp\ccPaMqSx.ltrans23.ltrans.o
 .comment       0x0000000000000000       0x12 C:\Users\okaya\AppData\Local\Temp\ccPaMqSx.ltrans24.ltrans.o
 .comment       0x0000000000000000       0x12 C:\Users\okaya\AppData\Local\Temp\ccPaMqSx.ltrans25.ltrans.o
 .comment       0x0000000000000000       0x12 C:\Users\okaya\AppData\Local\Temp\ccPaMqSx.ltrans26.ltrans.o
 .comment       0x0000000000000000       0x12 C:\Users\okaya\AppData\Local\Temp\ccPaMqSx.ltrans27.ltrans.o
 .comment       0x0000000000000000       0x12 C:\Users\okaya\AppData\Local\Temp\ccPaMqSx.ltrans28.ltrans.o
 .comment       0x0000000000000000       0x12 C:\Users\okaya\AppData\Local\Temp\ccPaMqSx.ltrans29.ltrans.o
 .comment       0x0000000000000000       0x12 C:\Users\okaya\AppData\Local\Temp\ccPaMqSx.ltrans30.ltrans.o
 .comment       0x0000000000000000       0x12 C:\Users\okaya\AppData\Local\Temp\ccPaMqSx.ltrans31.ltrans.o
 .comment       0x0000000000000000       0x12 c:/nxp/bstudio_nxp/sdk/tools/ba-elf-ba2-r36379/bin/../lib/gcc/ba-elf/4.7.4/../../../../ba-elf/lib/mcpu_jn51xx_sizeopt\libc.a(lib_a-memcmp.o)
 .comment       0x0000000000000000       0x12 c:/nxp/bstudio_nxp/sdk/tools/ba-elf-ba2-r36379/bin/../lib/gcc/ba-elf/4.7.4/../../../../ba-elf/lib/mcpu_jn51xx_sizeopt\libc.a(lib_a-memcpy.o)
 .comment       0x0000000000000000       0x12 c:/nxp/bstudio_nxp/sdk/tools/ba-elf-ba2-r36379/bin/../lib/gcc/ba-elf/4.7.4/../../../../ba-elf/lib/mcpu_jn51xx_sizeopt\libc.a(lib_a-memset.o)
 .comment       0x0000000000000000       0x12 c:/nxp/bstudio_nxp/sdk/tools/ba-elf-ba2-r36379/bin/../lib/gcc/ba-elf/4.7.4/../../../../ba-elf/lib/mcpu_jn51xx_sizeopt\libc.a(lib_a-strcmp.o)
 .comment       0x0000000000000000       0x12 c:/nxp/bstudio_nxp/sdk/tools/ba-elf-ba2-r36379/bin/../lib/gcc/ba-elf/4.7.4/mcpu_jn51xx_sizeopt\libgcc.a(_udivdi3.o)

.debug_info     0x0000000000000000      0xcad
 .debug_info    0x0000000000000000       0xf3 c:/nxp/bstudio_nxp/sdk/tools/ba-elf-ba2-r36379/bin/../lib/gcc/ba-elf/4.7.4/../../../../ba-elf/lib/mcpu_jn51xx_sizeopt\libc.a(lib_a-memcmp.o)
 .debug_info    0x00000000000000f3      0x106 c:/nxp/bstudio_nxp/sdk/tools/ba-elf-ba2-r36379/bin/../lib/gcc/ba-elf/4.7.4/../../../../ba-elf/lib/mcpu_jn51xx_sizeopt\libc.a(lib_a-memcpy.o)
 .debug_info    0x00000000000001f9       0xd7 c:/nxp/bstudio_nxp/sdk/tools/ba-elf-ba2-r36379/bin/../lib/gcc/ba-elf/4.7.4/../../../../ba-elf/lib/mcpu_jn51xx_sizeopt\libc.a(lib_a-memset.o)
 .debug_info    0x00000000000002d0       0xbb c:/nxp/bstudio_nxp/sdk/tools/ba-elf-ba2-r36379/bin/../lib/gcc/ba-elf/4.7.4/../../../../ba-elf/lib/mcpu_jn51xx_sizeopt\libc.a(lib_a-strcmp.o)
 .debug_info    0x000000000000038b       0xb4 c:/nxp/bstudio_nxp/sdk/tools/ba-elf-ba2-r36379/bin/../lib/gcc/ba-elf/4.7.4/mcpu_jn51xx_sizeopt\libgcc.a(__udivsi3.o)
 .debug_info    0x000000000000043f       0xb4 c:/nxp/bstudio_nxp/sdk/tools/ba-elf-ba2-r36379/bin/../lib/gcc/ba-elf/4.7.4/mcpu_jn51xx_sizeopt\libgcc.a(__umodsi3.o)
 .debug_info    0x00000000000004f3       0xb4 c:/nxp/bstudio_nxp/sdk/tools/ba-elf-ba2-r36379/bin/../lib/gcc/ba-elf/4.7.4/mcpu_jn51xx_sizeopt\libgcc.a(__modsi3.o)
 .debug_info    0x00000000000005a7      0x648 c:/nxp/bstudio_nxp/sdk/tools/ba-elf-ba2-r36379/bin/../lib/gcc/ba-elf/4.7.4/mcpu_jn51xx_sizeopt\libgcc.a(_udivdi3.o)
 .debug_info    0x0000000000000bef       0xbe ../../../../sdk/JN-SW-4170/Components/Library\libBoot_JN516x.a(ExceptionHandler.o)

.debug_abbrev   0x0000000000000000      0x3d0
 .debug_abbrev  0x0000000000000000       0x8e c:/nxp/bstudio_nxp/sdk/tools/ba-elf-ba2-r36379/bin/../lib/gcc/ba-elf/4.7.4/../../../../ba-elf/lib/mcpu_jn51xx_sizeopt\libc.a(lib_a-memcmp.o)
 .debug_abbrev  0x000000000000008e       0xa4 c:/nxp/bstudio_nxp/sdk/tools/ba-elf-ba2-r36379/bin/../lib/gcc/ba-elf/4.7.4/../../../../ba-elf/lib/mcpu_jn51xx_sizeopt\libc.a(lib_a-memcpy.o)
 .debug_abbrev  0x0000000000000132       0x8e c:/nxp/bstudio_nxp/sdk/tools/ba-elf-ba2-r36379/bin/../lib/gcc/ba-elf/4.7.4/../../../../ba-elf/lib/mcpu_jn51xx_sizeopt\libc.a(lib_a-memset.o)
 .debug_abbrev  0x00000000000001c0       0x63 c:/nxp/bstudio_nxp/sdk/tools/ba-elf-ba2-r36379/bin/../lib/gcc/ba-elf/4.7.4/../../../../ba-elf/lib/mcpu_jn51xx_sizeopt\libc.a(lib_a-strcmp.o)
 .debug_abbrev  0x0000000000000223       0x14 c:/nxp/bstudio_nxp/sdk/tools/ba-elf-ba2-r36379/bin/../lib/gcc/ba-elf/4.7.4/mcpu_jn51xx_sizeopt\libgcc.a(__udivsi3.o)
 .debug_abbrev  0x0000000000000237       0x14 c:/nxp/bstudio_nxp/sdk/tools/ba-elf-ba2-r36379/bin/../lib/gcc/ba-elf/4.7.4/mcpu_jn51xx_sizeopt\libgcc.a(__umodsi3.o)
 .debug_abbrev  0x000000000000024b       0x14 c:/nxp/bstudio_nxp/sdk/tools/ba-elf-ba2-r36379/bin/../lib/gcc/ba-elf/4.7.4/mcpu_jn51xx_sizeopt\libgcc.a(__modsi3.o)
 .debug_abbrev  0x000000000000025f      0x15d c:/nxp/bstudio_nxp/sdk/tools/ba-elf-ba2-r36379/bin/../lib/gcc/ba-elf/4.7.4/mcpu_jn51xx_sizeopt\libgcc.a(_udivdi3.o)
 .debug_abbrev  0x00000000000003bc       0x14 ../../../../sdk/JN-SW-4170/Components/Library\libBoot_JN516x.a(ExceptionHandler.o)

.debug_loc      0x0000000000000000      0xba2
 .debug_loc     0x0000000000000000       0x73 c:/nxp/bstudio_nxp/sdk/tools/ba-elf-ba2-r36379/bin/../lib/gcc/ba-elf/4.7.4/../../../../ba-elf/lib/mcpu_jn51xx_sizeopt\libc.a(lib_a-memcmp.o)
 .debug_loc     0x0000000000000073       0x39 c:/nxp/bstudio_nxp/sdk/tools/ba-elf-ba2-r36379/bin/../lib/gcc/ba-elf/4.7.4/../../../../ba-elf/lib/mcpu_jn51xx_sizeopt\libc.a(lib_a-memcpy.o)
 .debug_loc     0x00000000000000ac       0x3f c:/nxp/bstudio_nxp/sdk/tools/ba-elf-ba2-r36379/bin/../lib/gcc/ba-elf/4.7.4/../../../../ba-elf/lib/mcpu_jn51xx_sizeopt\libc.a(lib_a-memset.o)
 .debug_loc     0x00000000000000eb       0x3c c:/nxp/bstudio_nxp/sdk/tools/ba-elf-ba2-r36379/bin/../lib/gcc/ba-elf/4.7.4/../../../../ba-elf/lib/mcpu_jn51xx_sizeopt\libc.a(lib_a-strcmp.o)
 .debug_loc     0x0000000000000127      0xa7b c:/nxp/bstudio_nxp/sdk/tools/ba-elf-ba2-r36379/bin/../lib/gcc/ba-elf/4.7.4/mcpu_jn51xx_sizeopt\libgcc.a(_udivdi3.o)

.debug_aranges  0x0000000000000000      0x120
 .debug_aranges
                0x0000000000000000       0x20 c:/nxp/bstudio_nxp/sdk/tools/ba-elf-ba2-r36379/bin/../lib/gcc/ba-elf/4.7.4/../../../../ba-elf/lib/mcpu_jn51xx_sizeopt\libc.a(lib_a-memcmp.o)
 .debug_aranges
                0x0000000000000020       0x20 c:/nxp/bstudio_nxp/sdk/tools/ba-elf-ba2-r36379/bin/../lib/gcc/ba-elf/4.7.4/../../../../ba-elf/lib/mcpu_jn51xx_sizeopt\libc.a(lib_a-memcpy.o)
 .debug_aranges
                0x0000000000000040       0x20 c:/nxp/bstudio_nxp/sdk/tools/ba-elf-ba2-r36379/bin/../lib/gcc/ba-elf/4.7.4/../../../../ba-elf/lib/mcpu_jn51xx_sizeopt\libc.a(lib_a-memset.o)
 .debug_aranges
                0x0000000000000060       0x20 c:/nxp/bstudio_nxp/sdk/tools/ba-elf-ba2-r36379/bin/../lib/gcc/ba-elf/4.7.4/../../../../ba-elf/lib/mcpu_jn51xx_sizeopt\libc.a(lib_a-strcmp.o)
 .debug_aranges
                0x0000000000000080       0x20 c:/nxp/bstudio_nxp/sdk/tools/ba-elf-ba2-r36379/bin/../lib/gcc/ba-elf/4.7.4/mcpu_jn51xx_sizeopt\libgcc.a(__udivsi3.o)
 .debug_aranges
                0x00000000000000a0       0x20 c:/nxp/bstudio_nxp/sdk/tools/ba-elf-ba2-r36379/bin/../lib/gcc/ba-elf/4.7.4/mcpu_jn51xx_sizeopt\libgcc.a(__umodsi3.o)
 .debug_aranges
                0x00000000000000c0       0x20 c:/nxp/bstudio_nxp/sdk/tools/ba-elf-ba2-r36379/bin/../lib/gcc/ba-elf/4.7.4/mcpu_jn51xx_sizeopt\libgcc.a(__modsi3.o)
 .debug_aranges
                0x00000000000000e0       0x20 c:/nxp/bstudio_nxp/sdk/tools/ba-elf-ba2-r36379/bin/../lib/gcc/ba-elf/4.7.4/mcpu_jn51xx_sizeopt\libgcc.a(_udivdi3.o)
 .debug_aranges
                0x0000000000000100       0x20 ../../../../sdk/JN-SW-4170/Components/Library\libBoot_JN516x.a(ExceptionHandler.o)

.debug_line     0x0000000000000000     0x110d
 .debug_line    0x0000000000000000      0x154 c:/nxp/bstudio_nxp/sdk/tools/ba-elf-ba2-r36379/bin/../lib/gcc/ba-elf/4.7.4/../../../../ba-elf/lib/mcpu_jn51xx_sizeopt\libc.a(lib_a-memcmp.o)
 .debug_line    0x0000000000000154      0x148 c:/nxp/bstudio_nxp/sdk/tools/ba-elf-ba2-r36379/bin/../lib/gcc/ba-elf/4.7.4/../../../../ba-elf/lib/mcpu_jn51xx_sizeopt\libc.a(lib_a-memcpy.o)
 .debug_line    0x000000000000029c      0x13e c:/nxp/bstudio_nxp/sdk/tools/ba-elf-ba2-r36379/bin/../lib/gcc/ba-elf/4.7.4/../../../../ba-elf/lib/mcpu_jn51xx_sizeopt\libc.a(lib_a-memset.o)
 .debug_line    0x00000000000003da       0xf6 c:/nxp/bstudio_nxp/sdk/tools/ba-elf-ba2-r36379/bin/../lib/gcc/ba-elf/4.7.4/../../../../ba-elf/lib/mcpu_jn51xx_sizeopt\libc.a(lib_a-strcmp.o)
 .debug_line    0x00000000000004d0      0x47b c:/nxp/bstudio_nxp/sdk/tools/ba-elf-ba2-r36379/bin/../lib/gcc/ba-elf/4.7.4/mcpu_jn51xx_sizeopt\libgcc.a(__udivsi3.o)
 .debug_line    0x000000000000094b      0x3c7 c:/nxp/bstudio_nxp/sdk/tools/ba-elf-ba2-r36379/bin/../lib/gcc/ba-elf/4.7.4/mcpu_jn51xx_sizeopt\libgcc.a(__umodsi3.o)
 .debug_line    0x0000000000000d12       0xa3 c:/nxp/bstudio_nxp/sdk/tools/ba-elf-ba2-r36379/bin/../lib/gcc/ba-elf/4.7.4/mcpu_jn51xx_sizeopt\libgcc.a(__modsi3.o)
 .debug_line    0x0000000000000db5      0x1b7 c:/nxp/bstudio_nxp/sdk/tools/ba-elf-ba2-r36379/bin/../lib/gcc/ba-elf/4.7.4/mcpu_jn51xx_sizeopt\libgcc.a(_udivdi3.o)
 .debug_line    0x0000000000000f6c      0x1a1 ../../../../sdk/JN-SW-4170/Components/Library\libBoot_JN516x.a(ExceptionHandler.o)

.debug_str      0x0000000000000000      0x331
 .debug_str     0x0000000000000000      0x119 c:/nxp/bstudio_nxp/sdk/tools/ba-elf-ba2-r36379/bin/../lib/gcc/ba-elf/4.7.4/../../../../ba-elf/lib/mcpu_jn51xx_sizeopt\libc.a(lib_a-memcmp.o)
                                        0x152 (size before relaxing)
 .debug_str     0x0000000000000119       0x5d c:/nxp/bstudio_nxp/sdk/tools/ba-elf-ba2-r36379/bin/../lib/gcc/ba-elf/4.7.4/../../../../ba-elf/lib/mcpu_jn51xx_sizeopt\libc.a(lib_a-memcpy.o)
                                        0x166 (size before relaxing)
 .debug_str     0x0000000000000176       0x49 c:/nxp/bstudio_nxp/sdk/tools/ba-elf-ba2-r36379/bin/../lib/gcc/ba-elf/4.7.4/../../../../ba-elf/lib/mcpu_jn51xx_sizeopt\libc.a(lib_a-memset.o)
                                        0x152 (size before relaxing)
 .debug_str     0x00000000000001bf       0x49 c:/nxp/bstudio_nxp/sdk/tools/ba-elf-ba2-r36379/bin/../lib/gcc/ba-elf/4.7.4/../../../../ba-elf/lib/mcpu_jn51xx_sizeopt\libc.a(lib_a-strcmp.o)
                                        0x14b (size before relaxing)
 .debug_str     0x0000000000000208      0x129 c:/nxp/bstudio_nxp/sdk/tools/ba-elf-ba2-r36379/bin/../lib/gcc/ba-elf/4.7.4/mcpu_jn51xx_sizeopt\libgcc.a(_udivdi3.o)
                                        0x1d4 (size before relaxing)

.debug_frame    0x0000000000000000       0x80
 .debug_frame   0x0000000000000000       0x20 c:/nxp/bstudio_nxp/sdk/tools/ba-elf-ba2-r36379/bin/../lib/gcc/ba-elf/4.7.4/../../../../ba-elf/lib/mcpu_jn51xx_sizeopt\libc.a(lib_a-memcmp.o)
 .debug_frame   0x0000000000000020       0x20 c:/nxp/bstudio_nxp/sdk/tools/ba-elf-ba2-r36379/bin/../lib/gcc/ba-elf/4.7.4/../../../../ba-elf/lib/mcpu_jn51xx_sizeopt\libc.a(lib_a-memcpy.o)
 .debug_frame   0x0000000000000040       0x20 c:/nxp/bstudio_nxp/sdk/tools/ba-elf-ba2-r36379/bin/../lib/gcc/ba-elf/4.7.4/../../../../ba-elf/lib/mcpu_jn51xx_sizeopt\libc.a(lib_a-memset.o)
 .debug_frame   0x0000000000000060       0x20 c:/nxp/bstudio_nxp/sdk/tools/ba-elf-ba2-r36379/bin/../lib/gcc/ba-elf/4.7.4/../../../../ba-elf/lib/mcpu_jn51xx_sizeopt\libc.a(lib_a-strcmp.o)

.debug_ranges   0x0000000000000000       0xa0
 .debug_ranges  0x0000000000000000       0xa0 c:/nxp/bstudio_nxp/sdk/tools/ba-elf-ba2-r36379/bin/../lib/gcc/ba-elf/4.7.4/mcpu_jn51xx_sizeopt\libgcc.a(_udivdi3.o)
