Archive member included because of file (symbol)

../../../../sdk/JN-SW-4170/Components/Library\libZPSMAC_Mini_SOC_JN516x.a(zps_mac_shim.o)
                              zps_gen.o (symbol from plugin) (APP_bMultimaskJoinCallBack)
../../../../sdk/JN-SW-4170/Components/Library\libZPSMAC_Mini_SOC_JN516x.a(zps_miniMac.o)
                              zps_mac_shim.o (symbol from plugin) (zps_eSocMacSetTxBuffers)
../../../../sdk/JN-SW-4170/Components/Library\libZPSMAC_Mini_SOC_JN516x.a(zps_mac_common.o)
                              zps_mac_shim.o (symbol from plugin) (g_u8LegacyBeaconPayloadLen)
../../../../sdk/JN-SW-4170/Components/Library\libZPSMAC_Mini_SOC_JN516x.a(zps_mac_ie.o)
                              zps_mac_common.o (symbol from plugin) (zps_u8MacIECopyZigbeePayloadSubIE)
../../../../sdk/JN-SW-4170/Components/Library\libPWRM_JN516x.a(pwrm.o)
                              app_start.o (symbol from plugin) (PWRM_vInit)
../../../../sdk/JN-SW-4170/Components/Library\libPWRM_JN516x.a(pwrm_setjmp_JN516x.o)
                              pwrm.o (symbol from plugin) (setjmp)
../../../../sdk/JN-SW-4170/Components/Library\libPWRM_JN516x.a(pwrm_cold_start.o)
                              (AppColdStart)
../../../../sdk/JN-SW-4170/Components/Library\libPWRM_JN516x.a(pwrm_warm_start.o)
                              (AppWarmStart)
../../../../sdk/JN-SW-4170/Components/Library\libPDUM_JN516x.a(pdum_nwk.o)
                              zps_miniMac.o (symbol from plugin) (PDUM_eNPduAllocate)
../../../../sdk/JN-SW-4170/Components/Library\libPDUM_JN516x.a(pdum_apl.o)
                              appZdpExtraction.o (symbol from plugin) (PDUM_u16APduInstanceReadNBO)
../../../../sdk/JN-SW-4170/Components/Library\libPDUM_JN516x.a(pdum.o)
                              pdum_nwk.o (symbol from plugin) (PDUM_u16SizeNBO)
../../../../sdk/JN-SW-4170/Components/Library\libZPSAPL_JN516x.a(zps_apl_inl.o)
                              zps_mac_ie.o (symbol from plugin) (ZPS_pu8AplZdoGetVsOUI)
../../../../sdk/JN-SW-4170/Components/Library\libZPSAPL_JN516x.a(zps_apl_af.o)
                              app_coordinator.o (symbol from plugin) (ZPS_eAplAfInit)
../../../../sdk/JN-SW-4170/Components/Library\libZPSAPL_JN516x.a(zps_apl_af_apsde.o)
                              zps_gen.o (symbol from plugin) (zps_vHandleApsdeDataFragIndNotSupported)
../../../../sdk/JN-SW-4170/Components/Library\libZPSAPL_JN516x.a(zps_apl_task.o)
                              zps_apl_af_apsde.o (symbol from plugin) (zps_vAplAfPostEvent)
../../../../sdk/JN-SW-4170/Components/Library\libZPSAPL_JN516x.a(zps_apl_apsde.o)
                              zps_apl_task.o (symbol from plugin) (ZPS_vAplRegisterApsdeDcfmIndCallbacks)
../../../../sdk/JN-SW-4170/Components/Library\libZPSAPL_JN516x.a(zps_apl_apsme.o)
                              zps_apl_task.o (symbol from plugin) (ZPS_vAplRegisterApsmeDcfmIndCallbacks)
../../../../sdk/JN-SW-4170/Components/Library\libZPSAPL_JN516x.a(zps_apl_aps_nlde.o)
                              zps_apl_task.o (symbol from plugin) (zps_vAplApsHandleNldeDcfmInd)
../../../../sdk/JN-SW-4170/Components/Library\libZPSAPL_JN516x.a(zps_apl_sec.o)
                              zps_apl_apsme.o (symbol from plugin) (zps_vGenerateHashForVerifiedKey)
../../../../sdk/JN-SW-4170/Components/Library\libZPSAPL_JN516x.a(zps_apl_zdo_nwkmanager.o)
                              zps_apl_apsme.o (symbol from plugin) (zps_vAplSaveRecord)
../../../../sdk/JN-SW-4170/Components/Library\libZPSAPL_JN516x.a(zps_apl_zdo_handle_zdp_event.o)
                              zps_apl_task.o (symbol from plugin) (zps_bAplZdoHandleZdpEvent)
../../../../sdk/JN-SW-4170/Components/Library\libZPSAPL_JN516x.a(zps_apl_zdo_trust_center.o)
                              zps_gen.o (symbol from plugin) (zps_vAplTrustCenterInit)
../../../../sdk/JN-SW-4170/Components/Library\libZPSAPL_JN516x.a(zps_apl_zdo_common.o)
                              zps_apl_zdo_nwkmanager.o (symbol from plugin) (zps_eAplZdoNlmeleaveWrapper)
../../../../sdk/JN-SW-4170/Components/Library\libZPSAPL_JN516x.a(zps_apl_zdo_group.o)
                              zps_apl_inl.o (symbol from plugin) (zps_eAplZdoGroupEndpointAdd)
../../../../sdk/JN-SW-4170/Components/Library\libZPSAPL_JN516x.a(zps_apl_zdo_default_server.o)
                              zps_gen.o (symbol from plugin) (zps_vAplZdoDefaultServerInit)
../../../../sdk/JN-SW-4170/Components/Library\libZPSAPL_JN516x.a(zps_apl_zdo_bind_manager.o)
                              zps_apl_inl.o (symbol from plugin) (zps_eAplZdoBind)
../../../../sdk/JN-SW-4170/Components/Library\libZPSAPL_JN516x.a(zps_apl_mac_isr.o)
                              zps_apl_zdo_nwkmanager.o (symbol from plugin) (zps_vAplAfIsrInit)
../../../../sdk/JN-SW-4170/Components/Library\libZPSAPL_JN516x.a(zps_apl_zdo_end_device_bind_server.o)
                              zps_gen.o (symbol from plugin) (zps_vAplZdoEndDeviceBindServerInit)
[...]
Memory Configuration

Name             Origin             Length             Attributes
flash            0x0000000000080000 0x0000000000080000
ram              0x000000000400004c 0x0000000000007fb4
*default*        0x0000000000000000 0xffffffffffffffff

Linker script and memory map

                0x0000000000001388                __stack_size = 0x1388
                0x00000000000007d0                __minimum_heap_size = 0x7d0
START GROUP
LOAD irq_JN516x.o
LOAD portasm_JN516x.o
LOAD port_JN516x.o
LOAD C:\Users\okaya\AppData\Local\Temp\ccpXaM5j.ltrans0.ltrans.o
LOAD C:\Users\okaya\AppData\Local\Temp\ccpXaM5j.ltrans1.ltrans.o
LOAD C:\Users\okaya\AppData\Local\Temp\ccpXaM5j.ltrans2.ltrans.o
LOAD C:\Users\okaya\AppData\Local\Temp\ccpXaM5j.ltrans3.ltrans.o
LOAD C:\Users\okaya\AppData\Local\Temp\ccpXaM5j.ltrans4.ltrans.o
LOAD C:\Users\okaya\AppData\Local\Temp\ccpXaM5j.ltrans5.ltrans.o
LOAD C:\Users\okaya\AppData\Local\Temp\ccpXaM5j.ltrans6.ltrans.o
LOAD C:\Users\okaya\AppData\Local\Temp\ccpXaM5j.ltrans7.ltrans.o
LOAD C:\Users\okaya\AppData\Local\Temp\ccpXaM5j.ltrans8.ltrans.o
LOAD C:\Users\okaya\AppData\Local\Temp\ccpXaM5j.ltrans9.ltrans.o
LOAD C:\Users\okaya\AppData\Local\Temp\ccpXaM5j.ltrans10.ltrans.o
LOAD C:\Users\okaya\AppData\Local\Temp\ccpXaM5j.ltrans11.ltrans.o
LOAD C:\Users\okaya\AppData\Local\Temp\ccpXaM5j.ltrans12.ltrans.o
LOAD C:\Users\okaya\AppData\Local\Temp\ccpXaM5j.ltrans13.ltrans.o
LOAD C:\Users\okaya\AppData\Local\Temp\ccpXaM5j.ltrans14.ltrans.o
LOAD C:\Users\okaya\AppData\Local\Temp\ccpXaM5j.ltrans15.ltrans.o
LOAD C:\Users\okaya\AppData\Local\Temp\ccpXaM5j.ltrans16.ltrans.o
LOAD C:\Users\okaya\AppData\Local\Temp\ccpXaM5j.ltrans17.ltrans.o
LOAD C:\Users\okaya\AppData\Local\Temp\ccpXaM5j.ltrans18.ltrans.o
LOAD C:\Users\okaya\AppData\Local\Temp\ccpXaM5j.ltrans19.ltrans.o
LOAD C:\Users\okaya\AppData\Local\Temp\ccpXaM5j.ltrans20.ltrans.o
LOAD C:\Users\okaya\AppData\Local\Temp\ccpXaM5j.ltrans21.ltrans.o
LOAD C:\Users\okaya\AppData\Local\Temp\ccpXaM5j.ltrans22.ltrans.o
LOAD C:\Users\okaya\AppData\Local\Temp\ccpXaM5j.ltrans23.ltrans.o
LOAD C:\Users\okaya\AppData\Local\Temp\ccpXaM5j.ltrans24.ltrans.o
LOAD C:\Users\okaya\AppData\Local\Temp\ccpXaM5j.ltrans25.ltrans.o
LOAD C:\Users\okaya\AppData\Local\Temp\ccpXaM5j.ltrans26.ltrans.o
LOAD C:\Users\okaya\AppData\Local\Temp\ccpXaM5j.ltrans27.ltrans.o
LOAD C:\Users\okaya\AppData\Local\Temp\ccpXaM5j.ltrans28.ltrans.o
LOAD C:\Users\okaya\AppData\Local\Temp\ccpXaM5j.ltrans29.ltrans.o
LOAD C:\Users\okaya\AppData\Local\Temp\ccpXaM5j.ltrans30.ltrans.o
LOAD C:\Users\okaya\AppData\Local\Temp\ccpXaM5j.ltrans31.ltrans.o
LOAD c:/nxp/bstudio_nxp/sdk/tools/ba-elf-ba2-r36379/bin/../lib/gcc/ba-elf/4.7.4/../../../../ba-elf/lib/mcpu_jn51xx_sizeopt\libc.a
LOAD c:/nxp/bstudio_nxp/sdk/tools/ba-elf-ba2-r36379/bin/../lib/gcc/ba-elf/4.7.4/mcpu_jn51xx_sizeopt\libgcc.a
LOAD c:/nxp/bstudio_nxp/sdk/tools/ba-elf-ba2-r36379/bin/../lib/gcc/ba-elf/4.7.4/../../../../ba-elf/lib/mcpu_jn51xx_sizeopt\libc.a
LOAD pdum_gen.o
LOAD pdum_apdu.o
LOAD zps_gen.o
LOAD app_start.o
LOAD app_coordinator.o
LOAD app_endpoint.o
LOAD appZdpExtraction.o
LOAD appZpsBeaconHandler.o
LOAD app_pdm.o
LOAD Utils.o
LOAD ZQueue.o
LOAD ZTimer.o
LOAD app_zps_link_keys.o
LOAD ../../../../sdk/JN-SW-4170/Components/Library\libJPT_JN5169.a
LOAD ../../../../sdk/JN-SW-4170/Components/Library\libZPSMAC_Mini_SOC_JN516x.a
LOAD ../../../../sdk/JN-SW-4170/Components/Library\libPWRM_JN516x.a
LOAD ../../../../sdk/JN-SW-4170/Components/Library\libZPSTSV_JN516x.a
LOAD ../../../../sdk/JN-SW-4170/Components/Library\libAES_SW_JN516x.a
LOAD ../../../../sdk/JN-SW-4170/Components/Library\libPDUM_JN516x.a
LOAD ../../../../sdk/JN-SW-4170/Components/Library\libZPSAPL_JN516x.a
LOAD ../../../../sdk/JN-SW-4170/Components/Library\libRandom_JN516x.a
LOAD ../../../../sdk/JN-SW-4170/Components/Library\libPDM_EEPROM_NO_RTOS_JN516x.a
LOAD ../../../../sdk/JN-SW-4170/Components/Library\libDBG_JN516x.a
LOAD ../../../../sdk/JN-SW-4170/Components/Library\libZPSNWK_JN516x.a
LOAD ../../../../sdk/JN-SW-4170/Components/Library\libMiniMac_JN5169.a
LOAD ../../../../sdk/JN-SW-4170/Components/Library\libMiniMacShim_JN516x.a
LOAD ../../../../sdk/JN-SW-4170/Components/Library\libMMAC_JN5169.a
LOAD ../../../../sdk/JN-SW-4170/Components/Library\libJPT_JN5169.a
LOAD ../../../../sdk/JN-SW-4170/Components/Library\libAes_JN516x.a
LOAD ../../../../sdk/JN-SW-4170/Components/Library\libHardwareApi_JN5169.a
LOAD ../../../../sdk/JN-SW-4170/Components/Library\libMicroSpecific_JN516x.a
LOAD ../../../../sdk/JN-SW-4170/Components/Library\libBoot_JN516x.a
LOAD ../../../../sdk/JN-SW-4170/Platform/DK4/Library\libBoardLib_JN516x.a
END GROUP
LOAD c:/nxp/bstudio_nxp/sdk/tools/ba-elf-ba2-r36379/bin/../lib/gcc/ba-elf/4.7.4/../../../../ba-elf/lib/mcpu_jn51xx_sizeopt\libc.a
LOAD c:/nxp/bstudio_nxp/sdk/tools/ba-elf-ba2-r36379/bin/../lib/gcc/ba-elf/4.7.4/mcpu_jn51xx_sizeopt\libgcc.a
LOAD c:/nxp/bstudio_nxp/sdk/tools/ba-elf-ba2-r36379/bin/../lib/gcc/ba-elf/4.7.4/../../../../ba-elf/lib/mcpu_jn51xx_sizeopt\libc.a
                0x0000000000080038                exception_vsr_table = 0x80038
                0x0000000004000000                pSPIflashFncTable = 0x4000000
                0x0000000000000044                restore_state = 0x44
                0x000000000000004a                bZSPIWaitWIPClear = 0x4a
                0x0000000000000050                u16ZSPIflashRDID = 0x50
                0x0000000000000056                u8SelectFlashChipType = 0x56
                0x000000000000005c                memcpy = 0x5c
                0x0000000000000066                vBootFlashProg = 0x66
                [0x00000000000007d0]                __minimum_heap_size = DEFINED (__minimum_heap_size)?__minimum_heap_size:0xd16
                [0x0000000000001388]                __stack_size = DEFINED (__stack_size)?__stack_size:0x800
                0x0000000000000000                _SwConfig = (DEFINED (g_bSWConf_Debug) | (DEFINED (g_bSWConf_AltDebugPort) << 0x1))

.version        0x000000000007fffc        0x4
                0x000000000007fffc        0x4 LONG 0xf03000b

.bir            0x0000000000080000       0x10
                0x0000000000080000                _flash_start = ABSOLUTE (.)
                0x0000000000080000                _flash_beg = ABSOLUTE (.)
                0x0000000000080000        0x4 LONG 0x12345678
                0x0000000000080004        0x4 LONG 0x11223344
                0x0000000000080008        0x4 LONG 0x55667788
                0x000000000008000c        0x1 BYTE 0x8
                0x000000000008000d        0x1 BYTE 0x1
                0x000000000008000e        0x2 SHORT 0x0

.flashheader    0x0000000000080010       0x28
                0x0000000000080010        0x4 LONG 0x0
                0x0000000000080014        0x4 LONG 0x0
                0x0000000000080018        0x4 LONG 0x0
                0x000000000008001c        0x2 SHORT 0x0
                0x000000000008001e        0x2 SHORT 0x0 ABSOLUTE (_SwConfig)
                0x0000000000080020                _enc_start = ABSOLUTE (.)
                0x0000000000080020        0x4 LONG 0x1cf18 ABSOLUTE (_image_len)
                0x0000000000080024        0x4 LONG 0x9ca00 ABSOLUTE (_flash_data_start)
                0x0000000000080028        0x2 SHORT 0x13 ((ABSOLUTE (_ram_data_start) / 0x4) & 0xffff)
                0x000000000008002a        0x2 SHORT 0x146 ((ABSOLUTE (_ram_data_len) / 0x4) & 0xffff)
                0x000000000008002c        0x2 SHORT 0x159 ((ABSOLUTE (_bss_start) / 0x4) & 0xffff)
                0x000000000008002e        0x2 SHORT 0xc94 ((ABSOLUTE (_bss_len) / 0x4) & 0xffff)
                0x0000000000080030        0x4 LONG 0x9c1d8 ABSOLUTE (AppWarmStart)
                0x0000000000080034        0x4 LONG 0x81434 ABSOLUTE (AppColdStart)
                0x0000000000000000                _enc_offset = (_enc_start & 0xf)

.ro_mac_address
                0x0000000000080040        0x0
                0x0000000000080040                _FlsMACAddress = ABSOLUTE (.)
 *(.ro_mac_address)
                0x0000000000080040                . = ALIGN (0x10)

.ro_ota_header  0x0000000000080040        0x0
                0x0000000000080040                _FlsOtaHeader = ABSOLUTE (.)
 *(.ro_ota_header)
                0x0000000000080040                . = ALIGN (0x10)

.ro_se_lnkKey   0x0000000000080040        0x0
                0x0000000000080040                _FlsLinkKey = ABSOLUTE (.)
 *(.ro_se_lnkKey)
                0x0000000000080040                . = ALIGN (0x10)

.rodata         0x0000000000080038     0x12d9
 *(.rodata*)
 .rodata.str1.1
                0x0000000000080038       0x92 C:\Users\okaya\AppData\Local\Temp\ccpXaM5j.ltrans0.ltrans.o
 *fill*         0x00000000000800ca        0x2 00
 .rodata        0x00000000000800cc      0x3f0 C:\Users\okaya\AppData\Local\Temp\ccpXaM5j.ltrans0.ltrans.o
                0x00000000000800ec                psAplDefaultDistributedAPSLinkKey
                0x00000000000800f0                au32UartAddrOffset
                0x00000000000800f8                g_u32ApsFcSaveCountBitShift
                0x00000000000800fc                u8MaxZpsConfigEp
                0x00000000000800fd                au8EpMapPresent
                0x0000000000080100                s_groupPdmTable
                0x0000000000080108                zps_g_pvApl
                0x000000000008010c                pwrm_psWakeupCallbacks
 .rodata.str1.1
                0x00000000000804bc      0x5f7 C:\Users\okaya\AppData\Local\Temp\ccpXaM5j.ltrans1.ltrans.o
                                        0x640 (size before relaxing)
 *fill*         0x0000000000080ab3        0x1 00
 .rodata        0x0000000000080ab4      0x1cc C:\Users\okaya\AppData\Local\Temp\ccpXaM5j.ltrans1.ltrans.o
                0x0000000000080ab4                zps_pacNwkFrmStdByteFmt
                0x0000000000080ab8                zps_pacNwkFrmStdLongFmt
                0x0000000000080abc                zps_pacNwkFrmStdHalfFmt
 .rodata.str1.1
                0x0000000000080c80       0x1c C:\Users\okaya\AppData\Local\Temp\ccpXaM5j.ltrans2.ltrans.o
                                         0x34 (size before relaxing)
 .rodata        0x0000000000080c9c       0x10 C:\Users\okaya\AppData\Local\Temp\ccpXaM5j.ltrans3.ltrans.o
                0x0000000000080c9c                au8FlashWaitStatesHSRCO.156934
                0x0000000000080ca4                au8FlashWaitStates32MXO.156933
 .rodata        0x0000000000080cac       0x30 C:\Users\okaya\AppData\Local\Temp\ccpXaM5j.ltrans4.ltrans.o
 .rodata.str1.1
                0x0000000000000000        0x8 C:\Users\okaya\AppData\Local\Temp\ccpXaM5j.ltrans4.ltrans.o
 .rodata.str1.1
                0x0000000000080cdc        0x6 C:\Users\okaya\AppData\Local\Temp\ccpXaM5j.ltrans5.ltrans.o
                                          0x9 (size before relaxing)
 .rodata.str1.1
                0x0000000000000000        0x3 C:\Users\okaya\AppData\Local\Temp\ccpXaM5j.ltrans6.ltrans.o
 .rodata        0x0000000000080ce2       0x77 C:\Users\okaya\AppData\Local\Temp\ccpXaM5j.ltrans7.ltrans.o
 *fill*         0x0000000000080d59        0x3 00
 .rodata        0x0000000000080d5c       0x14 C:\Users\okaya\AppData\Local\Temp\ccpXaM5j.ltrans8.ltrans.o
                0x0000000000080d5c                u8MacNwkTriesTimeout
 .rodata.str1.1
                0x0000000000080d70        0x6 C:\Users\okaya\AppData\Local\Temp\ccpXaM5j.ltrans10.ltrans.o
                                         0x15 (size before relaxing)
 .rodata        0x0000000000080d76       0x20 C:\Users\okaya\AppData\Local\Temp\ccpXaM5j.ltrans12.ltrans.o
                0x0000000000080d76                CSWTCH.16.7368.7368
 .rodata.str1.1
                0x0000000000080d96        0x6 C:\Users\okaya\AppData\Local\Temp\ccpXaM5j.ltrans13.ltrans.o
 .rodata        0x0000000000080d9c       0x18 C:\Users\okaya\AppData\Local\Temp\ccpXaM5j.ltrans13.ltrans.o
                0x0000000000080d9c                au32NwkPdmRecordOffsets
 .rodata.str1.1
                0x0000000000000000        0xb C:\Users\okaya\AppData\Local\Temp\ccpXaM5j.ltrans15.ltrans.o
 .rodata        0x0000000000080db4       0x4c C:\Users\okaya\AppData\Local\Temp\ccpXaM5j.ltrans16.ltrans.o
                0x0000000000080db4                bResolvedConflictAllowed
                0x0000000000080db8                u32ScanAttemptDelayTime
                0x0000000000080dbc                CSWTCH.19.7369.7369
                0x0000000000080ddc                CSWTCH.22.7370.7370
                0x0000000000080dfc                g_u32NwkFcSaveCountBitShift
 .rodata.str1.1
                0x0000000000080e00        0x3 C:\Users\okaya\AppData\Local\Temp\ccpXaM5j.ltrans17.ltrans.o
                                          0x7 (size before relaxing)
 .rodata.str1.1
                0x0000000000080e03        0xb C:\Users\okaya\AppData\Local\Temp\ccpXaM5j.ltrans18.ltrans.o
                                         0x17 (size before relaxing)
 .rodata.str1.1
                0x0000000000080e0e        0xc C:\Users\okaya\AppData\Local\Temp\ccpXaM5j.ltrans19.ltrans.o
                                         0x2b (size before relaxing)
 .rodata.str1.1
                0x0000000000000000        0xc C:\Users\okaya\AppData\Local\Temp\ccpXaM5j.ltrans20.ltrans.o
                                          0x4 (size before relaxing)
 .rodata.str1.1
                0x0000000000080e1a       0x27 C:\Users\okaya\AppData\Local\Temp\ccpXaM5j.ltrans21.ltrans.o
                                         0x4e (size before relaxing)
 .rodata.str1.1
                0x0000000000000000       0x27 C:\Users\okaya\AppData\Local\Temp\ccpXaM5j.ltrans22.ltrans.o
                                          0x9 (size before relaxing)
 .rodata.str1.1
                0x0000000000000000       0x27 C:\Users\okaya\AppData\Local\Temp\ccpXaM5j.ltrans24.ltrans.o
                                          0x7 (size before relaxing)
 *fill*         0x0000000000080e41        0x3 00
 .rodata        0x0000000000080e44       0x98 C:\Users\okaya\AppData\Local\Temp\ccpXaM5j.ltrans24.ltrans.o
 .rodata.str1.1
                0x0000000000080edc      0x28f C:\Users\okaya\AppData\Local\Temp\ccpXaM5j.ltrans25.ltrans.o
                                        0x293 (size before relaxing)
 *fill*         0x000000000008116b        0x1 00
 .rodata        0x000000000008116c       0x40 C:\Users\okaya\AppData\Local\Temp\ccpXaM5j.ltrans26.ltrans.o
                0x000000000008116c                au32EndDeviceTimeoutConstants
                0x00000000000811a8                pLocalTclkStruct
 .rodata.str1.1
                0x00000000000811ac        0x5 C:\Users\okaya\AppData\Local\Temp\ccpXaM5j.ltrans27.ltrans.o
 *fill*         0x00000000000811b1        0x3 00
 .rodata        0x00000000000811b4       0x8c C:\Users\okaya\AppData\Local\Temp\ccpXaM5j.ltrans28.ltrans.o
                0x00000000000811b4                ZPS_g_u32MacVersion
                0x00000000000811b8                PDUM_g_u32Version
                0x00000000000811bc                ZPS_g_u32TsvVersion
 .rodata.str1.1
                0x0000000000081240       0x20 C:\Users\okaya\AppData\Local\Temp\ccpXaM5j.ltrans29.ltrans.o
                                         0x42 (size before relaxing)
 .rodata.str1.1
                0x0000000000081260       0xb1 C:\Users\okaya\AppData\Local\Temp\ccpXaM5j.ltrans30.ltrans.o
                                         0xb4 (size before relaxing)

.text           0x0000000000081314    0x1b6eb
 *(.text*)
 .text          0x0000000000081314       0x50 irq_JN516x.o
                0x0000000000081314                PIC_ChannelPriorities
                0x0000000000081324                PIC_SwVectTable
 .text          0x0000000000081364       0xd0 portasm_JN516x.o
                0x0000000000081364                OSMIUM_HwVectTable
                0x00000000000813a0                vExternalException
 .text          0x0000000000081434     0x1a0c C:\Users\okaya\AppData\Local\Temp\ccpXaM5j.ltrans0.ltrans.o
                0x0000000000081434                AppColdStart
 .text          0x0000000000082e40     0x1a24 C:\Users\okaya\AppData\Local\Temp\ccpXaM5j.ltrans1.ltrans.o
                0x0000000000082e40                app_vMainloop
 .text          0x0000000000084864     0x11dc C:\Users\okaya\AppData\Local\Temp\ccpXaM5j.ltrans2.ltrans.o
                0x0000000000084864                vPostNldeDcfmInd.12498
 .text          0x0000000000085a40      0xfbc C:\Users\okaya\AppData\Local\Temp\ccpXaM5j.ltrans3.ltrans.o
                0x0000000000085a9c                vZdoServersInit.2361
                0x0000000000085bdb                ZPS_bIsMacAddressUsedInApsTable
                0x0000000000085cac                ZPS_u8MacIFTGetIntfState
                0x0000000000085cc9                u32GetScanChannels.isra.3.21020
                0x0000000000085cfe                ZPS_u8MacIFTGetChannelMaskCount
                0x0000000000085d3e                ZPS_vMacIFTGetChannelMaskFromMacId
                0x0000000000085dc0                ZPS_eTsvOpen
                0x0000000000085ddd                zps_vNwkBttMgrInit
                0x0000000000085e0b                ZPS_u8GrabMutexLock.constprop.169
                0x0000000000085e4e                ZPS_u8ReleaseMutexLock.constprop.168
                0x0000000000085e79                vEnableReceive.155235
                0x0000000000085eb2                psGetTxFrameBuffer
                0x0000000000085eee                PDUM_vInit
                0x0000000000085f97                vMicroIntEnableOnly.constprop.130
                0x0000000000085fc3                TSV_eStart
                0x0000000000086013                ZPS_eTsvStart
                0x0000000000086050                zps_eNwkHandleSceNwkUpdate
                0x0000000000086074                vNwkMcpsSendTimedDfcm
                0x00000000000860b8                vProcessTimedList.136005
                0x00000000000860fe                zps_vNwkMcpsMgrPostTimed
                0x0000000000086111                zps_vAplAfPostTimerEvent
                0x00000000000861b0                zps_vExpireOldRoutes
                0x0000000000086239                zps_eNwkBtrMatch
                0x0000000000086336                PDM_vEnterCriticalSection
                0x0000000000086365                iAHI_WriteDataIntoEEPROMsegment.constprop.125
                0x00000000000863b3                vACI_OptimisedCcmStar.constprop.123
                0x000000000008659e                zps_eNwkRtDiscMatch.constprop.120
                0x00000000000865f1                AESSW_vMMOFinalUpdate
                0x00000000000866b3                AESSW_vHMAC_MMO.constprop.113
                0x000000000008674b                zps_pvAesGetKeyFromInstallCode
                0x00000000000867d1                zps_vAplSecSetInitialSecurityState.constprop.55
                0x00000000000868f6                bAHI_FullFlashRead.constprop.107
                0x00000000000869b1                vMiniMac_MLME_SetReq_PanId
                0x00000000000869ee                vMiniMac_MLME_SetReq_ShortAddr
 .text.unlikely
                0x00000000000869fc       0xc8 C:\Users\okaya\AppData\Local\Temp\ccpXaM5j.ltrans3.ltrans.o
                0x0000000000086a11                vAHI_MemoryHold.156860
 .text          0x0000000000086ac4     0x11f2 C:\Users\okaya\AppData\Local\Temp\ccpXaM5j.ltrans4.ltrans.o
                0x0000000000086ac4                vMMAC_IntHandlerBbc
                0x0000000000086ade                eBasicTxCompleteHandler
                0x0000000000086ae3                vTxRxTimeout.155233
                0x0000000000086b40                eSmeUDNTScanDcfm.145144
                0x0000000000086b5c                vMacMlmeCallBackHandler.5400
                0x0000000000086e32                zps_eNwkHandleSmePollDcfm
                0x0000000000086e5c                eSmeGenlScanDcfm.145707
                0x0000000000086eba                zps_eNwkHandleSmeDutyCycleInd
                0x0000000000086ee3                eSmeEdScScanDcfm.145703
                0x0000000000086f2c                ZTIMER_eStart.part.3.5317.constprop.80
                0x0000000000086f7f                ZPS_u8MacPibGetBeaconPayload.constprop.76
                0x0000000000086f9b                ZPS_vGetDeviceCurrentData.constprop.75
                0x000000000008701a                zps_bAplZdoServerHandleConfirmAcks.constprop.9
                0x0000000000087064                ZPS_eTsvStop
                0x00000000000870a3                zps_vAplApsStopPollTimer.part.2.14984
                0x000000000008712a                ZPS_vDefaultApsdeResources
                0x0000000000087198                ZPS_vResetBoundServerContext
                0x000000000008719b                eEdTimeoutRequestDataDcfm.134938
                0x00000000000871bc                ZPS_u8GetChannelOffset
                0x00000000000871ee                pvHeap_Alloc
                0x00000000000871f1                vMicroIntRestoreState
                0x00000000000871fd                PDM_vExitCriticalSection
                0x0000000000087220                bAHI_WriteEEPROMfixSegmentData
                0x000000000008727e                bAHI_InitialiseEEPROM
                0x00000000000872c6                vAHI_ReadDataFromEEPROMregister
                0x00000000000872f3                vAHI_WriteDataIntoEEPROMregister
                0x0000000000087323                iPDM_WriteSegmentHeaderDataIntoEEPROMsegment
                0x0000000000087352                u8AHI_WakeTimerFiredStatus
                0x0000000000087366                vAHI_WakeTimerStop.part.3.157428
                0x0000000000087386                vAHI_UartReset.part.4.157182
                0x00000000000873be                vAHI_OptimiseWaitStates
                0x000000000008740a                bAHI_GetClkSource
                0x0000000000087417                bIssueACIcommand
                0x00000000000874ad                vACI_CmdWaitBusy
                0x00000000000874ba                vEcbEncodeStripe.156682
                0x0000000000087511                i16JPT_ConvertEnergyTodBm
                0x0000000000087523                MAC_u64GetExtAddr
                0x000000000008753e                ZPS_u64NwkNibFindExtAddr
                0x00000000000875e4                psSearchForFrameToSend
                0x000000000008763b                eMiniMac_FrameInProgress
                0x0000000000087666                vRemoveFromTxQueue
                0x00000000000876a2                vAddToTxQueue
                0x00000000000876d8                u8GetHeaderSize
                0x0000000000087700                vMiniMac_PLME_SetReq_CcaMode
                0x0000000000087714                vMiniMac_MLME_SetReq_MaxCsmaBackoffs
                0x0000000000087734                vMiniMac_MLME_SetReq_MaxBe
                0x0000000000087757                vMiniMac_MLME_SetReq_MinBe
                0x000000000008777a                zps_vSendJoinInd
                0x00000000000877e9                zps_psFormatCmdFrameGeneral
                0x0000000000087895                zps_eNwkFormStInit
                0x00000000000878c1                vSendDcfm.146447
                0x00000000000878e6                bCheckMatchingEntry.145896
                0x000000000008790c                psAddToDiscNt.145692
                0x0000000000087aa8                eSmeUDNTBeaconInd.145699
                0x0000000000087acd                zps_psNwkSlistRemoveFromHead
                0x0000000000087ae4                zps_psNwkSlistRemove
                0x0000000000087b1c                zps_bNwkMcpsMgrRemoveDescrFromLists
                0x0000000000087b5a                zps_vNwkSlistAddToTail
                0x0000000000087b74                zps_vNwkMcpsMgrFreeReqDescr
                0x0000000000087ba9                zps_vNwkRemoveConflictedBroadcast
                0x0000000000087bfe                ZPS_vNwkSecResetDevice
                0x0000000000087c46                ZPS_bNwkSecHaveNetworkKey
                0x0000000000087c7a                ZPS_bNwkSecFindMatSet
 .text          0x0000000000087cb6     0x1034 C:\Users\okaya\AppData\Local\Temp\ccpXaM5j.ltrans5.ltrans.o
                0x0000000000087cb6                zps_bAplZdoNodeDescServer
                0x0000000000087e28                zps_bAplZdoPowerDescServer
                0x0000000000087f4c                zps_bAplZdoActiveEpServer
                0x0000000000088035                zps_bAplZdoSystemServerDiscoveryServer
                0x00000000000880c1                vPostVsMcpsDcfmInd.30099
                0x0000000000088114                boIdValueSearchMatch.129724
                0x000000000008816e                zps_bAplZdoSimpleDescServer
                0x00000000000883bc                zps_vNwkHandleCmeGetInterface
                0x0000000000088508                vPostMlmeDcfmInd.30085
                0x00000000000885b7                u8ZdoEndDeviceBindServerUnpackApdu
                0x0000000000088647                vZdoEndDeviceBindStateIdle
                0x0000000000088972                PWRM_vWakeInterruptCallback
                0x00000000000889f9                iPDM_ReadSegmentHeaderDataFromEEPROMsegment
                0x0000000000088a52                ZPS_vNwkNibClearTables
                0x0000000000088b79                psGetAndBuildCoordRealignment
                0x0000000000088bd1                ZPS_u16NwkNibFindNwkAddr
                0x0000000000088c72                u8PDM_CalculateLargestDataRecordStored
                0x0000000000088ca3                iPDM_FilterDuplicateAppendedSegmentsOnList.130790
 .text          0x0000000000088cea     0x14f9 C:\Users\okaya\AppData\Local\Temp\ccpXaM5j.ltrans6.ltrans.o
                0x0000000000088cea                vNwkMcpsTimerCallback
                0x0000000000088d04                zps_eSceGenlIllegal
                0x0000000000088d0b                zps_eSmeGenlIllegal
                0x0000000000088d12                DBG_vUartFailedAssert
                0x0000000000088d16                vZdoEndDeviceBindTimeoutSecondMessage
                0x0000000000088d2a                vPostMcpsDcfmInd.30092
                0x0000000000088d2d                psGetVsMcpsBuf.30096
                0x0000000000088d36                psGetMlmeBuf.30082
                0x0000000000088d3f                psGetMcpsBuf.30089
                0x0000000000088d48                zps_vExpireRequestKeyReq.20943
                0x0000000000088dc2                zps_bAplZdoEndDeviceBindServer
                0x0000000000088e7a                zps_eNwkRctMatchNwkAddr
                0x0000000000088ee4                ZPS_u8NwkCalcNldeReqOverhead
                0x0000000000088f1f                zps_vRemoveNextHop
                0x0000000000088fd4                zps_vRemoveRoute
                0x000000000008906b                zps_psNwkRtMatchNwkAddr
                0x00000000000890e1                zps_vNwkFreeMcpsHandle
                0x000000000008910b                zps_u8NwkAllocateMcpsHandle
                0x000000000008915c                zps_psNwkMcpsMgrFindPendingByNwkDstAddr
                0x0000000000089172                ZPS_u64NwkNibGetMappedIeeeAddr
                0x00000000000891a2                ZPS_bNwkNibNtActvMatch
                0x0000000000089254                bCheckNwkAddr
                0x000000000008929d                zps_eAplTrustCenterFindDevice
                0x00000000000892e1                ZPS_vSetExtendedStatus
                0x00000000000892f3                zps_eNwkRtMatch
                0x0000000000089400                eAllocateNPDU.7631
                0x0000000000089463                PDUM_eNPduClone
                0x00000000000894af                PDUM_hAPduAllocateAPduInstance
                0x0000000000089509                zps_eAplZdoSendZdpResponse
                0x0000000000089552                zps_bAplZdoMgmtLqiServer
                0x0000000000089787                zps_bAplZdoMgmtRtgServer
                0x00000000000898c7                bSendResponse.50834
                0x000000000008990a                zps_psApsApsAllocateDcfmRecord
                0x0000000000089978                zps_u8CalcLinkCost
                0x00000000000899b4                ZPS_u8NwkNibNtDiscMatch
                0x0000000000089a98                zps_u8NwkLibChannelLow
                0x0000000000089aa7                zps_u64NwkLibFromPayload
                0x0000000000089ae6                zps_vNwkLibU64ToPayload
                0x0000000000089b13                zps_eNwkDcfmIndPost
                0x0000000000089b35                zps_psNwkDcfmIndGetBuf
                0x0000000000089b57                eRouteRequestDataDcfm.140763
                0x0000000000089bab                eNldeDataDcfm.138481
                0x0000000000089bdb                zps_vSendNwkStatusInd
                0x0000000000089c0b                eLeaveDataDcfmRemoteLeave.131989
                0x0000000000089c66                psSLISTsearch
                0x0000000000089ca6                psSLISTremove
                0x0000000000089d24                psSLISTgetNext
                0x0000000000089d48                iSLISTnumberOfNodes
                0x0000000000089d5f                u8PDM_CalculateFileSystemCapacity
                0x0000000000089d74                u8PDM_ReadSequenceNumber
                0x0000000000089d97                boSegmentNumberDeleteSearchMatch.130171
                0x0000000000089db2                u8PDM_ReadSegmentDataSize
                0x0000000000089dc6                u32PDM_ReadFileSystemHeaderWearCount
                0x0000000000089ddc                boSearchForWearCountSubstitute.130491
                0x0000000000089e02                boSearchForWearCountInsertPoint.129720
                0x0000000000089e20                vPDM_WriteFileSystemHeaderWearCount
                0x0000000000089e32                vPDM_ReadBitmapHeader.128631
                0x0000000000089e51                RND_u32GetRand256
                0x0000000000089e6e                RND_u32GetRand
                0x0000000000089e95                u16CalculateFailedTxCount
                0x0000000000089ec5                vZdoIeeeAddrServerSendExtendResponse.part.0.35542
                0x0000000000089f29                vZdoNwkAddrServerSendExtendResponse.part.0.34276
                0x0000000000089f8d                vReset_StateMachine.32968
                0x0000000000089fd1                bFindMatch.32925
                0x000000000008a02f                zps_bPerformLeaveActionDecider
                0x000000000008a034                vHandleUpdateDeviceIndication.20975
                0x000000000008a05e                zps_vByteCopy.part.2.18363
                0x000000000008a07a                bDuplicateCheck.18171
                0x000000000008a187                zps_vAplApsInitDuplicateTable
                0x000000000008a1aa                zps_vInitAPSMECmdHdr
 .text          0x000000000008a1e3      0xd88 C:\Users\okaya\AppData\Local\Temp\ccpXaM5j.ltrans7.ltrans.o
                0x000000000008a1e3                eSmeASFlBeaconInd.145715
                0x000000000008a205                DBG_vUartFlush
                0x000000000008a232                DBG_vUartPutch
                0x000000000008a278                vPermitJoinHandleExpiry.139541
                0x000000000008a281                eSmeAcScBeaconInd.145723
                0x000000000008a434                zps_vNwkHandleCmePermitJoinReq
                0x000000000008a49c                zps_psAllocateAndFormatMacHdr
                0x000000000008a7ff                vAHI_UartEnable.part.7.157309
                0x000000000008a8c6                DBG_vUartInitHardware
                0x000000000008a95b                iPDM_SearchForBufferIdInList
                0x000000000008a990                iPDM_SearchForBufferIdInFileSystem
                0x000000000008a9a3                iPDM_SearchForSpecificSegmentInList
                0x000000000008a9d5                bPDM_FindLastMarkerSegment.130013
                0x000000000008aa22                vMiniMac_ReturnRxBufferCallback
                0x000000000008aa4e                vMMAC_RadioToOffAndWait
                0x000000000008aa6b                vStartReceive
                0x000000000008aa87                vSetChannelAndPower
                0x000000000008ac10                vMiniMac_PLME_SetReq_Power
                0x000000000008ac24                vMiniMac_PLME_SetReq_Channel
                0x000000000008ac2c                iPDM_ReadUserDataFromEEPROMsegment
                0x000000000008aca6                iPDM_ReCalculateWearCountAndChecksumAndWriteFileSystemHeader
                0x000000000008acf0                vPDM_SetEEPROMandFileSystemValidState
                0x000000000008ad17                iPDM_ReadUserDataFromFileSystemRecord
                0x000000000008ad37                iPDM_ReadUserDataFromSegmentOnListWithId
                0x000000000008ad75                iPDM_ReadUserDataFromSegmentWithId
                0x000000000008adaa                PDM_eReadDataFromRecord.part.0.128981
                0x000000000008ae31                vLoadAplRecord.21004
                0x000000000008ae65                iPDM_CompareDataInFileRecords.129984
                0x000000000008aea0                vPDM_WriteFileSystemRecordAndSegmentDataIntoEEPROMsegment
                0x000000000008aedb                ZPS_vMacPibSetBeaconPayload.constprop.86
                0x000000000008af10                zps_vInitBeaconPayload
 .text          0x000000000008af6b      0xf36 C:\Users\okaya\AppData\Local\Temp\ccpXaM5j.ltrans8.ltrans.o
                0x000000000008afa1                vMiniMac_NextTransaction
                0x000000000008b00b                dbg_vPrintfImplNoneVerbose
                0x000000000008b492                vMiniMac_Init
                0x000000000008b853                eTransmit
                0x000000000008b921                vRetryCcaFailure
                0x000000000008b96d                zps_vSocMacHandleMcpsVsReqRsp.constprop.128
                0x000000000008bafc                eBuildAndSend.154886
                0x000000000008bb71                vMiniMac_TxComplete
                0x000000000008bc63                zps_vDefaultNwkLayer
                0x000000000008be98                ZPS_vMacPibSetRxOnWhenIdle
 .text          0x000000000008bea1      0xc2a C:\Users\okaya\AppData\Local\Temp\ccpXaM5j.ltrans9.ltrans.o
                0x000000000008bea1                vPDM_AddFileSystemElementToListInAscendingWearCountOrder
                0x000000000008bfc9                vPDM_MoveAllDataFromListToList
                0x000000000008c007                vPDM_MoveAllDataToDeAllocList.constprop.119
                0x000000000008c032                vPDM_MoveAllDataWithBufferIdAndStateFromListToList
                0x000000000008c0bd                vPDM_MoveAllDataWithBufferIdFromListToList
                0x000000000008c142                vPDM_DeleteAllSegmentsWithIdFromFileSystemList.129068.constprop.16
                0x000000000008c184                vPDM_MoveFileRecordFromListToList
                0x000000000008c1a7                iPDM_SelectValidFileRecordInstance.129568
                0x000000000008c293                vPDM_MoveRecordToDeAllocList
                0x000000000008c386                iPDM_CreateCandidateBufferList
                0x000000000008c48a                iPDM_WriteSegmentHeaderAndData
                0x000000000008c5d8                iPDM_ReconstructAtRunTimeReplacedDataTable
                0x000000000008c718                iPDM_ReconstructReplacedDataTable
                0x000000000008c80f                zps_u8AplApsConstructAndPostLoopBackDataInd.15098
                0x000000000008c948                u8PostUnicastMsgToNHLE.15106
                0x000000000008c981                PWRM_vManagePower
 .text          0x000000000008cacb      0xe5f C:\Users\okaya\AppData\Local\Temp\ccpXaM5j.ltrans10.ltrans.o
                0x000000000008cacb                zps_eDefaultDataDcfm
                0x000000000008cbbd                zps_psNwkInitiateRouteDiscovery
                0x000000000008cef5                zps_psSendFrm
                0x000000000008d253                zps_eNwkHandleSceRouteRecord
                0x000000000008d34a                zps_psNwkSendLeaveCmd
                0x000000000008d3b2                zps_vNwkSecondTickHandleExpiry
                0x000000000008d5c5                zps_vNwkHandleCmeLeaveReq
                0x000000000008d6e3                zps_eNwkHandleSceLeave
                0x000000000008d87f                zps_vProcessLocalAddrConflict
 .text          0x000000000008d92a      0xefa C:\Users\okaya\AppData\Local\Temp\ccpXaM5j.ltrans11.ltrans.o
                0x000000000008d92a                zps_vAplTrustCenterInit
                0x000000000008d9bf                zps_eNwkHandleSceLinkStatus
                0x000000000008daf3                vIncrementFrameCounterInPdm.isra.0.137433
                0x000000000008dcd2                zps_eNwkSecEncryptPacket
                0x000000000008dde8                vProcessListsForSubmission.136101
                0x000000000008e032                vInitUnknownNeighbor.136012.constprop.67
                0x000000000008e08b                zps_eAplZdoAddReplaceLinkKey_W
                0x000000000008e14f                ZPS_bNwkNibAddrMapAddEntry
                0x000000000008e304                zps_vAgeRouter
                0x000000000008e33d                zps_eNwkHandleSdeActvDcfmData
                0x000000000008e4c2                zps_sNwkNibNtCheckJoin.part.8.137727
                0x000000000008e77b                zps_vNwkHandleCmeDirectJoinReq
 .text          0x000000000008e824      0xc30 C:\Users\okaya\AppData\Local\Temp\ccpXaM5j.ltrans12.ltrans.o
                0x000000000008ea1a                zps_eRejoinDataDcfm
                0x000000000008ead7                eSmeAsocAssocDcfm.149861
                0x000000000008eb5b                eSmeRjPCPollDcfm.149857
                0x000000000008eb9c                eSceRjRsRejoinRsp.149824
                0x000000000008ec74                zps_sNwkLibSubmitScan
                0x000000000008ecad                zps_vNwkDiscUpdateNT
                0x000000000008ed51                zps_eNwkHandleSceNwkReport
                0x000000000008edd7                zps_vNwkHandleCmeNwkJoinReq
                0x000000000008f10f                zps_vNwkHandleCmeNwkActvJoinReq
                0x000000000008f11b                eSmeEdScScanDcfm.146451
                0x000000000008f1cb                zps_vNwkHandleCmeEdScanReq
                0x000000000008f20a                zps_eProcessAddrConflict
                0x000000000008f3b3                ZPS_vNwkNibCheckAndUpdateAddresses
 .text          0x000000000008f454      0xaaa C:\Users\okaya\AppData\Local\Temp\ccpXaM5j.ltrans13.ltrans.o
                0x000000000008f454                vPDM_DeleteAppendedSequence
                0x000000000008f4f6                iPDM_ReplaceChangedSegmentInSequence
                0x000000000008f5f9                PDM_eSaveRecordData
                0x000000000008f995                ZPS_vNwkSaveRecord
                0x000000000008f9c1                ZPS_vNwkNibSetUpdateId
                0x000000000008f9eb                vSendNetworkUpdate.134800
                0x000000000008fb20                ZPS_vNwkNibSetPanId
                0x000000000008fb3d                ZPS_vNwkNibSetCapabilityInfo
                0x000000000008fb69                ZPS_vNwkNibSetChannel
                0x000000000008fb87                ZPS_vNwkNibSetAuxChannel
                0x000000000008fba0                zps_vNwkHandleCmeSetInterface
                0x000000000008fd58                ZPS_vNwkSaveNt
                0x000000000008fd94                zps_eNwkHandleSmeCommStatusInd
                0x000000000008fe4e                ZPS_vNwkSaveSecMat
                0x000000000008fe62                iPDM_VerifyDataSequenceWithBufferId
 .text          0x000000000008fefe      0xdb7 C:\Users\okaya\AppData\Local\Temp\ccpXaM5j.ltrans14.ltrans.o
                0x0000000000090010                zps_vAplSaveRecord
                0x000000000009018b                zps_bNwkFindAddIeeeAddr
                0x0000000000090313                eCheckAddrConflict.isra.7.135067
                0x00000000000903ae                vAplSecRemoveLinkKey.21060
                0x000000000009047e                ZPS_vRemoveEntryFromAddressMap
                0x00000000000904c7                ZPS_vNtSetUsedStatus
                0x0000000000090595                zps_vJoinInitNtParent
                0x0000000000090779                zps_vBuildSortedActvNTList
                0x0000000000090845                zps_vCheckActvNtForDuplicate
                0x00000000000908e4                zps_vCleanUnAuthenHandleExpiry
                0x0000000000090a11                eUnsolicitedRejoinRspDataDcfm.134812
                0x0000000000090a3c                eRejoinRspDataDcfm.148405
                0x0000000000090ae8                ZPS_vNwkNibSetNwkAddr
                0x0000000000090b12                zps_eNwkHandleSceRejnResponse
                0x0000000000090b6f                ZPS_vNwkNibSetExtPanId
                0x0000000000090b9f                vFinish.149693
                0x0000000000090bf4                eSmeOrphScanDcfm.149706
                0x0000000000090c6c                ZPS_vNwkNibSetKeySeqNum
                0x0000000000090c80                ZPS_vNwkNibSetDepth
 *fill*         0x0000000000090cb5        0x3 00
 .text          0x0000000000090cb8      0xfcc C:\Users\okaya\AppData\Local\Temp\ccpXaM5j.ltrans15.ltrans.o
                0x0000000000090cb8                ZPS_vNwkMacDataPollRequest
                0x0000000000090e4f                vMcpsMgrExpiry.135928
                0x0000000000090eae                zps_vNwkHandleCmeRouteDiscoveryReq
                0x0000000000090f34                vMiniMac_MlmeCallback
                0x00000000000911ac                ePollReqSent.154433
                0x0000000000091334                vScanBeaconReceived
                0x0000000000091373                vRunningRxCallback
                0x0000000000091673                vPostDcfm.154897
                0x00000000000916e2                vScanNextChannel.154884
                0x0000000000091892                ZPS_vNwkSaveAllRecords
                0x00000000000918bc                zps_vSaveAllZpsRecords
                0x00000000000918db                ZPS_vSetDevicePreviousData.constprop.17
                0x0000000000091a59                ZPS_vNMPurgeEntry
                0x0000000000091c19                zps_psSendBroadcastFrm.part.0.147136
 .text          0x0000000000091c84      0xbab C:\Users\okaya\AppData\Local\Temp\ccpXaM5j.ltrans16.ltrans.o
                0x0000000000091c84                zps_vNwkHandleCmeIdleNwkFormReq
                0x0000000000091d37                zps_vReAttemptScanTimerHandleExpiry
                0x0000000000091d95                zps_vNwkHandleCmeNwkDiscReq
                0x0000000000091e0f                zps_eNwkHandleSmeBeaconNotifyInd
                0x0000000000091e9d                zps_sNwkStart
                0x0000000000091f3f                ZPS_pvNwkCtor.constprop.84
                0x00000000000922d4                ZPS_vNwkHandleNlmeReqRsp.part.0.138639
                0x00000000000924b9                eSmeAcScScanDcfm.146458
 .text          0x000000000009282f      0xd24 C:\Users\okaya\AppData\Local\Temp\ccpXaM5j.ltrans17.ltrans.o
                0x000000000009282f                DBG_iUartGetChar
                0x0000000000092bb0                zps_bAplZdoMatchDescServer
                0x0000000000092bc4                eOrphanNotificationSent.154876
                0x0000000000092c0d                vMiniMac_ReturnTxBufferCallback
                0x0000000000092c39                vPostTxActions.155279
                0x0000000000092c76                vStartTransmit.155286
                0x0000000000092dcf                vTimerFired
                0x0000000000092ea4                vMiniMac_McpsCallback
                0x0000000000093156                eMcpsTxCompleteHandler.154201
                0x0000000000093184                ZPS_bSecDecrypt
                0x0000000000093291                boPDM_IsBitmapSaturated.128666
                0x00000000000932da                ZPS_u16MacIFTGetIDByChannelMask
                0x000000000009331f                ZPS_u8MacIFTAddUpdateChannelMask.part.3.158318
                0x00000000000933ad                zps_psNwkInitCmdFrame
                0x000000000009342c                eSendLinkStatusDataDcfm.part.1.133680
 .text          0x0000000000093553      0xe1e C:\Users\okaya\AppData\Local\Temp\ccpXaM5j.ltrans18.ltrans.o
                0x0000000000093553                vMcpsMgrTimeoutExpiry
                0x00000000000935bd                zps_vNwkMcpsMgrPost
                0x00000000000935e1                zps_psSendNetworkStatusCmd
                0x000000000009364e                vSendNetworkReport.134796
                0x000000000009372c                zps_eNwkHandleSceNwkEdTimeoutReq
                0x0000000000093939                zps_eNwkHandleSceRouteRequest
                0x0000000000093e0d                zps_eNwkHandleSceRouteReply
                0x00000000000940e0                zps_psSendNetworkLinkPowerDelta.142171
                0x0000000000094172                zps_eNwkHandleSceNwkLinkPowerDelta
                0x000000000009418c                zps_psNwkSendRejoinReqCmd
                0x000000000009420a                zps_u8NwkHandleRejoinReq
                0x00000000000942ca                vContinueRejoin.148401
 .text          0x0000000000094371      0xc57 C:\Users\okaya\AppData\Local\Temp\ccpXaM5j.ltrans19.ltrans.o
                0x000000000009473e                ZPS_vAplHandleApsdeReqRsp
                0x0000000000094b57                zps_eAplZdpApsdeReqInternal
                0x0000000000094bc6                zps_eAplZdpGenStatusOnlyResponse
                0x0000000000094c21                zps_eAplSendApsmeCmdFrame
                0x0000000000094d95                zps_eAplApsmeTransportKeyReqRsp.constprop.18
                0x0000000000094f30                vApsmeResendTimeOutHandler
                0x0000000000094f5f                zps_eAplApsmeRemoveDeviceReqRsp
 .text          0x0000000000094fc8      0xde8 C:\Users\okaya\AppData\Local\Temp\ccpXaM5j.ltrans20.ltrans.o
                0x0000000000095180                vSendMlmeCommStatusFromTxFrame
                0x00000000000951d6                zps_vSocMacHandleMlmeVsReqRsp.constprop.94
                0x000000000009570a                zps_eNwkSendJoinResponse
                0x00000000000958f0                zps_vProcessChildAddrConflict
                0x00000000000959b6                zps_eNwkHandleSceNwkStatus
                0x0000000000095c18                zps_eNwkHandleSmeOrphanInd
                0x0000000000095c28                zps_vNwkHandleCmeSyncReq
                0x0000000000095d09                zps_vNwkHandleCmeActvStartRouterReq
 .text          0x0000000000095db0      0xd6d C:\Users\okaya\AppData\Local\Temp\ccpXaM5j.ltrans21.ltrans.o
                0x0000000000095db0                zps_eZdpNodeDescResponse
                0x0000000000095e58                zps_eZdpSimpleDescResponse
                0x0000000000095f65                zps_eZdpPowerDescResponse
                0x0000000000096002                zps_eZdpActiveEpResponse
                0x0000000000096098                zps_eZdpMatchDescResponse
                0x000000000009612e                zps_eZdpSystemServerDiscoveryResponse
                0x000000000009619d                zps_eAplZdpMgmtLqiResponse
                0x00000000000962ad                zps_eAplZdpMgmtRtgResponse
                0x000000000009643c                zps_eZdpNwkAddrResponse
                0x0000000000096524                zps_eZdpIeeeAddrResponse
                0x000000000009660c                zps_bAplZdoMgmtNWKUpdateServer
 *fill*         0x0000000000096b1d        0x3 00
 .text          0x0000000000096b20      0xa94 C:\Users\okaya\AppData\Local\Temp\ccpXaM5j.ltrans22.ltrans.o
                0x0000000000096b20                zps_vAplTrustCenterRequestKey
                0x0000000000096cc1                vPostApsmeDcfmInd.12484
                0x0000000000097230                zps_bAplZdoMgmtLeaveServer
                0x0000000000097425                zps_vAplTrustCenterUpdateDevice
 .text          0x00000000000975b4      0xb27 C:\Users\okaya\AppData\Local\Temp\ccpXaM5j.ltrans23.ltrans.o
                0x00000000000975b4                vBbcIntHandler.153772
                0x00000000000978ab                eAssocRespSent.154089
                0x00000000000978ca                vHandleEdTimeoutReqExpiry.134804
                0x0000000000097973                vHandleNwkLocalUpdateAfterBcast.134817
                0x00000000000979c7                vHandleNwkRemoteUpdateAfterBcast.134808
                0x0000000000097a1a                zps_vAplApsPollTimer
                0x0000000000097a7c                vAplSecAuthPollTimerExpiry.20951
                0x0000000000097b86                vAplSecAuthTimerExpiry.20947
                0x0000000000097c01                vPostApsdeDcfmInd.12491
                0x0000000000097df3                eRejoinNetwork.21022.constprop.78
                0x0000000000097ea1                eStartNetworkDiscovery.21034
                0x0000000000097f09                zps_eAplZdoStartStack
                0x0000000000097fea                eStartRouter
 .text          0x00000000000980db      0x93b C:\Users\okaya\AppData\Local\Temp\ccpXaM5j.ltrans24.ltrans.o
                0x00000000000980db                ZPS_vNwkHandleNlmeReqRsp
                0x0000000000098158                zps_vAplAfPostEvent
                0x0000000000098317                vPostToEndpoint.part.1.12192
                0x0000000000098483                zps_vHandleApsdeDataFragIndNotSupported
                0x0000000000098501                zps_eAplZdoPermitJoining.constprop.81
                0x0000000000098521                zps_bAplZdoPermitJoiningServer
                0x00000000000985eb                zps_bAplZdoDeviceAnnceServer
                0x000000000009887e                vStartScanTimerExpiry.52097
                0x00000000000988ba                vChangeChannelTimerExpiry.52101
                0x0000000000098931                eLeaveReset.131994
                0x000000000009899c                eLeaveDataDcfmLocalLeave.131999
 *fill*         0x0000000000098a16        0x2 00
 .text          0x0000000000098a18      0xb20 C:\Users\okaya\AppData\Local\Temp\ccpXaM5j.ltrans25.ltrans.o
                0x0000000000098a18                eSmeAcScBeaconInd.145901
                0x0000000000098abb                zps_bAplZdoNwkAddrServer
                0x0000000000098c4e                zps_bAplZdoIeeeAddrServer
                0x0000000000098daa                eBeaconReqSent.154880
                0x0000000000098dd1                vfExtendedStatusCallBack.3094
                0x0000000000098ddd                vPdmEventHandlerCallback
                0x0000000000098e8b                vAHI_Sleep
                0x0000000000098f50                vFreePendingReqDescr
                0x0000000000098fbb                vHandleRouteDiscoveryExpiry.140302
                0x0000000000099019                zps_vSendJoinDcfm
                0x0000000000099060                vGiveUp.149235
                0x0000000000099098                ZPS_bSecEncrypt
                0x0000000000099253                zps_vNwkMcpsMgrTidyBtrReqDescr
                0x0000000000099298                vNwkBttTimerExpiry.143856
                0x00000000000993ba                vLoadNwkRecord.136981
                0x00000000000993f8                vShowException
                0x00000000000994ba                vUpdateLastKnownNodeAddr.3455
                0x00000000000994f9                vDrainQueueOnOverrun.part.0.3470
 .text          0x0000000000099538      0x9a7 C:\Users\okaya\AppData\Local\Temp\ccpXaM5j.ltrans26.ltrans.o
                0x0000000000099870                zps_eNwkHandleSmeAssocInd
                0x000000000009989e                zps_eNwkHandleSceRejnRequest
                0x000000000009992b                zps_bGetFlashCredential
                0x0000000000099930                zps_psFindKeyDescr
                0x0000000000099a51                vTransformKey.isra.0.18358
                0x0000000000099ab2                zps_eAplSecEncryptPacket
                0x0000000000099ba7                ZPS_vNwkHandleNldeReqRsp
                0x0000000000099dd6                zps_eAplApsmeCmdMgrSendCommand
                0x0000000000099eb3                zps_vAplApsmeCmdMgrRetryTimeout.16615
 *fill*         0x0000000000099edf        0x1 00
 .text          0x0000000000099ee0      0xa08 C:\Users\okaya\AppData\Local\Temp\ccpXaM5j.ltrans27.ltrans.o
                0x0000000000099ee0                zps_eAplApsmeUpdateDeviceReqRsp.part.4.16788
                0x000000000009a02e                vHandleRemoveDeviceIndication
                0x000000000009a15a                vPostNlmeDcfmInd.12477
 .text          0x000000000009a8e8      0xd7e C:\Users\okaya\AppData\Local\Temp\ccpXaM5j.ltrans28.ltrans.o
                0x000000000009a8e8                psGetNlmeBuf.12474
                0x000000000009a8f1                psGetNldeBuf.12495
                0x000000000009a8fa                psGetApsmeBuf.12481
                0x000000000009a900                psGetApsdeBuf.12488
                0x000000000009aa19                APP_bMultimaskJoinCallBack
                0x000000000009aa25                vMacMcpsCallBackHandler.5404
                0x000000000009aa36                zps_vGetZpsMutex
                0x000000000009aa3f                vLoopbackTimerCallback
                0x000000000009aa6e                psApsmeRequestKeyGetHandle
                0x000000000009aac9                zps_vAplApsInitFragTransmitPool
                0x000000000009aaea                zps_vAplApsFillAndPostApsAck
                0x000000000009ab54                zps_u8AplApsFreeMsgHandle
                0x000000000009abbe                zps_vAplApsInitSyncMsgPool
                0x000000000009abf6                zps_vAplApsInitFragReceivePool
                0x000000000009ac19                vFillDataIndStruct.12152
                0x000000000009ac77                vFillApduErrorEvent.12145
                0x000000000009acba                bCheckProfile.12140
                0x000000000009acf8                ZPS_bIsGroupPresent
                0x000000000009ad30                pdum_u16ReadNBO
                0x000000000009ae91                PDUM_u16SizeNBO
                0x000000000009aeef                PDUM_u16APduInstanceWriteStrNBO
                0x000000000009b06e                PDUM_u16APduInstanceReadNBO
                0x000000000009b0b9                PDUM_u16APduInstanceWriteNBO
                0x000000000009b123                PDUM_eAPduFreeAPduInstance
                0x000000000009b189                PDUM_eAPduInstanceSetPayloadSize
                0x000000000009b1b1                PDUM_eNPduWriteDataFromBuffer
                0x000000000009b20b                PDUM_eNPduWriteDataToBuffer
                0x000000000009b269                PDUM_eNPduWriteFromBuffer
                0x000000000009b292                PDUM_eNPduDescend
                0x000000000009b2b8                PDUM_eNPduAscend
                0x000000000009b2de                PDUM_eNPduClaimData
                0x000000000009b34b                PDUM_eNPduAppendDataNBO
                0x000000000009b3a8                PDUM_eNPduClaimHeader
                0x000000000009b3cb                PDUM_eNPduReadHeaderNBO
                0x000000000009b41e                PDUM_eNPduPrependHeaderNBO
                0x000000000009b479                PDUM_eNPduFree
                0x000000000009b4d7                PDUM_eNPduInitDescending
                0x000000000009b4f2                ZPS_u8MacGetChannelOffsetFromMask
                0x000000000009b501                ZPS_eMacValidateChannelMask
                0x000000000009b530                ZQ_bQueueReceive
                0x000000000009b5a1                ZQ_bQueueSend
                0x000000000009b617                APP_vGenCallback
                0x000000000009b62a                vResetCommandBuffer.5223
                0x000000000009b64a                ZPS_psMacIFTGetInterface
 .text          0x000000000009b666      0xa12 C:\Users\okaya\AppData\Local\Temp\ccpXaM5j.ltrans29.ltrans.o
                0x000000000009b666                ZPS_vSecondTimerCallback
                0x000000000009b8cc                vZdoEndDeviceBindStateWaitSendWithAck
                0x000000000009bb07                zps_bAplZdoDefaultServer
                0x000000000009be68                zps_bAplZdoZdoClient
                0x000000000009c015                zps_eZdpEndDeviceBindResponse
                0x000000000009c036                zps_eZdpMgmtLeaveResponse
                0x000000000009c057                zps_eZdpMgmtPermitJoiningResponse
 .text          0x000000000009c078      0x13d C:\Users\okaya\AppData\Local\Temp\ccpXaM5j.ltrans30.ltrans.o
                0x000000000009c078                ISR_vTickTimer
                0x000000000009c0b0                vReadCharInterrupt
                0x000000000009c135                vUartCallback.3098
                0x000000000009c137                vUnclaimedInterrupt
                0x000000000009c14c                vBusErrorHandler
                0x000000000009c15b                vAlignmentErrorHandler
                0x000000000009c16a                vIllegalInstructionHandler
                0x000000000009c179                vTrapHandler
                0x000000000009c188                vGenericHandler
                0x000000000009c197                vUnclaimedException
                0x000000000009c1a6                vStackOverflowHandler
 .text          0x000000000009c1b5       0x3d C:\Users\okaya\AppData\Local\Temp\ccpXaM5j.ltrans31.ltrans.o
                0x000000000009c1b5                zps_isrMAC
                0x000000000009c1d8                AppWarmStart
 .text          0x000000000009c1f2       0x25 c:/nxp/bstudio_nxp/sdk/tools/ba-elf-ba2-r36379/bin/../lib/gcc/ba-elf/4.7.4/../../../../ba-elf/lib/mcpu_jn51xx_sizeopt\libc.a(lib_a-memcmp.o)
                0x000000000009c1f2                memcmp
 .text          0x000000000009c217       0x19 c:/nxp/bstudio_nxp/sdk/tools/ba-elf-ba2-r36379/bin/../lib/gcc/ba-elf/4.7.4/../../../../ba-elf/lib/mcpu_jn51xx_sizeopt\libc.a(lib_a-memcpy.o)
 .text          0x000000000009c230       0x12 c:/nxp/bstudio_nxp/sdk/tools/ba-elf-ba2-r36379/bin/../lib/gcc/ba-elf/4.7.4/../../../../ba-elf/lib/mcpu_jn51xx_sizeopt\libc.a(lib_a-memset.o)
                0x000000000009c230                memset
 .text          0x000000000009c242       0x25 c:/nxp/bstudio_nxp/sdk/tools/ba-elf-ba2-r36379/bin/../lib/gcc/ba-elf/4.7.4/../../../../ba-elf/lib/mcpu_jn51xx_sizeopt\libc.a(lib_a-strcmp.o)
                0x000000000009c242                strcmp
 *fill*         0x000000000009c267        0x1 00
 .text          0x000000000009c268      0x204 c:/nxp/bstudio_nxp/sdk/tools/ba-elf-ba2-r36379/bin/../lib/gcc/ba-elf/4.7.4/mcpu_jn51xx_sizeopt\libgcc.a(__udivsi3.o)
                0x000000000009c268                __udivsi3
 .text          0x000000000009c46c      0x1b0 c:/nxp/bstudio_nxp/sdk/tools/ba-elf-ba2-r36379/bin/../lib/gcc/ba-elf/4.7.4/mcpu_jn51xx_sizeopt\libgcc.a(__umodsi3.o)
                0x000000000009c46c                __umodsi3
 .text          0x000000000009c61c       0x24 c:/nxp/bstudio_nxp/sdk/tools/ba-elf-ba2-r36379/bin/../lib/gcc/ba-elf/4.7.4/mcpu_jn51xx_sizeopt\libgcc.a(__modsi3.o)
                0x000000000009c61c                __modsi3
 .text          0x000000000009c640      0x350 c:/nxp/bstudio_nxp/sdk/tools/ba-elf-ba2-r36379/bin/../lib/gcc/ba-elf/4.7.4/mcpu_jn51xx_sizeopt\libgcc.a(_udivdi3.o)
                0x000000000009c640                __udivdi3
 *fill*         0x000000000009c990        0x0 00
 .text          0x000000000009c990       0x48 ../../../../sdk/JN-SW-4170/Components/Library\libPWRM_JN516x.a(pwrm_setjmp_JN516x.o)
                0x000000000009c990                setjmp
                0x000000000009c9b4                PWRM_longjmp
 .text          0x000000000009c9d8       0x27 ../../../../sdk/JN-SW-4170/Components/Library\libHardwareApi_JN5169.a(AHI_Interrupt.o)
                0x000000000009c9d8                vAHI_InterruptSetPriority
                0x000000000009c9f6                vAHI_InterruptSetActivePriorityLevel
 .text          0x000000000009c9ff        0x0 ../../../../sdk/JN-SW-4170/Components/Library\libZPSAPL_JN516x.a(zps_apl_version_lc.o)
                0x000000000009c9ff                ZPS_APL_Version_3v0
 .text          0x000000000009c9ff        0x0 ../../../../sdk/JN-SW-4170/Components/Library\libZPSNWK_JN516x.a(zps_nwk_version_lc.o)
                0x000000000009c9ff                ZPS_NWK_Version_3v0
                0x000000000009c9ff                _flash_end = ABSOLUTE (.)

.rela.dyn       0x000000000009ca00        0x0
 .rela.text     0x0000000000000000        0x0 irq_JN516x.o
 .rela.data     0x0000000000000000        0x0 irq_JN516x.o
 .rela.rodata   0x0000000000000000        0x0 irq_JN516x.o
                0x000000000400004c                . = ORIGIN (ram)

.data           0x000000000400004c      0x518 load address 0x000000000009ca00
                0x000000000400004c                _ram_data_start = ABSOLUTE (.)
 *(.data*)
 *fill*         0x000000000400004c        0x4 00
 .data          0x0000000004000050      0x4b0 C:\Users\okaya\AppData\Local\Temp\ccpXaM5j.ltrans0.ltrans.o
                0x0000000004000050                g_asMacInterfaceTable.2551
                0x000000000400007c                psAplDefaultGlobalAPSLinkKey
                0x0000000004000080                s_sApl.2446
                0x00000000040001e0                u8AhiBaudRate.130975
                0x00000000040001e1                u8MiniMacConfig_MaxConcurrentAssocResponses
                0x00000000040001e4                psShadowRxBuffer
                0x00000000040001e8                gMAC_u8MaxBuffers
                0x0000000004000224                s_keyPairTableStorage.2494
 .data          0x0000000004000500        0x6 C:\Users\okaya\AppData\Local\Temp\ccpXaM5j.ltrans1.ltrans.o
                0x0000000004000500                g_u16zpsCurrentAddress
                0x0000000004000502                u16LastKnownNodeAddr.3768
 *fill*         0x0000000004000506        0x2 00
 .data          0x0000000004000508        0x4 C:\Users\okaya\AppData\Local\Temp\ccpXaM5j.ltrans4.ltrans.o
                0x0000000004000508                u32HeapStart
 .data          0x000000000400050c        0x2 C:\Users\okaya\AppData\Local\Temp\ccpXaM5j.ltrans8.ltrans.o
 *fill*         0x000000000400050e        0x2 00
 .data          0x0000000004000510        0x4 C:\Users\okaya\AppData\Local\Temp\ccpXaM5j.ltrans9.ltrans.o
                0x0000000004000510                bCanLoopback.15381
 .data          0x0000000004000514        0x4 C:\Users\okaya\AppData\Local\Temp\ccpXaM5j.ltrans10.ltrans.o
 .data          0x0000000004000518        0x4 C:\Users\okaya\AppData\Local\Temp\ccpXaM5j.ltrans17.ltrans.o
 .data          0x000000000400051c       0x30 C:\Users\okaya\AppData\Local\Temp\ccpXaM5j.ltrans28.ltrans.o
                0x000000000400051c                s_asapduMyDataInstances
                0x0000000004000528                s_asapduZDPInstances
 .data.s_asAPduPool
                0x000000000400054c       0x18 pdum_apdu.o
                0x000000000400054c                pdum_apduZDP
                0x000000000400054c                s_asAPduPool
                0x0000000004000558                pdum_apduMyData
 *(.data.*)
                0x0000000004000564                . = ALIGN (0x4)
                0x0000000004000564                _ram_data_end = ABSOLUTE (.)

.bss            0x0000000004000564     0x3250 load address 0x000000000009cf18
                0x0000000004000564                _bss_start = ABSOLUTE (.)
 *(.bss*)
 *fill*         0x0000000004000564        0xc 00
 .bss           0x0000000004000570     0x2140 C:\Users\okaya\AppData\Local\Temp\ccpXaM5j.ltrans0.ltrans.o
                0x0000000004000570                s_sDefaultServerContext.2522
                0x0000000004000574                s_sEndDeviceBindServerContext.2442
                0x00000000040005b4                s_sMgmtRtgServerContext.2443
                0x00000000040005b8                s_sPermitJoiningServerContext.2444
                0x00000000040005bc                s_sMgmtNWKUpdateServerContext.2445
                0x0000000004000614                s_sMgmtLeaveServerContext.2521
                0x000000000400063c                s_sMgmtLqiServerContext.2520
                0x0000000004000640                s_sSimpleDescServerContext.2519
                0x0000000004000644                s_sMatchDescServerContext.2518
                0x0000000004000648                s_sPowerDescServerContext.2517
                0x000000000400064c                s_sNodeDescServerContext.2516
                0x0000000004000650                s_sSystemServerDiscoveryServerContext.2515
                0x0000000004000654                s_sIeeeAddrServerContext.2514
                0x0000000004000658                s_sNwkAddrServerContext.2513
                0x000000000400065c                s_sActiveEpServerContext.2512
                0x0000000004000660                s_sDeviceAnnceServerContext.2511
                0x0000000004000660                s_sZdoClientContext.2510
                0x0000000004000668                vFlushFn.130919
                0x000000000400066c                vPutchFn.130914
                0x0000000004000670                u8AhiUart.130974
                0x0000000004000674                psNextWake.7558
                0x0000000004000678                s_bWakeTimerActive.7559
                0x0000000004000679                s_ePowerMode.7560
                0x000000000400067a                gu16NumberOfSegments.158007
                0x000000000400067c                pfExtendedStatusCallBack.134284
                0x0000000004000680                ZTIMER_sCommon.5362
                0x0000000004000688                APP_msgMyEndPointEvents
                0x00000000040006a0                APP_msgZpsEvents
                0x00000000040006b8                u8App_tmr1sec
                0x00000000040006bc                psPDM_Common
                0x00000000040006c0                s_u32x.128602
                0x00000000040006c4                s_prExpireFn.158437
                0x00000000040006c8                pvRxStore
                0x00000000040006cc                pvTxStore
                0x00000000040006d0                g_pvAplHandle
                0x00000000040006d4                s_sDcfmIndMgr.6868
                0x00000000040006dc                prAppMlmeGetBuffer
                0x00000000040006e0                prAppMlmeCallback
                0x00000000040006e4                s_pvAplHandle.6120
                0x00000000040006e8                s_prMcpsCallBack.6118
                0x00000000040006ec                s_prMlmeCallBack.6119
                0x00000000040006f0                sMiniMacPib
                0x000000000400078c                u8MiniMac_RunTimeOptions
                0x0000000004000790                sZpsIntStore
                0x0000000004000794                s_eDeviceState.3766
 .bss           0x00000000040026b0       0x54 C:\Users\okaya\AppData\Local\Temp\ccpXaM5j.ltrans1.ltrans.o
                0x00000000040026b0                bCheckChild
                0x00000000040026b4                uMacDcfmInd
 .bss           0x0000000004002704        0x8 C:\Users\okaya\AppData\Local\Temp\ccpXaM5j.ltrans2.ltrans.o
                0x0000000004002704                psActiveMsgListHead
                0x0000000004002708                s_u16ActivityCounter
 .bss           0x000000000400270c      0xc20 C:\Users\okaya\AppData\Local\Temp\ccpXaM5j.ltrans3.ltrans.o
                0x000000000400270c                sIntStorage.130592
                0x0000000004002710                u8MaxNpdu.7774
                0x0000000004002711                u8Count.7773
                0x0000000004002714                s_psNPduPoolEnd.7771
                0x0000000004002718                s_psNPduPoolStart.7770
                0x000000000400271c                s_psFreeListHead.7772
                0x0000000004002720                s_asAPduPool.7870
 .bss.initinboot
                0x000000000400332c        0x1 C:\Users\okaya\AppData\Local\Temp\ccpXaM5j.ltrans3.ltrans.o
                0x000000000400332c                bMutexTaken.157715
 *fill*         0x000000000400332d        0x3 00
 .bss           0x0000000004003330       0x10 C:\Users\okaya\AppData\Local\Temp\ccpXaM5j.ltrans4.ltrans.o
 .bss           0x0000000004003340        0x3 C:\Users\okaya\AppData\Local\Temp\ccpXaM5j.ltrans6.ltrans.o
                0x0000000004003340                u8ApduCount.7871
 *fill*         0x0000000004003343        0x1 00
 .bss           0x0000000004003344       0x2c C:\Users\okaya\AppData\Local\Temp\ccpXaM5j.ltrans7.ltrans.o
                0x0000000004003344                g_au8LegacyBeaconPayload
 .bss           0x0000000004003370        0xc C:\Users\okaya\AppData\Local\Temp\ccpXaM5j.ltrans8.ltrans.o
                0x0000000004003370                prIntHandler.156391
                0x0000000004003374                psTimerServerList
 .bss           0x000000000400337c       0x38 C:\Users\okaya\AppData\Local\Temp\ccpXaM5j.ltrans9.ltrans.o
 *fill*         0x00000000040033b4        0x4 00
 .bss           0x00000000040033b8       0x18 C:\Users\okaya\AppData\Local\Temp\ccpXaM5j.ltrans10.ltrans.o
                0x00000000040033b8                g_pfTimerExpiryCallback.133767
 .bss           0x00000000040033d0        0x1 C:\Users\okaya\AppData\Local\Temp\ccpXaM5j.ltrans11.ltrans.o
 *fill*         0x00000000040033d1        0x3 00
 .bss           0x00000000040033d4        0x8 C:\Users\okaya\AppData\Local\Temp\ccpXaM5j.ltrans12.ltrans.o
 .bss           0x00000000040033dc        0xc C:\Users\okaya\AppData\Local\Temp\ccpXaM5j.ltrans13.ltrans.o
                0x00000000040033dc                a16NwkPdmRecordSizes
 .bss           0x00000000040033e8       0x30 C:\Users\okaya\AppData\Local\Temp\ccpXaM5j.ltrans14.ltrans.o
                0x00000000040033e8                g_u8LegacyBeaconPayloadLen
                0x00000000040033e9                au8BeaconPayload.137863
                0x00000000040033f8                apvAplPdmRecordsAddress
                0x000000000400340c                au16AplPdmRecordsSize
 .bss           0x0000000004003418        0x1 C:\Users\okaya\AppData\Local\Temp\ccpXaM5j.ltrans15.ltrans.o
                0x0000000004003418                bResetScanTimer.155133
 *fill*         0x0000000004003419        0x3 00
 .bss           0x000000000400341c       0x48 C:\Users\okaya\AppData\Local\Temp\ccpXaM5j.ltrans16.ltrans.o
                0x000000000400341c                sScanAttemptTimer
                0x0000000004003438                bSecondScan.146488
                0x0000000004003439                au8ChanCnt
                0x0000000004003454                g_bMacEnhancedMode
                0x0000000004003458                zps_psNwk
                0x000000000400345c                sThisDeviceMacAddr
 .bss           0x0000000004003464        0x8 C:\Users\okaya\AppData\Local\Temp\ccpXaM5j.ltrans17.ltrans.o
                0x0000000004003464                sMiniMacIntStore.6849
 .bss           0x000000000400346c        0x1 C:\Users\okaya\AppData\Local\Temp\ccpXaM5j.ltrans18.ltrans.o
 *fill*         0x000000000400346d        0x3 00
 .bss           0x0000000004003470       0x14 C:\Users\okaya\AppData\Local\Temp\ccpXaM5j.ltrans19.ltrans.o
                0x0000000004003470                psFreeMsgListHead
                0x0000000004003474                pu8ApsSeq
 .bss           0x0000000004003484        0x1 C:\Users\okaya\AppData\Local\Temp\ccpXaM5j.ltrans20.ltrans.o
                0x0000000004003484                u8ScanBeaconsSeen.6906
 .bss           0x0000000004003485        0x1 C:\Users\okaya\AppData\Local\Temp\ccpXaM5j.ltrans21.ltrans.o
                0x0000000004003485                bDefaultServerIgnoreHandleMgmtUpdate
 *fill*         0x0000000004003486        0x2 00
 .bss           0x0000000004003488       0x38 C:\Users\okaya\AppData\Local\Temp\ccpXaM5j.ltrans22.ltrans.o
                0x0000000004003488                sRecoverDevice
                0x00000000040034b8                bZpsMyLastJoinWasRejoin.21992
 .bss           0x00000000040034c0       0x80 C:\Users\okaya\AppData\Local\Temp\ccpXaM5j.ltrans23.ltrans.o
                0x00000000040034c0                sMiniMacPhyPib
                0x00000000040034c4                pfnDataReqCallback
                0x00000000040034c8                aprTimerCallback
                0x00000000040034e8                au32TimerCounter
                0x0000000004003508                sMiniMacInternal
 .bss           0x0000000004003540       0x50 C:\Users\okaya\AppData\Local\Temp\ccpXaM5j.ltrans27.ltrans.o
                0x0000000004003540                g_bLastRejoinWasSecure
 .bss           0x0000000004003590      0x174 C:\Users\okaya\AppData\Local\Temp\ccpXaM5j.ltrans28.ltrans.o
 .bss           0x0000000004003704       0x42 C:\Users\okaya\AppData\Local\Temp\ccpXaM5j.ltrans30.ltrans.o
                0x0000000004003704                bCommandReady.5242
                0x0000000004003705                command.5240
                0x0000000004003745                cmd_index.5241
 *fill*         0x0000000004003746        0x2 00
 .bss           0x0000000004003748       0x2c C:\Users\okaya\AppData\Local\Temp\ccpXaM5j.ltrans31.ltrans.o
                0x0000000004003748                pwrm_CPUContext
                0x000000000400376c                s_psVsMcpsDcfmInd.31479
                0x0000000004003770                s_psMacDcfmInd.31478
 .bss.dontinitinboot
                0x0000000004003774       0x40 ../../../../sdk/JN-SW-4170/Components/Library\libBoot_JN516x.a(ExceptionHandler.o)
                0x0000000004003774                isr_handlers
 *(.bss.*)
 *(.scommon*)
 *(.scommon.*)
 *(COMMON)
                0x00000000040037b4                . = ALIGN (0x4)
                0x00000000040037b4                _bss_end = ABSOLUTE (.)

.heap           0x00000000040037b4      0x7d0 load address 0x00000000000a0168
                0x00000000040037b4                _heap_start = ABSOLUTE (.)
                0x0000000004003f84                . = (. + __minimum_heap_size)
 *fill*         0x00000000040037b4      0x7d0 00

.stack          0x0000000004006c78     0x1388 load address 0x00000000000a362c
                0x0000000004006c78                _heap_end = ABSOLUTE (.)
                0x0000000004006c78                _stack_low_water_mark = ABSOLUTE (.)
                0x0000000004008000                . = (. + __stack_size)
 *fill*         0x0000000004006c78     0x1388 00

.test           0x000000000009cf18        0x1
                0x000000000009cf18        0x1 BYTE 0xff
                0x000000000009ca00                _flash_data_start = LOADADDR (.data)
                0x0000000000000518                _ram_data_len = (((_ram_data_end - _ram_data_start) + 0x3) & 0xfffffffffffffffc)
                0x0000000000003250                _bss_len = (((_bss_end - _bss_start) + 0x3) & 0xfffffffffffffffc)
                0x000000000001cf18                _image_len = ((((_flash_end - _flash_start) + _ram_data_len) + 0x3) & 0xfffffffffffffffc)
                0x0000000004008000                _ram_top = (ABSOLUTE (ORIGIN (ram)) + 0x7fb4)
                0x0000000004008000                ram_top = (ABSOLUTE (ORIGIN (ram)) + 0x7fb4)
                0x0000000001001580                _app_ram_start = 0x1001580
                0x0000000004000508                PROVIDE (_heap_location, u32HeapStart)
                0x0000000004000508                PROVIDE (heap_location, u32HeapStart)
OUTPUT(AN1229_ZBP_Coordinator_JN5169.elf elf32-ba)

.comment        0x0000000000000000       0x11
 .comment       0x0000000000000000       0x11 C:\Users\okaya\AppData\Local\Temp\ccpXaM5j.ltrans0.ltrans.o
                                         0x12 (size before relaxing)
 .comment       0x0000000000000000       0x12 C:\Users\okaya\AppData\Local\Temp\ccpXaM5j.ltrans1.ltrans.o
 .comment       0x0000000000000000       0x12 C:\Users\okaya\AppData\Local\Temp\ccpXaM5j.ltrans2.ltrans.o
 .comment       0x0000000000000000       0x12 C:\Users\okaya\AppData\Local\Temp\ccpXaM5j.ltrans3.ltrans.o
 .comment       0x0000000000000000       0x12 C:\Users\okaya\AppData\Local\Temp\ccpXaM5j.ltrans4.ltrans.o
 .comment       0x0000000000000000       0x12 C:\Users\okaya\AppData\Local\Temp\ccpXaM5j.ltrans5.ltrans.o
 .comment       0x0000000000000000       0x12 C:\Users\okaya\AppData\Local\Temp\ccpXaM5j.ltrans6.ltrans.o
 .comment       0x0000000000000000       0x12 C:\Users\okaya\AppData\Local\Temp\ccpXaM5j.ltrans7.ltrans.o
 .comment       0x0000000000000000       0x12 C:\Users\okaya\AppData\Local\Temp\ccpXaM5j.ltrans8.ltrans.o
 .comment       0x0000000000000000       0x12 C:\Users\okaya\AppData\Local\Temp\ccpXaM5j.ltrans9.ltrans.o
 .comment       0x0000000000000000       0x12 C:\Users\okaya\AppData\Local\Temp\ccpXaM5j.ltrans10.ltrans.o
 .comment       0x0000000000000000       0x12 C:\Users\okaya\AppData\Local\Temp\ccpXaM5j.ltrans11.ltrans.o
 .comment       0x0000000000000000       0x12 C:\Users\okaya\AppData\Local\Temp\ccpXaM5j.ltrans12.ltrans.o
 .comment       0x0000000000000000       0x12 C:\Users\okaya\AppData\Local\Temp\ccpXaM5j.ltrans13.ltrans.o
 .comment       0x0000000000000000       0x12 C:\Users\okaya\AppData\Local\Temp\ccpXaM5j.ltrans14.ltrans.o
 .comment       0x0000000000000000       0x12 C:\Users\okaya\AppData\Local\Temp\ccpXaM5j.ltrans15.ltrans.o
 .comment       0x0000000000000000       0x12 C:\Users\okaya\AppData\Local\Temp\ccpXaM5j.ltrans16.ltrans.o
 .comment       0x0000000000000000       0x12 C:\Users\okaya\AppData\Local\Temp\ccpXaM5j.ltrans17.ltrans.o
 .comment       0x0000000000000000       0x12 C:\Users\okaya\AppData\Local\Temp\ccpXaM5j.ltrans18.ltrans.o
 .comment       0x0000000000000000       0x12 C:\Users\okaya\AppData\Local\Temp\ccpXaM5j.ltrans19.ltrans.o
 .comment       0x0000000000000000       0x12 C:\Users\okaya\AppData\Local\Temp\ccpXaM5j.ltrans20.ltrans.o
 .comment       0x0000000000000000       0x12 C:\Users\okaya\AppData\Local\Temp\ccpXaM5j.ltrans21.ltrans.o
 .comment       0x0000000000000000       0x12 C:\Users\okaya\AppData\Local\Temp\ccpXaM5j.ltrans22.ltrans.o
 .comment       0x0000000000000000       0x12 C:\Users\okaya\AppData\Local\Temp\ccpXaM5j.ltrans23.ltrans.o
 .comment       0x0000000000000000       0x12 C:\Users\okaya\AppData\Local\Temp\ccpXaM5j.ltrans24.ltrans.o
 .comment       0x0000000000000000       0x12 C:\Users\okaya\AppData\Local\Temp\ccpXaM5j.ltrans25.ltrans.o
 .comment       0x0000000000000000       0x12 C:\Users\okaya\AppData\Local\Temp\ccpXaM5j.ltrans26.ltrans.o
 .comment       0x0000000000000000       0x12 C:\Users\okaya\AppData\Local\Temp\ccpXaM5j.ltrans27.ltrans.o
 .comment       0x0000000000000000       0x12 C:\Users\okaya\AppData\Local\Temp\ccpXaM5j.ltrans28.ltrans.o
 .comment       0x0000000000000000       0x12 C:\Users\okaya\AppData\Local\Temp\ccpXaM5j.ltrans29.ltrans.o
 .comment       0x0000000000000000       0x12 C:\Users\okaya\AppData\Local\Temp\ccpXaM5j.ltrans30.ltrans.o
 .comment       0x0000000000000000       0x12 C:\Users\okaya\AppData\Local\Temp\ccpXaM5j.ltrans31.ltrans.o
 .comment       0x0000000000000000       0x12 c:/nxp/bstudio_nxp/sdk/tools/ba-elf-ba2-r36379/bin/../lib/gcc/ba-elf/4.7.4/../../../../ba-elf/lib/mcpu_jn51xx_sizeopt\libc.a(lib_a-memcmp.o)
 .comment       0x0000000000000000       0x12 c:/nxp/bstudio_nxp/sdk/tools/ba-elf-ba2-r36379/bin/../lib/gcc/ba-elf/4.7.4/../../../../ba-elf/lib/mcpu_jn51xx_sizeopt\libc.a(lib_a-memcpy.o)
 .comment       0x0000000000000000       0x12 c:/nxp/bstudio_nxp/sdk/tools/ba-elf-ba2-r36379/bin/../lib/gcc/ba-elf/4.7.4/../../../../ba-elf/lib/mcpu_jn51xx_sizeopt\libc.a(lib_a-memset.o)
 .comment       0x0000000000000000       0x12 c:/nxp/bstudio_nxp/sdk/tools/ba-elf-ba2-r36379/bin/../lib/gcc/ba-elf/4.7.4/../../../../ba-elf/lib/mcpu_jn51xx_sizeopt\libc.a(lib_a-strcmp.o)
 .comment       0x0000000000000000       0x12 c:/nxp/bstudio_nxp/sdk/tools/ba-elf-ba2-r36379/bin/../lib/gcc/ba-elf/4.7.4/mcpu_jn51xx_sizeopt\libgcc.a(_udivdi3.o)

.debug_info     0x0000000000000000      0xcad
 .debug_info    0x0000000000000000       0xf3 c:/nxp/bstudio_nxp/sdk/tools/ba-elf-ba2-r36379/bin/../lib/gcc/ba-elf/4.7.4/../../../../ba-elf/lib/mcpu_jn51xx_sizeopt\libc.a(lib_a-memcmp.o)
 .debug_info    0x00000000000000f3      0x106 c:/nxp/bstudio_nxp/sdk/tools/ba-elf-ba2-r36379/bin/../lib/gcc/ba-elf/4.7.4/../../../../ba-elf/lib/mcpu_jn51xx_sizeopt\libc.a(lib_a-memcpy.o)
 .debug_info    0x00000000000001f9       0xd7 c:/nxp/bstudio_nxp/sdk/tools/ba-elf-ba2-r36379/bin/../lib/gcc/ba-elf/4.7.4/../../../../ba-elf/lib/mcpu_jn51xx_sizeopt\libc.a(lib_a-memset.o)
 .debug_info    0x00000000000002d0       0xbb c:/nxp/bstudio_nxp/sdk/tools/ba-elf-ba2-r36379/bin/../lib/gcc/ba-elf/4.7.4/../../../../ba-elf/lib/mcpu_jn51xx_sizeopt\libc.a(lib_a-strcmp.o)
 .debug_info    0x000000000000038b       0xb4 c:/nxp/bstudio_nxp/sdk/tools/ba-elf-ba2-r36379/bin/../lib/gcc/ba-elf/4.7.4/mcpu_jn51xx_sizeopt\libgcc.a(__udivsi3.o)
 .debug_info    0x000000000000043f       0xb4 c:/nxp/bstudio_nxp/sdk/tools/ba-elf-ba2-r36379/bin/../lib/gcc/ba-elf/4.7.4/mcpu_jn51xx_sizeopt\libgcc.a(__umodsi3.o)
 .debug_info    0x00000000000004f3       0xb4 c:/nxp/bstudio_nxp/sdk/tools/ba-elf-ba2-r36379/bin/../lib/gcc/ba-elf/4.7.4/mcpu_jn51xx_sizeopt\libgcc.a(__modsi3.o)
 .debug_info    0x00000000000005a7      0x648 c:/nxp/bstudio_nxp/sdk/tools/ba-elf-ba2-r36379/bin/../lib/gcc/ba-elf/4.7.4/mcpu_jn51xx_sizeopt\libgcc.a(_udivdi3.o)
 .debug_info    0x0000000000000bef       0xbe ../../../../sdk/JN-SW-4170/Components/Library\libBoot_JN516x.a(ExceptionHandler.o)

.debug_abbrev   0x0000000000000000      0x3d0
 .debug_abbrev  0x0000000000000000       0x8e c:/nxp/bstudio_nxp/sdk/tools/ba-elf-ba2-r36379/bin/../lib/gcc/ba-elf/4.7.4/../../../../ba-elf/lib/mcpu_jn51xx_sizeopt\libc.a(lib_a-memcmp.o)
 .debug_abbrev  0x000000000000008e       0xa4 c:/nxp/bstudio_nxp/sdk/tools/ba-elf-ba2-r36379/bin/../lib/gcc/ba-elf/4.7.4/../../../../ba-elf/lib/mcpu_jn51xx_sizeopt\libc.a(lib_a-memcpy.o)
 .debug_abbrev  0x0000000000000132       0x8e c:/nxp/bstudio_nxp/sdk/tools/ba-elf-ba2-r36379/bin/../lib/gcc/ba-elf/4.7.4/../../../../ba-elf/lib/mcpu_jn51xx_sizeopt\libc.a(lib_a-memset.o)
 .debug_abbrev  0x00000000000001c0       0x63 c:/nxp/bstudio_nxp/sdk/tools/ba-elf-ba2-r36379/bin/../lib/gcc/ba-elf/4.7.4/../../../../ba-elf/lib/mcpu_jn51xx_sizeopt\libc.a(lib_a-strcmp.o)
 .debug_abbrev  0x0000000000000223       0x14 c:/nxp/bstudio_nxp/sdk/tools/ba-elf-ba2-r36379/bin/../lib/gcc/ba-elf/4.7.4/mcpu_jn51xx_sizeopt\libgcc.a(__udivsi3.o)
 .debug_abbrev  0x0000000000000237       0x14 c:/nxp/bstudio_nxp/sdk/tools/ba-elf-ba2-r36379/bin/../lib/gcc/ba-elf/4.7.4/mcpu_jn51xx_sizeopt\libgcc.a(__umodsi3.o)
 .debug_abbrev  0x000000000000024b       0x14 c:/nxp/bstudio_nxp/sdk/tools/ba-elf-ba2-r36379/bin/../lib/gcc/ba-elf/4.7.4/mcpu_jn51xx_sizeopt\libgcc.a(__modsi3.o)
 .debug_abbrev  0x000000000000025f      0x15d c:/nxp/bstudio_nxp/sdk/tools/ba-elf-ba2-r36379/bin/../lib/gcc/ba-elf/4.7.4/mcpu_jn51xx_sizeopt\libgcc.a(_udivdi3.o)
 .debug_abbrev  0x00000000000003bc       0x14 ../../../../sdk/JN-SW-4170/Components/Library\libBoot_JN516x.a(ExceptionHandler.o)

.debug_loc      0x0000000000000000      0xba2
 .debug_loc     0x0000000000000000       0x73 c:/nxp/bstudio_nxp/sdk/tools/ba-elf-ba2-r36379/bin/../lib/gcc/ba-elf/4.7.4/../../../../ba-elf/lib/mcpu_jn51xx_sizeopt\libc.a(lib_a-memcmp.o)
 .debug_loc     0x0000000000000073       0x39 c:/nxp/bstudio_nxp/sdk/tools/ba-elf-ba2-r36379/bin/../lib/gcc/ba-elf/4.7.4/../../../../ba-elf/lib/mcpu_jn51xx_sizeopt\libc.a(lib_a-memcpy.o)
 .debug_loc     0x00000000000000ac       0x3f c:/nxp/bstudio_nxp/sdk/tools/ba-elf-ba2-r36379/bin/../lib/gcc/ba-elf/4.7.4/../../../../ba-elf/lib/mcpu_jn51xx_sizeopt\libc.a(lib_a-memset.o)
 .debug_loc     0x00000000000000eb       0x3c c:/nxp/bstudio_nxp/sdk/tools/ba-elf-ba2-r36379/bin/../lib/gcc/ba-elf/4.7.4/../../../../ba-elf/lib/mcpu_jn51xx_sizeopt\libc.a(lib_a-strcmp.o)
 .debug_loc     0x0000000000000127      0xa7b c:/nxp/bstudio_nxp/sdk/tools/ba-elf-ba2-r36379/bin/../lib/gcc/ba-elf/4.7.4/mcpu_jn51xx_sizeopt\libgcc.a(_udivdi3.o)

.debug_aranges  0x0000000000000000      0x120
 .debug_aranges
                0x0000000000000000       0x20 c:/nxp/bstudio_nxp/sdk/tools/ba-elf-ba2-r36379/bin/../lib/gcc/ba-elf/4.7.4/../../../../ba-elf/lib/mcpu_jn51xx_sizeopt\libc.a(lib_a-memcmp.o)
 .debug_aranges
                0x0000000000000020       0x20 c:/nxp/bstudio_nxp/sdk/tools/ba-elf-ba2-r36379/bin/../lib/gcc/ba-elf/4.7.4/../../../../ba-elf/lib/mcpu_jn51xx_sizeopt\libc.a(lib_a-memcpy.o)
 .debug_aranges
                0x0000000000000040       0x20 c:/nxp/bstudio_nxp/sdk/tools/ba-elf-ba2-r36379/bin/../lib/gcc/ba-elf/4.7.4/../../../../ba-elf/lib/mcpu_jn51xx_sizeopt\libc.a(lib_a-memset.o)
 .debug_aranges
                0x0000000000000060       0x20 c:/nxp/bstudio_nxp/sdk/tools/ba-elf-ba2-r36379/bin/../lib/gcc/ba-elf/4.7.4/../../../../ba-elf/lib/mcpu_jn51xx_sizeopt\libc.a(lib_a-strcmp.o)
 .debug_aranges
                0x0000000000000080       0x20 c:/nxp/bstudio_nxp/sdk/tools/ba-elf-ba2-r36379/bin/../lib/gcc/ba-elf/4.7.4/mcpu_jn51xx_sizeopt\libgcc.a(__udivsi3.o)
 .debug_aranges
                0x00000000000000a0       0x20 c:/nxp/bstudio_nxp/sdk/tools/ba-elf-ba2-r36379/bin/../lib/gcc/ba-elf/4.7.4/mcpu_jn51xx_sizeopt\libgcc.a(__umodsi3.o)
 .debug_aranges
                0x00000000000000c0       0x20 c:/nxp/bstudio_nxp/sdk/tools/ba-elf-ba2-r36379/bin/../lib/gcc/ba-elf/4.7.4/mcpu_jn51xx_sizeopt\libgcc.a(__modsi3.o)
 .debug_aranges
                0x00000000000000e0       0x20 c:/nxp/bstudio_nxp/sdk/tools/ba-elf-ba2-r36379/bin/../lib/gcc/ba-elf/4.7.4/mcpu_jn51xx_sizeopt\libgcc.a(_udivdi3.o)
 .debug_aranges
                0x0000000000000100       0x20 ../../../../sdk/JN-SW-4170/Components/Library\libBoot_JN516x.a(ExceptionHandler.o)

.debug_line     0x0000000000000000     0x110d
 .debug_line    0x0000000000000000      0x154 c:/nxp/bstudio_nxp/sdk/tools/ba-elf-ba2-r36379/bin/../lib/gcc/ba-elf/4.7.4/../../../../ba-elf/lib/mcpu_jn51xx_sizeopt\libc.a(lib_a-memcmp.o)
 .debug_line    0x0000000000000154      0x148 c:/nxp/bstudio_nxp/sdk/tools/ba-elf-ba2-r36379/bin/../lib/gcc/ba-elf/4.7.4/../../../../ba-elf/lib/mcpu_jn51xx_sizeopt\libc.a(lib_a-memcpy.o)
 .debug_line    0x000000000000029c      0x13e c:/nxp/bstudio_nxp/sdk/tools/ba-elf-ba2-r36379/bin/../lib/gcc/ba-elf/4.7.4/../../../../ba-elf/lib/mcpu_jn51xx_sizeopt\libc.a(lib_a-memset.o)
 .debug_line    0x00000000000003da       0xf6 c:/nxp/bstudio_nxp/sdk/tools/ba-elf-ba2-r36379/bin/../lib/gcc/ba-elf/4.7.4/../../../../ba-elf/lib/mcpu_jn51xx_sizeopt\libc.a(lib_a-strcmp.o)
 .debug_line    0x00000000000004d0      0x47b c:/nxp/bstudio_nxp/sdk/tools/ba-elf-ba2-r36379/bin/../lib/gcc/ba-elf/4.7.4/mcpu_jn51xx_sizeopt\libgcc.a(__udivsi3.o)
 .debug_line    0x000000000000094b      0x3c7 c:/nxp/bstudio_nxp/sdk/tools/ba-elf-ba2-r36379/bin/../lib/gcc/ba-elf/4.7.4/mcpu_jn51xx_sizeopt\libgcc.a(__umodsi3.o)
 .debug_line    0x0000000000000d12       0xa3 c:/nxp/bstudio_nxp/sdk/tools/ba-elf-ba2-r36379/bin/../lib/gcc/ba-elf/4.7.4/mcpu_jn51xx_sizeopt\libgcc.a(__modsi3.o)
 .debug_line    0x0000000000000db5      0x1b7 c:/nxp/bstudio_nxp/sdk/tools/ba-elf-ba2-r36379/bin/../lib/gcc/ba-elf/4.7.4/mcpu_jn51xx_sizeopt\libgcc.a(_udivdi3.o)
 .debug_line    0x0000000000000f6c      0x1a1 ../../../../sdk/JN-SW-4170/Components/Library\libBoot_JN516x.a(ExceptionHandler.o)

.debug_str      0x0000000000000000      0x331
 .debug_str     0x0000000000000000      0x119 c:/nxp/bstudio_nxp/sdk/tools/ba-elf-ba2-r36379/bin/../lib/gcc/ba-elf/4.7.4/../../../../ba-elf/lib/mcpu_jn51xx_sizeopt\libc.a(lib_a-memcmp.o)
                                        0x152 (size before relaxing)
 .debug_str     0x0000000000000119       0x5d c:/nxp/bstudio_nxp/sdk/tools/ba-elf-ba2-r36379/bin/../lib/gcc/ba-elf/4.7.4/../../../../ba-elf/lib/mcpu_jn51xx_sizeopt\libc.a(lib_a-memcpy.o)
                                        0x166 (size before relaxing)
 .debug_str     0x0000000000000176       0x49 c:/nxp/bstudio_nxp/sdk/tools/ba-elf-ba2-r36379/bin/../lib/gcc/ba-elf/4.7.4/../../../../ba-elf/lib/mcpu_jn51xx_sizeopt\libc.a(lib_a-memset.o)
                                        0x152 (size before relaxing)
 .debug_str     0x00000000000001bf       0x49 c:/nxp/bstudio_nxp/sdk/tools/ba-elf-ba2-r36379/bin/../lib/gcc/ba-elf/4.7.4/../../../../ba-elf/lib/mcpu_jn51xx_sizeopt\libc.a(lib_a-strcmp.o)
                                        0x14b (size before relaxing)
 .debug_str     0x0000000000000208      0x129 c:/nxp/bstudio_nxp/sdk/tools/ba-elf-ba2-r36379/bin/../lib/gcc/ba-elf/4.7.4/mcpu_jn51xx_sizeopt\libgcc.a(_udivdi3.o)
                                        0x1d4 (size before relaxing)

.debug_frame    0x0000000000000000       0x80
 .debug_frame   0x0000000000000000       0x20 c:/nxp/bstudio_nxp/sdk/tools/ba-elf-ba2-r36379/bin/../lib/gcc/ba-elf/4.7.4/../../../../ba-elf/lib/mcpu_jn51xx_sizeopt\libc.a(lib_a-memcmp.o)
 .debug_frame   0x0000000000000020       0x20 c:/nxp/bstudio_nxp/sdk/tools/ba-elf-ba2-r36379/bin/../lib/gcc/ba-elf/4.7.4/../../../../ba-elf/lib/mcpu_jn51xx_sizeopt\libc.a(lib_a-memcpy.o)
 .debug_frame   0x0000000000000040       0x20 c:/nxp/bstudio_nxp/sdk/tools/ba-elf-ba2-r36379/bin/../lib/gcc/ba-elf/4.7.4/../../../../ba-elf/lib/mcpu_jn51xx_sizeopt\libc.a(lib_a-memset.o)
 .debug_frame   0x0000000000000060       0x20 c:/nxp/bstudio_nxp/sdk/tools/ba-elf-ba2-r36379/bin/../lib/gcc/ba-elf/4.7.4/../../../../ba-elf/lib/mcpu_jn51xx_sizeopt\libc.a(lib_a-strcmp.o)

.debug_ranges   0x0000000000000000       0xa0
 .debug_ranges  0x0000000000000000       0xa0 c:/nxp/bstudio_nxp/sdk/tools/ba-elf-ba2-r36379/bin/../lib/gcc/ba-elf/4.7.4/mcpu_jn51xx_sizeopt\libgcc.a(_udivdi3.o)
