17:40:37 **** Incremental Build of configuration Coordinator for project JN-AN-1229-ZPS-Application-Template ****
make TRACE=1 JENNIC_CHIP=JN5169 JENNIC_CHIP_FAMILY=JN516x all 
Building trace version ...
Building numbered PDM IDs version ...
JENNIC_MAC is Mini MAC shim 
JENNIC_MAC_PLATFORM is SOC
Building trace version ...
Compiling ../../AN1229_ZBP_Coordinator/Source/app_coordinator.c ...
/c/NXP/bstudio_nxp/sdk/Tools/ba-elf-ba2-r36379/bin/ba-elf-gcc -c -o app_coordinator.o -DDBG_ENABLE -DDEBUG_APP=1 -DDEBUG_PDM=1 -DDEBUG_EXCEPTION=1 -DPDM_USER_SUPPLIED_ID -DJN516x=5160 -DJN5169=5169 -DJENNIC_CHIP_NAME=_JN5169 -DJENNIC_CHIP_FAMILY_NAME=_JN516x -march=ba2 -mcpu=jn51xx -mredzone-size=4 -mbranch-cost=3 -fomit-frame-pointer -Os -fshort-enums -Wall  -Wpacked -Wcast-align -fdata-sections -ffunction-sections -flto  -DWATCHDOG_ENABLED -DJENNIC_HW_BBC_RXINCCA=1 -DJENNIC_HW_BBC_DMA=1 -DJENNIC_HW_BBC_ISA=0 -DJENNIC_SW_EXTERNAL_FLASH=0 -DJN516X_DMA_UART_BACKWARDS_COMPATIBLE_API=1 -DUART_BACKWARDS_COMPATIBLE_API=1 -DRXPOWERADJUST_SUPPORT -DJENNIC_CHIP=JN5169 -DJENNIC_CHIP_JN5169 -DJENNIC_CHIP_FAMILY=JN516x -DJENNIC_CHIP_FAMILY_JN516x -DJENNIC_STACK_ZBPro -DJENNIC_MAC_MiniMacShim -Wall -Wunreachable-code -DEMBEDDED -I../../../../sdk/JN-SW-4170/Platform/Common/Include -DJENNIC_PCB=DEVKIT4 -DJENNIC_PCB_DEVKIT4 -I../../../../sdk/JN-SW-4170/Platform/DK4/Include -I../../../../sdk/JN-SW-4170/Components/Common/Include -DPDM_USER_SUPPLIED_ID -DPDM_NO_RTOS -DPDM_EEPROM -DDBG_ENABLE -I../../AN1229_ZBP_Coordinator/Source -I../../AN1229_ZBP_Coordinator/Source/.. -I../../Common/Source -I../../../../sdk/JN-SW-4170/Components/ZigbeeCommon/Include -I../../../../sdk/JN-SW-4170/Components/AppApi/Include -I../../../../sdk/JN-SW-4170/Components/MAC/Include -I../../../../sdk/JN-SW-4170/Components/MiniMac/Include -I../../../../sdk/JN-SW-4170/Components/MMAC/Include -I../../../../sdk/JN-SW-4170/Components/HardwareAPI/Include -I../../../../sdk/JN-SW-4170/Components/Aes/Include -I../../../../sdk/JN-SW-4170/Components/DBG/Include -I../../../../sdk/JN-SW-4170/Components/Mac/Include -I../../../../sdk/JN-SW-4170/Components/MicroSpecific/Include -I../../../../sdk/JN-SW-4170/Components/MiniMAC/Include -I../../../../sdk/JN-SW-4170/Components/MMAC/Include -I../../../../sdk/JN-SW-4170/Components/TimerServer/Include -I../../../../sdk/JN-SW-4170/Components/Random/Include -I../../../../sdk/JN-SW-4170/Components/ZigbeeCommon/Include -I../../../../sdk/JN-SW-4170/Components/JPT/Include -I../../../../sdk/JN-SW-4170/Components/ZPSMAC_Mini_SOC/Include -I../../../../sdk/JN-SW-4170/Components/PWRM/Include -I../../../../sdk/JN-SW-4170/Components/ZPSTSV/Include -I../../../../sdk/JN-SW-4170/Components/AES_SW/Include -I../../../../sdk/JN-SW-4170/Components/PDUM/Include -I../../../../sdk/JN-SW-4170/Components/ZPSAPL/Include -I../../../../sdk/JN-SW-4170/Components/Random/Include -I../../../../sdk/JN-SW-4170/Components/PDM_EEPROM_NO_RTOS/Include -I../../../../sdk/JN-SW-4170/Components/DBG/Include -I../../../../sdk/JN-SW-4170/Components/ZPSNWK/Include -I../../../../sdk/JN-SW-4170/Components/PDM/Include -I../../../../sdk/JN-SW-4170/Components/ZPSMAC/Include -I../../../../sdk/JN-SW-4170/Components/ZPSNWK/Include -I../../../../sdk/JN-SW-4170/Components/ZigbeeCommon/Include ../../AN1229_ZBP_Coordinator/Source/app_coordinator.c -MMD -MF app_coordinator.d -MP
../../AN1229_ZBP_Coordinator/Source/app_coordinator.c: In function 'SendData':
../../AN1229_ZBP_Coordinator/Source/app_coordinator.c:363:5: warning: large integer implicitly truncated to unsigned type [-Woverflow]
In file included from ../../AN1229_ZBP_Coordinator/Source/app_coordinator.c:45:0:
../../AN1229_ZBP_Coordinator/Source/app_coordinator.c: At top level:
../../AN1229_ZBP_Coordinator/Source/app_coordinator.h:53:13: warning: 'hexToDecimal' declared 'static' but never defined [-Wunused-function]
In file included from ../../AN1229_ZBP_Coordinator/Source/app_coordinator.c:56:0:
../../Common/Source/Time.h:19:14: warning: 'vTimer0Callback' declared 'static' but never defined [-Wunused-function]

Linking AN1229_ZBP_Coordinator_JN5169.elf ...
/c/NXP/bstudio_nxp/sdk/Tools/ba-elf-ba2-r36379/bin/ba-elf-gcc -march=ba2 -mcpu=jn51xx -mredzone-size=4 -mbranch-cost=3 -fomit-frame-pointer -Os -fshort-enums -flto  -nostartfiles -L../../../../sdk/JN-SW-4170/Chip/JN5169/Build -L../../../../sdk/JN-SW-4170/Chip/JN5169/Library -L../../../../sdk/JN-SW-4170/Platform/DK4/Library -L../../../../sdk/JN-SW-4170/Components/Library -Wl,--gc-sections -Wl,--defsym=__stack_size=5000 -Wl,--defsym,__minimum_heap_size=2000 -TAppBuildZBPro.ld -o AN1229_ZBP_Coordinator_JN5169.elf -Wl,--start-group irq_JN516x.o portasm_JN516x.o port_JN516x.o pdum_gen.o pdum_apdu.o zps_gen.o app_start.o app_coordinator.o app_endpoint.o appZdpExtraction.o appZpsBeaconHandler.o app_pdm.o Utils.o ZQueue.o ZTimer.o app_zps_link_keys.o -lJPT_JN5169 -lZPSMAC_Mini_SOC_JN516x -lPWRM_JN516x -lZPSTSV_JN516x -lAES_SW_JN516x -lPDUM_JN516x -lZPSAPL_JN516x -lRandom_JN516x -lPDM_EEPROM_NO_RTOS_JN516x -lDBG_JN516x -lZPSNWK_JN516x -lMiniMac_JN5169 -lMiniMacShim_JN516x -lMMAC_JN5169 -lJPT_JN5169 -lAes_JN516x -lHardwareApi_JN5169 -lMicroSpecific_JN516x -lBoot_JN516x -lBoardLib_JN516x -Wl,--end-group -Wl,-Map,AN1229_ZBP_Coordinator_JN5169.map 	 	 
/c/NXP/bstudio_nxp/sdk/Tools/ba-elf-ba2-r36379/bin/ba-elf-size AN1229_ZBP_Coordinator_JN5169.elf 
   text	   data	    bss	    dec	    hex	filename
 115725	   1360	  19213	 136298	  2146a	AN1229_ZBP_Coordinator_JN5169.elf
Generating binary ...
/c/NXP/bstudio_nxp/sdk/Tools/ba-elf-ba2-r36379/bin/ba-elf-objcopy -S -O binary AN1229_ZBP_Coordinator_JN5169.elf AN1229_ZBP_Coordinator_JN5169.bin

17:40:50 Build Finished (took 12s.631ms)

